ERROR - 2025-04-17 01:09:23 --> mysqli_sql_exception: Duplicate entry 'rayhan@gmail.com' for key 'PRIMARY' in C:\xampp\htdocs\ci4curhatkuy-min\vendor\codeigniter4\framework\system\Database\MySQLi\Connection.php:306
Stack trace:
#0 C:\xampp\htdocs\ci4curhatkuy-min\vendor\codeigniter4\framework\system\Database\MySQLi\Connection.php(306): mysqli->query('INSERT INTO `us...', 0)
#1 C:\xampp\htdocs\ci4curhatkuy-min\vendor\codeigniter4\framework\system\Database\BaseConnection.php(693): CodeIgniter\Database\MySQLi\Connection->execute('INSERT INTO `us...')
#2 C:\xampp\htdocs\ci4curhatkuy-min\vendor\codeigniter4\framework\system\Database\BaseConnection.php(607): CodeIgniter\Database\BaseConnection->simpleQuery('INSERT INTO `us...')
#3 C:\xampp\htdocs\ci4curhatkuy-min\vendor\codeigniter4\framework\system\Database\BaseBuilder.php(2307): CodeIgniter\Database\BaseConnection->query('INSERT INTO `us...', Array, false)
#4 C:\xampp\htdocs\ci4curhatkuy-min\vendor\codeigniter4\framework\system\Model.php(327): CodeIgniter\Database\BaseBuilder->insert()
#5 C:\xampp\htdocs\ci4curhatkuy-min\vendor\codeigniter4\framework\system\BaseModel.php(805): CodeIgniter\Model->doInsert(Array)
#6 C:\xampp\htdocs\ci4curhatkuy-min\vendor\codeigniter4\framework\system\Model.php(749): CodeIgniter\BaseModel->insert(Array, false)
#7 C:\xampp\htdocs\ci4curhatkuy-min\vendor\codeigniter4\framework\system\BaseModel.php(716): CodeIgniter\Model->insert(Array, false)
#8 C:\xampp\htdocs\ci4curhatkuy-min\app\Controllers\Register.php(41): CodeIgniter\BaseModel->save(Array)
#9 C:\xampp\htdocs\ci4curhatkuy-min\vendor\codeigniter4\framework\system\CodeIgniter.php(943): App\Controllers\Register->save()
#10 C:\xampp\htdocs\ci4curhatkuy-min\vendor\codeigniter4\framework\system\CodeIgniter.php(503): CodeIgniter\CodeIgniter->runController(Object(App\Controllers\Register))
#11 C:\xampp\htdocs\ci4curhatkuy-min\vendor\codeigniter4\framework\system\CodeIgniter.php(361): CodeIgniter\CodeIgniter->handleRequest(NULL, Object(Config\Cache), false)
#12 C:\xampp\htdocs\ci4curhatkuy-min\public\index.php(79): CodeIgniter\CodeIgniter->run()
#13 {main}
CRITICAL - 2025-04-17 01:09:23 --> CodeIgniter\Database\Exceptions\DatabaseException: Duplicate entry 'rayhan@gmail.com' for key 'PRIMARY'
in SYSTEMPATH\Database\BaseConnection.php on line 647.
 1 SYSTEMPATH\Database\BaseBuilder.php(2307): CodeIgniter\Database\BaseConnection->query('INSERT INTO `user` (`nama_lengkap`, `email`, `password`, `j_kelamin`, `alamat`, `tgl_lahir`, `tlp`) VALUES (:nama_lengkap:, :email:, :password:, :j_kelamin:, :alamat:, :tgl_lahir:, :tlp:)', [...], false)
 2 SYSTEMPATH\Model.php(327): CodeIgniter\Database\BaseBuilder->insert()
 3 SYSTEMPATH\BaseModel.php(805): CodeIgniter\Model->doInsert([...])
 4 SYSTEMPATH\Model.php(749): CodeIgniter\BaseModel->insert([...], false)
 5 SYSTEMPATH\BaseModel.php(716): CodeIgniter\Model->insert([...], false)
 6 APPPATH\Controllers\Register.php(41): CodeIgniter\BaseModel->save([...])
 7 SYSTEMPATH\CodeIgniter.php(943): App\Controllers\Register->save()
 8 SYSTEMPATH\CodeIgniter.php(503): CodeIgniter\CodeIgniter->runController(Object(App\Controllers\Register))
 9 SYSTEMPATH\CodeIgniter.php(361): CodeIgniter\CodeIgniter->handleRequest(null, Object(Config\Cache), false)
10 FCPATH\index.php(79): CodeIgniter\CodeIgniter->run()
CRITICAL - 2025-04-17 01:09:23 --> [Caused by] CodeIgniter\Database\Exceptions\DatabaseException: Duplicate entry 'rayhan@gmail.com' for key 'PRIMARY'
in SYSTEMPATH\Database\MySQLi\Connection.php on line 311.
 1 SYSTEMPATH\Database\BaseConnection.php(693): CodeIgniter\Database\MySQLi\Connection->execute('INSERT INTO `user` (`nama_lengkap`, `email`, `password`, `j_kelamin`, `alamat`, `tgl_lahir`, `tlp`) VALUES (\'Rayhan\', \'rayhan@gmail.com\', \'12345678\', \'laki-laki\', \'Cipondoh\', \'2004-11-06\', \'081212345678\')')
 2 SYSTEMPATH\Database\BaseConnection.php(607): CodeIgniter\Database\BaseConnection->simpleQuery('INSERT INTO `user` (`nama_lengkap`, `email`, `password`, `j_kelamin`, `alamat`, `tgl_lahir`, `tlp`) VALUES (\'Rayhan\', \'rayhan@gmail.com\', \'12345678\', \'laki-laki\', \'Cipondoh\', \'2004-11-06\', \'081212345678\')')
 3 SYSTEMPATH\Database\BaseBuilder.php(2307): CodeIgniter\Database\BaseConnection->query('INSERT INTO `user` (`nama_lengkap`, `email`, `password`, `j_kelamin`, `alamat`, `tgl_lahir`, `tlp`) VALUES (:nama_lengkap:, :email:, :password:, :j_kelamin:, :alamat:, :tgl_lahir:, :tlp:)', [...], false)
 4 SYSTEMPATH\Model.php(327): CodeIgniter\Database\BaseBuilder->insert()
 5 SYSTEMPATH\BaseModel.php(805): CodeIgniter\Model->doInsert([...])
 6 SYSTEMPATH\Model.php(749): CodeIgniter\BaseModel->insert([...], false)
 7 SYSTEMPATH\BaseModel.php(716): CodeIgniter\Model->insert([...], false)
 8 APPPATH\Controllers\Register.php(41): CodeIgniter\BaseModel->save([...])
 9 SYSTEMPATH\CodeIgniter.php(943): App\Controllers\Register->save()
10 SYSTEMPATH\CodeIgniter.php(503): CodeIgniter\CodeIgniter->runController(Object(App\Controllers\Register))
11 SYSTEMPATH\CodeIgniter.php(361): CodeIgniter\CodeIgniter->handleRequest(null, Object(Config\Cache), false)
12 FCPATH\index.php(79): CodeIgniter\CodeIgniter->run()
CRITICAL - 2025-04-17 01:09:23 --> [Caused by] mysqli_sql_exception: Duplicate entry 'rayhan@gmail.com' for key 'PRIMARY'
in SYSTEMPATH\Database\MySQLi\Connection.php on line 306.
 1 SYSTEMPATH\Database\MySQLi\Connection.php(306): mysqli->query('INSERT INTO `user` (`nama_lengkap`, `email`, `password`, `j_kelamin`, `alamat`, `tgl_lahir`, `tlp`) VALUES (\'Rayhan\', \'rayhan@gmail.com\', \'12345678\', \'laki-laki\', \'Cipondoh\', \'2004-11-06\', \'081212345678\')', 0)
 2 SYSTEMPATH\Database\BaseConnection.php(693): CodeIgniter\Database\MySQLi\Connection->execute('INSERT INTO `user` (`nama_lengkap`, `email`, `password`, `j_kelamin`, `alamat`, `tgl_lahir`, `tlp`) VALUES (\'Rayhan\', \'rayhan@gmail.com\', \'12345678\', \'laki-laki\', \'Cipondoh\', \'2004-11-06\', \'081212345678\')')
 3 SYSTEMPATH\Database\BaseConnection.php(607): CodeIgniter\Database\BaseConnection->simpleQuery('INSERT INTO `user` (`nama_lengkap`, `email`, `password`, `j_kelamin`, `alamat`, `tgl_lahir`, `tlp`) VALUES (\'Rayhan\', \'rayhan@gmail.com\', \'12345678\', \'laki-laki\', \'Cipondoh\', \'2004-11-06\', \'081212345678\')')
 4 SYSTEMPATH\Database\BaseBuilder.php(2307): CodeIgniter\Database\BaseConnection->query('INSERT INTO `user` (`nama_lengkap`, `email`, `password`, `j_kelamin`, `alamat`, `tgl_lahir`, `tlp`) VALUES (:nama_lengkap:, :email:, :password:, :j_kelamin:, :alamat:, :tgl_lahir:, :tlp:)', [...], false)
 5 SYSTEMPATH\Model.php(327): CodeIgniter\Database\BaseBuilder->insert()
 6 SYSTEMPATH\BaseModel.php(805): CodeIgniter\Model->doInsert([...])
 7 SYSTEMPATH\Model.php(749): CodeIgniter\BaseModel->insert([...], false)
 8 SYSTEMPATH\BaseModel.php(716): CodeIgniter\Model->insert([...], false)
 9 APPPATH\Controllers\Register.php(41): CodeIgniter\BaseModel->save([...])
10 SYSTEMPATH\CodeIgniter.php(943): App\Controllers\Register->save()
11 SYSTEMPATH\CodeIgniter.php(503): CodeIgniter\CodeIgniter->runController(Object(App\Controllers\Register))
12 SYSTEMPATH\CodeIgniter.php(361): CodeIgniter\CodeIgniter->handleRequest(null, Object(Config\Cache), false)
13 FCPATH\index.php(79): CodeIgniter\CodeIgniter->run()
