CRITICAL - 2024-07-09 08:32:15 --> ErrorException: Undefined array key "nama_lengkap"
in APPPATH\Views\pages\homeAdmin.php on line 96.
 1 APPPATH\Views\pages\homeAdmin.php(96): CodeIgniter\Debug\Exceptions->errorHandler(2, 'Undefined array key "nama_lengkap"', 'C:\\xampp\\htdocs\\ci4curhatkuy-min\\app\\Views\\pages\\homeAdmin.php', 96)
 2 SYSTEMPATH\View\View.php(228): include('C:\\xampp\\htdocs\\ci4curhatkuy-min\\app\\Views\\pages\\homeAdmin.php')
 3 SYSTEMPATH\View\View.php(231): CodeIgniter\View\View->CodeIgniter\View\{closure}()
 4 SYSTEMPATH\Common.php(1178): CodeIgniter\View\View->render('pages/homeAdmin', [], true)
 5 APPPATH\Controllers\Admin.php(13): view('pages/homeAdmin', [...])
 6 SYSTEMPATH\CodeIgniter.php(943): App\Controllers\Admin->index()
 7 SYSTEMPATH\CodeIgniter.php(503): CodeIgniter\CodeIgniter->runController(Object(App\Controllers\Admin))
 8 SYSTEMPATH\CodeIgniter.php(361): CodeIgniter\CodeIgniter->handleRequest(null, Object(Config\Cache), false)
 9 FCPATH\index.php(79): CodeIgniter\CodeIgniter->run()
CRITICAL - 2024-07-09 08:32:18 --> ErrorException: Undefined array key "nama_lengkap"
in APPPATH\Views\pages\homeAdmin.php on line 96.
 1 APPPATH\Views\pages\homeAdmin.php(96): CodeIgniter\Debug\Exceptions->errorHandler(2, 'Undefined array key "nama_lengkap"', 'C:\\xampp\\htdocs\\ci4curhatkuy-min\\app\\Views\\pages\\homeAdmin.php', 96)
 2 SYSTEMPATH\View\View.php(228): include('C:\\xampp\\htdocs\\ci4curhatkuy-min\\app\\Views\\pages\\homeAdmin.php')
 3 SYSTEMPATH\View\View.php(231): CodeIgniter\View\View->CodeIgniter\View\{closure}()
 4 SYSTEMPATH\Common.php(1178): CodeIgniter\View\View->render('pages/homeAdmin', [], true)
 5 APPPATH\Controllers\Admin.php(13): view('pages/homeAdmin', [...])
 6 SYSTEMPATH\CodeIgniter.php(943): App\Controllers\Admin->index()
 7 SYSTEMPATH\CodeIgniter.php(503): CodeIgniter\CodeIgniter->runController(Object(App\Controllers\Admin))
 8 SYSTEMPATH\CodeIgniter.php(361): CodeIgniter\CodeIgniter->handleRequest(null, Object(Config\Cache), false)
 9 FCPATH\index.php(79): CodeIgniter\CodeIgniter->run()
CRITICAL - 2024-07-09 08:32:47 --> ErrorException: Undefined array key "nama_lengkap"
in APPPATH\Views\pages\homeAdmin.php on line 96.
 1 APPPATH\Views\pages\homeAdmin.php(96): CodeIgniter\Debug\Exceptions->errorHandler(2, 'Undefined array key "nama_lengkap"', 'C:\\xampp\\htdocs\\ci4curhatkuy-min\\app\\Views\\pages\\homeAdmin.php', 96)
 2 SYSTEMPATH\View\View.php(228): include('C:\\xampp\\htdocs\\ci4curhatkuy-min\\app\\Views\\pages\\homeAdmin.php')
 3 SYSTEMPATH\View\View.php(231): CodeIgniter\View\View->CodeIgniter\View\{closure}()
 4 SYSTEMPATH\Common.php(1178): CodeIgniter\View\View->render('pages/homeAdmin', [], true)
 5 APPPATH\Controllers\Admin.php(13): view('pages/homeAdmin', [...])
 6 SYSTEMPATH\CodeIgniter.php(943): App\Controllers\Admin->index()
 7 SYSTEMPATH\CodeIgniter.php(503): CodeIgniter\CodeIgniter->runController(Object(App\Controllers\Admin))
 8 SYSTEMPATH\CodeIgniter.php(361): CodeIgniter\CodeIgniter->handleRequest(null, Object(Config\Cache), false)
 9 FCPATH\index.php(79): CodeIgniter\CodeIgniter->run()
CRITICAL - 2024-07-09 08:33:03 --> ErrorException: Trying to access array offset on value of type null
in APPPATH\Controllers\Login.php on line 28.
 1 APPPATH\Controllers\Login.php(28): CodeIgniter\Debug\Exceptions->errorHandler(2, 'Trying to access array offset on value of type null', 'C:\\xampp\\htdocs\\ci4curhatkuy-min\\app\\Controllers\\Login.php', 28)
 2 SYSTEMPATH\CodeIgniter.php(943): App\Controllers\Login->auth()
 3 SYSTEMPATH\CodeIgniter.php(503): CodeIgniter\CodeIgniter->runController(Object(App\Controllers\Login))
 4 SYSTEMPATH\CodeIgniter.php(361): CodeIgniter\CodeIgniter->handleRequest(null, Object(Config\Cache), false)
 5 FCPATH\index.php(79): CodeIgniter\CodeIgniter->run()
CRITICAL - 2024-07-09 08:34:03 --> ErrorException: Trying to access array offset on value of type null
in APPPATH\Controllers\Login.php on line 28.
 1 APPPATH\Controllers\Login.php(28): CodeIgniter\Debug\Exceptions->errorHandler(2, 'Trying to access array offset on value of type null', 'C:\\xampp\\htdocs\\ci4curhatkuy-min\\app\\Controllers\\Login.php', 28)
 2 SYSTEMPATH\CodeIgniter.php(943): App\Controllers\Login->auth()
 3 SYSTEMPATH\CodeIgniter.php(503): CodeIgniter\CodeIgniter->runController(Object(App\Controllers\Login))
 4 SYSTEMPATH\CodeIgniter.php(361): CodeIgniter\CodeIgniter->handleRequest(null, Object(Config\Cache), false)
 5 FCPATH\index.php(79): CodeIgniter\CodeIgniter->run()
CRITICAL - 2024-07-09 08:34:53 --> ErrorException: Trying to access array offset on value of type null
in APPPATH\Controllers\Login.php on line 28.
 1 APPPATH\Controllers\Login.php(28): CodeIgniter\Debug\Exceptions->errorHandler(2, 'Trying to access array offset on value of type null', 'C:\\xampp\\htdocs\\ci4curhatkuy-min\\app\\Controllers\\Login.php', 28)
 2 SYSTEMPATH\CodeIgniter.php(943): App\Controllers\Login->auth()
 3 SYSTEMPATH\CodeIgniter.php(503): CodeIgniter\CodeIgniter->runController(Object(App\Controllers\Login))
 4 SYSTEMPATH\CodeIgniter.php(361): CodeIgniter\CodeIgniter->handleRequest(null, Object(Config\Cache), false)
 5 FCPATH\index.php(79): CodeIgniter\CodeIgniter->run()
INFO - 2024-07-09 08:37:27 --> Session: Class initialized using 'CodeIgniter\Session\Handlers\FileHandler' driver.
CRITICAL - 2024-07-09 08:37:27 --> ErrorException: Trying to access array offset on value of type null
in APPPATH\Controllers\Login.php on line 28.
 1 APPPATH\Controllers\Login.php(28): CodeIgniter\Debug\Exceptions->errorHandler(2, 'Trying to access array offset on value of type null', 'C:\\xampp\\htdocs\\ci4curhatkuy-min\\app\\Controllers\\Login.php', 28)
 2 SYSTEMPATH\CodeIgniter.php(943): App\Controllers\Login->auth()
 3 SYSTEMPATH\CodeIgniter.php(503): CodeIgniter\CodeIgniter->runController(Object(App\Controllers\Login))
 4 SYSTEMPATH\CodeIgniter.php(361): CodeIgniter\CodeIgniter->handleRequest(null, Object(Config\Cache), false)
 5 FCPATH\index.php(79): CodeIgniter\CodeIgniter->run()
INFO - 2024-07-09 08:38:29 --> Session: Class initialized using 'CodeIgniter\Session\Handlers\FileHandler' driver.
CRITICAL - 2024-07-09 08:38:29 --> ErrorException: Trying to access array offset on value of type null
in APPPATH\Controllers\Login.php on line 28.
 1 APPPATH\Controllers\Login.php(28): CodeIgniter\Debug\Exceptions->errorHandler(2, 'Trying to access array offset on value of type null', 'C:\\xampp\\htdocs\\ci4curhatkuy-min\\app\\Controllers\\Login.php', 28)
 2 SYSTEMPATH\CodeIgniter.php(943): App\Controllers\Login->auth()
 3 SYSTEMPATH\CodeIgniter.php(503): CodeIgniter\CodeIgniter->runController(Object(App\Controllers\Login))
 4 SYSTEMPATH\CodeIgniter.php(361): CodeIgniter\CodeIgniter->handleRequest(null, Object(Config\Cache), false)
 5 FCPATH\index.php(79): CodeIgniter\CodeIgniter->run()
INFO - 2024-07-09 08:39:46 --> Session: Class initialized using 'CodeIgniter\Session\Handlers\FileHandler' driver.
CRITICAL - 2024-07-09 08:39:47 --> ErrorException: Undefined array key "nama_lengkap"
in APPPATH\Views\pages\homeAdmin.php on line 96.
 1 APPPATH\Views\pages\homeAdmin.php(96): CodeIgniter\Debug\Exceptions->errorHandler(2, 'Undefined array key "nama_lengkap"', 'C:\\xampp\\htdocs\\ci4curhatkuy-min\\app\\Views\\pages\\homeAdmin.php', 96)
 2 SYSTEMPATH\View\View.php(228): include('C:\\xampp\\htdocs\\ci4curhatkuy-min\\app\\Views\\pages\\homeAdmin.php')
 3 SYSTEMPATH\View\View.php(231): CodeIgniter\View\View->CodeIgniter\View\{closure}()
 4 SYSTEMPATH\Common.php(1178): CodeIgniter\View\View->render('pages/homeAdmin', [], true)
 5 APPPATH\Controllers\Admin.php(13): view('pages/homeAdmin', [...])
 6 SYSTEMPATH\CodeIgniter.php(943): App\Controllers\Admin->index()
 7 SYSTEMPATH\CodeIgniter.php(503): CodeIgniter\CodeIgniter->runController(Object(App\Controllers\Admin))
 8 SYSTEMPATH\CodeIgniter.php(361): CodeIgniter\CodeIgniter->handleRequest(null, Object(Config\Cache), false)
 9 FCPATH\index.php(79): CodeIgniter\CodeIgniter->run()
CRITICAL - 2024-07-09 09:05:30 --> ErrorException: Undefined array key "rating"
in APPPATH\Views\pages\homeAdmin.php on line 129.
 1 APPPATH\Views\pages\homeAdmin.php(129): CodeIgniter\Debug\Exceptions->errorHandler(2, 'Undefined array key "rating"', 'C:\\xampp\\htdocs\\ci4curhatkuy-min\\app\\Views\\pages\\homeAdmin.php', 129)
 2 SYSTEMPATH\View\View.php(228): include('C:\\xampp\\htdocs\\ci4curhatkuy-min\\app\\Views\\pages\\homeAdmin.php')
 3 SYSTEMPATH\View\View.php(231): CodeIgniter\View\View->CodeIgniter\View\{closure}()
 4 SYSTEMPATH\Common.php(1178): CodeIgniter\View\View->render('pages/homeAdmin', [], true)
 5 APPPATH\Controllers\Admin.php(26): view('pages/homeAdmin', [...])
 6 SYSTEMPATH\CodeIgniter.php(943): App\Controllers\Admin->index()
 7 SYSTEMPATH\CodeIgniter.php(503): CodeIgniter\CodeIgniter->runController(Object(App\Controllers\Admin))
 8 SYSTEMPATH\CodeIgniter.php(361): CodeIgniter\CodeIgniter->handleRequest(null, Object(Config\Cache), false)
 9 FCPATH\index.php(79): CodeIgniter\CodeIgniter->run()
CRITICAL - 2024-07-09 09:06:41 --> ErrorException: Undefined array key "rating"
in APPPATH\Views\pages\homeAdmin.php on line 129.
 1 APPPATH\Views\pages\homeAdmin.php(129): CodeIgniter\Debug\Exceptions->errorHandler(2, 'Undefined array key "rating"', 'C:\\xampp\\htdocs\\ci4curhatkuy-min\\app\\Views\\pages\\homeAdmin.php', 129)
 2 SYSTEMPATH\View\View.php(228): include('C:\\xampp\\htdocs\\ci4curhatkuy-min\\app\\Views\\pages\\homeAdmin.php')
 3 SYSTEMPATH\View\View.php(231): CodeIgniter\View\View->CodeIgniter\View\{closure}()
 4 SYSTEMPATH\Common.php(1178): CodeIgniter\View\View->render('pages/homeAdmin', [], true)
 5 APPPATH\Controllers\Admin.php(26): view('pages/homeAdmin', [...])
 6 SYSTEMPATH\CodeIgniter.php(943): App\Controllers\Admin->index()
 7 SYSTEMPATH\CodeIgniter.php(503): CodeIgniter\CodeIgniter->runController(Object(App\Controllers\Admin))
 8 SYSTEMPATH\CodeIgniter.php(361): CodeIgniter\CodeIgniter->handleRequest(null, Object(Config\Cache), false)
 9 FCPATH\index.php(79): CodeIgniter\CodeIgniter->run()
INFO - 2024-07-09 09:17:29 --> Session: Class initialized using 'CodeIgniter\Session\Handlers\FileHandler' driver.
INFO - 2024-07-09 09:17:32 --> Session: Class initialized using 'CodeIgniter\Session\Handlers\FileHandler' driver.
INFO - 2024-07-09 09:17:44 --> Session: Class initialized using 'CodeIgniter\Session\Handlers\FileHandler' driver.
INFO - 2024-07-09 09:17:44 --> Session: Class initialized using 'CodeIgniter\Session\Handlers\FileHandler' driver.
INFO - 2024-07-09 09:18:09 --> Session: Class initialized using 'CodeIgniter\Session\Handlers\FileHandler' driver.
