CRITICAL - 2025-12-18 06:34:24 --> ErrorException: Undefined variable $team
in APPPATH\Views\pages\psikolog.php on line 49.
 1 APPPATH\Views\pages\psikolog.php(49): CodeIgniter\Debug\Exceptions->errorHandler(2, 'Undefined variable $team', 'C:\\xampp\\htdocs\\ci4curhatkuy-min\\app\\Views\\pages\\psikolog.php', 49)
 2 SYSTEMPATH\View\View.php(228): include('C:\\xampp\\htdocs\\ci4curhatkuy-min\\app\\Views\\pages\\psikolog.php')
 3 SYSTEMPATH\View\View.php(231): CodeIgniter\View\View->CodeIgniter\View\{closure}()
 4 SYSTEMPATH\Common.php(1178): CodeIgniter\View\View->render('pages/psikolog', [], true)
 5 APPPATH\Controllers\Home.php(31): view('pages/psikolog')
 6 SYSTEMPATH\CodeIgniter.php(943): App\Controllers\Home->psikolog()
 7 SYSTEMPATH\CodeIgniter.php(503): CodeIgniter\CodeIgniter->runController(Object(App\Controllers\Home))
 8 SYSTEMPATH\CodeIgniter.php(361): CodeIgniter\CodeIgniter->handleRequest(null, Object(Config\Cache), false)
 9 FCPATH\index.php(79): CodeIgniter\CodeIgniter->run()
CRITICAL - 2025-12-18 13:11:18 --> CodeIgniter\View\Exceptions\ViewException: Invalid file: "profil_psikolog/profilPsikolog6.php"
in SYSTEMPATH\Exceptions\FrameworkException.php on line 39.
 1 SYSTEMPATH\View\View.php(216): CodeIgniter\Exceptions\FrameworkException::forInvalidFile('profil_psikolog/profilPsikolog6.php')
 2 SYSTEMPATH\Common.php(1178): CodeIgniter\View\View->render('profil_psikolog/profilPsikolog6', [], true)
 3 APPPATH\Controllers\Home.php(39): view('profil_psikolog/profilPsikolog6')
 4 SYSTEMPATH\CodeIgniter.php(943): App\Controllers\Home->detail('6')
 5 SYSTEMPATH\CodeIgniter.php(503): CodeIgniter\CodeIgniter->runController(Object(App\Controllers\Home))
 6 SYSTEMPATH\CodeIgniter.php(361): CodeIgniter\CodeIgniter->handleRequest(null, Object(Config\Cache), false)
 7 FCPATH\index.php(79): CodeIgniter\CodeIgniter->run()
CRITICAL - 2025-12-18 13:15:48 --> CodeIgniter\View\Exceptions\ViewException: Invalid file: "pages/profilPsikologPages/profilPsikolog6.php"
in SYSTEMPATH\Exceptions\FrameworkException.php on line 39.
 1 SYSTEMPATH\View\View.php(216): CodeIgniter\Exceptions\FrameworkException::forInvalidFile('pages/profilPsikologPages/profilPsikolog6.php')
 2 SYSTEMPATH\Common.php(1178): CodeIgniter\View\View->render('pages/profilPsikologPages/profilPsikolog6', [], true)
 3 APPPATH\Controllers\Home.php(36): view('pages/profilPsikologPages/profilPsikolog6')
 4 SYSTEMPATH\CodeIgniter.php(943): App\Controllers\Home->detail('6')
 5 SYSTEMPATH\CodeIgniter.php(503): CodeIgniter\CodeIgniter->runController(Object(App\Controllers\Home))
 6 SYSTEMPATH\CodeIgniter.php(361): CodeIgniter\CodeIgniter->handleRequest(null, Object(Config\Cache), false)
 7 FCPATH\index.php(79): CodeIgniter\CodeIgniter->run()
CRITICAL - 2025-12-18 13:20:24 --> CodeIgniter\View\Exceptions\ViewException: Invalid file: "pages/psikolog/profil.php"
in SYSTEMPATH\Exceptions\FrameworkException.php on line 39.
 1 SYSTEMPATH\View\View.php(216): CodeIgniter\Exceptions\FrameworkException::forInvalidFile('pages/psikolog/profil.php')
 2 SYSTEMPATH\Common.php(1178): CodeIgniter\View\View->render('pages/psikolog/profil', [], true)
 3 APPPATH\Controllers\Home.php(98): view('pages/psikolog/profil', [...])
 4 SYSTEMPATH\CodeIgniter.php(943): App\Controllers\Home->profilPsikolog('6')
 5 SYSTEMPATH\CodeIgniter.php(503): CodeIgniter\CodeIgniter->runController(Object(App\Controllers\Home))
 6 SYSTEMPATH\CodeIgniter.php(361): CodeIgniter\CodeIgniter->handleRequest(null, Object(Config\Cache), false)
 7 FCPATH\index.php(79): CodeIgniter\CodeIgniter->run()
CRITICAL - 2025-12-18 13:27:22 --> CodeIgniter\View\Exceptions\ViewException: Invalid file: "pages/psikolog/profil.php"
in SYSTEMPATH\Exceptions\FrameworkException.php on line 39.
 1 SYSTEMPATH\View\View.php(216): CodeIgniter\Exceptions\FrameworkException::forInvalidFile('pages/psikolog/profil.php')
 2 SYSTEMPATH\Common.php(1178): CodeIgniter\View\View->render('pages/psikolog/profil', [], true)
 3 APPPATH\Controllers\Home.php(80): view('pages/psikolog/profil', [...])
 4 SYSTEMPATH\CodeIgniter.php(943): App\Controllers\Home->profilPsikolog('6')
 5 SYSTEMPATH\CodeIgniter.php(503): CodeIgniter\CodeIgniter->runController(Object(App\Controllers\Home))
 6 SYSTEMPATH\CodeIgniter.php(361): CodeIgniter\CodeIgniter->handleRequest(null, Object(Config\Cache), false)
 7 FCPATH\index.php(79): CodeIgniter\CodeIgniter->run()
CRITICAL - 2025-12-18 13:27:24 --> CodeIgniter\View\Exceptions\ViewException: Invalid file: "pages/psikolog/profil.php"
in SYSTEMPATH\Exceptions\FrameworkException.php on line 39.
 1 SYSTEMPATH\View\View.php(216): CodeIgniter\Exceptions\FrameworkException::forInvalidFile('pages/psikolog/profil.php')
 2 SYSTEMPATH\Common.php(1178): CodeIgniter\View\View->render('pages/psikolog/profil', [], true)
 3 APPPATH\Controllers\Home.php(80): view('pages/psikolog/profil', [...])
 4 SYSTEMPATH\CodeIgniter.php(943): App\Controllers\Home->profilPsikolog('6')
 5 SYSTEMPATH\CodeIgniter.php(503): CodeIgniter\CodeIgniter->runController(Object(App\Controllers\Home))
 6 SYSTEMPATH\CodeIgniter.php(361): CodeIgniter\CodeIgniter->handleRequest(null, Object(Config\Cache), false)
 7 FCPATH\index.php(79): CodeIgniter\CodeIgniter->run()
CRITICAL - 2025-12-18 13:30:19 --> CodeIgniter\View\Exceptions\ViewException: Invalid file: "pages/psikolog/profil.php"
in SYSTEMPATH\Exceptions\FrameworkException.php on line 39.
 1 SYSTEMPATH\View\View.php(216): CodeIgniter\Exceptions\FrameworkException::forInvalidFile('pages/psikolog/profil.php')
 2 SYSTEMPATH\Common.php(1178): CodeIgniter\View\View->render('pages/psikolog/profil', [], true)
 3 APPPATH\Controllers\Home.php(80): view('pages/psikolog/profil', [...])
 4 SYSTEMPATH\CodeIgniter.php(943): App\Controllers\Home->profilPsikolog('6')
 5 SYSTEMPATH\CodeIgniter.php(503): CodeIgniter\CodeIgniter->runController(Object(App\Controllers\Home))
 6 SYSTEMPATH\CodeIgniter.php(361): CodeIgniter\CodeIgniter->handleRequest(null, Object(Config\Cache), false)
 7 FCPATH\index.php(79): CodeIgniter\CodeIgniter->run()
CRITICAL - 2025-12-18 13:31:57 --> CodeIgniter\View\Exceptions\ViewException: Invalid file: "pages/profiPsikologPages/profilPsikolog6.php"
in SYSTEMPATH\Exceptions\FrameworkException.php on line 39.
 1 SYSTEMPATH\View\View.php(216): CodeIgniter\Exceptions\FrameworkException::forInvalidFile('pages/profiPsikologPages/profilPsikolog6.php')
 2 SYSTEMPATH\Common.php(1178): CodeIgniter\View\View->render('pages/profiPsikologPages/profilPsikolog6', [], true)
 3 APPPATH\Controllers\Home.php(67): view('pages/profiPsikologPages/profilPsikolog6')
 4 SYSTEMPATH\CodeIgniter.php(943): App\Controllers\Home->profilPsikolog('6')
 5 SYSTEMPATH\CodeIgniter.php(503): CodeIgniter\CodeIgniter->runController(Object(App\Controllers\Home))
 6 SYSTEMPATH\CodeIgniter.php(361): CodeIgniter\CodeIgniter->handleRequest(null, Object(Config\Cache), false)
 7 FCPATH\index.php(79): CodeIgniter\CodeIgniter->run()
CRITICAL - 2025-12-18 13:37:57 --> CodeIgniter\View\Exceptions\ViewException: Invalid file: "pages/profilPsikologPages/profilPsikolog5.php"
in SYSTEMPATH\Exceptions\FrameworkException.php on line 39.
 1 SYSTEMPATH\View\View.php(216): CodeIgniter\Exceptions\FrameworkException::forInvalidFile('pages/profilPsikologPages/profilPsikolog5.php')
 2 SYSTEMPATH\Common.php(1178): CodeIgniter\View\View->render('pages/profilPsikologPages/profilPsikolog5', [], true)
 3 APPPATH\Controllers\Home.php(67): view('pages/profilPsikologPages/profilPsikolog5')
 4 SYSTEMPATH\CodeIgniter.php(943): App\Controllers\Home->profilPsikolog('5')
 5 SYSTEMPATH\CodeIgniter.php(503): CodeIgniter\CodeIgniter->runController(Object(App\Controllers\Home))
 6 SYSTEMPATH\CodeIgniter.php(361): CodeIgniter\CodeIgniter->handleRequest(null, Object(Config\Cache), false)
 7 FCPATH\index.php(79): CodeIgniter\CodeIgniter->run()
CRITICAL - 2025-12-18 13:58:39 --> CodeIgniter\View\Exceptions\ViewException: Invalid file: "pages/paketPages/img.php"
in SYSTEMPATH\Exceptions\FrameworkException.php on line 39.
 1 SYSTEMPATH\View\View.php(216): CodeIgniter\Exceptions\FrameworkException::forInvalidFile('pages/paketPages/img.php')
 2 SYSTEMPATH\Common.php(1178): CodeIgniter\View\View->render('pages/paketPages/img', [], true)
 3 APPPATH\Controllers\Index3.php(26): view('pages/paketPages/img')
 4 SYSTEMPATH\CodeIgniter.php(943): App\Controllers\Index3->paket('img', 'curhatkuy_logo_new.png')
 5 SYSTEMPATH\CodeIgniter.php(503): CodeIgniter\CodeIgniter->runController(Object(App\Controllers\Index3))
 6 SYSTEMPATH\CodeIgniter.php(361): CodeIgniter\CodeIgniter->handleRequest(null, Object(Config\Cache), false)
 7 FCPATH\index.php(79): CodeIgniter\CodeIgniter->run()
CRITICAL - 2025-12-18 13:59:01 --> CodeIgniter\View\Exceptions\ViewException: Invalid file: "pages/paketPages/img.php"
in SYSTEMPATH\Exceptions\FrameworkException.php on line 39.
 1 SYSTEMPATH\View\View.php(216): CodeIgniter\Exceptions\FrameworkException::forInvalidFile('pages/paketPages/img.php')
 2 SYSTEMPATH\Common.php(1178): CodeIgniter\View\View->render('pages/paketPages/img', [], true)
 3 APPPATH\Controllers\Index3.php(26): view('pages/paketPages/img')
 4 SYSTEMPATH\CodeIgniter.php(943): App\Controllers\Index3->paket('img', 'curhatkuy_logo_new.png')
 5 SYSTEMPATH\CodeIgniter.php(503): CodeIgniter\CodeIgniter->runController(Object(App\Controllers\Index3))
 6 SYSTEMPATH\CodeIgniter.php(361): CodeIgniter\CodeIgniter->handleRequest(null, Object(Config\Cache), false)
 7 FCPATH\index.php(79): CodeIgniter\CodeIgniter->run()
CRITICAL - 2025-12-18 13:59:08 --> CodeIgniter\View\Exceptions\ViewException: Invalid file: "pages/paketPages/img.php"
in SYSTEMPATH\Exceptions\FrameworkException.php on line 39.
 1 SYSTEMPATH\View\View.php(216): CodeIgniter\Exceptions\FrameworkException::forInvalidFile('pages/paketPages/img.php')
 2 SYSTEMPATH\Common.php(1178): CodeIgniter\View\View->render('pages/paketPages/img', [], true)
 3 APPPATH\Controllers\Index3.php(26): view('pages/paketPages/img')
 4 SYSTEMPATH\CodeIgniter.php(943): App\Controllers\Index3->paket('img', 'curhatkuy_logo_new.png')
 5 SYSTEMPATH\CodeIgniter.php(503): CodeIgniter\CodeIgniter->runController(Object(App\Controllers\Index3))
 6 SYSTEMPATH\CodeIgniter.php(361): CodeIgniter\CodeIgniter->handleRequest(null, Object(Config\Cache), false)
 7 FCPATH\index.php(79): CodeIgniter\CodeIgniter->run()
CRITICAL - 2025-12-18 14:05:58 --> CodeIgniter\View\Exceptions\ViewException: Invalid file: "pages/paketPages/img.php"
in SYSTEMPATH\Exceptions\FrameworkException.php on line 39.
 1 SYSTEMPATH\View\View.php(216): CodeIgniter\Exceptions\FrameworkException::forInvalidFile('pages/paketPages/img.php')
 2 SYSTEMPATH\Common.php(1178): CodeIgniter\View\View->render('pages/paketPages/img', [], true)
 3 APPPATH\Controllers\Index3.php(26): view('pages/paketPages/img')
 4 SYSTEMPATH\CodeIgniter.php(943): App\Controllers\Index3->paket('img', 'curhatkuy_logo_new.png')
 5 SYSTEMPATH\CodeIgniter.php(503): CodeIgniter\CodeIgniter->runController(Object(App\Controllers\Index3))
 6 SYSTEMPATH\CodeIgniter.php(361): CodeIgniter\CodeIgniter->handleRequest(null, Object(Config\Cache), false)
 7 FCPATH\index.php(79): CodeIgniter\CodeIgniter->run()
CRITICAL - 2025-12-18 14:06:23 --> CodeIgniter\View\Exceptions\ViewException: Invalid file: "pages/paketPages/img.php"
in SYSTEMPATH\Exceptions\FrameworkException.php on line 39.
 1 SYSTEMPATH\View\View.php(216): CodeIgniter\Exceptions\FrameworkException::forInvalidFile('pages/paketPages/img.php')
 2 SYSTEMPATH\Common.php(1178): CodeIgniter\View\View->render('pages/paketPages/img', [], true)
 3 APPPATH\Controllers\Index3.php(26): view('pages/paketPages/img')
 4 SYSTEMPATH\CodeIgniter.php(943): App\Controllers\Index3->paket('img', 'curhatkuy_logo_new.png')
 5 SYSTEMPATH\CodeIgniter.php(503): CodeIgniter\CodeIgniter->runController(Object(App\Controllers\Index3))
 6 SYSTEMPATH\CodeIgniter.php(361): CodeIgniter\CodeIgniter->handleRequest(null, Object(Config\Cache), false)
 7 FCPATH\index.php(79): CodeIgniter\CodeIgniter->run()
CRITICAL - 2025-12-18 14:06:41 --> CodeIgniter\View\Exceptions\ViewException: Invalid file: "pages/paketPages/img.php"
in SYSTEMPATH\Exceptions\FrameworkException.php on line 39.
 1 SYSTEMPATH\View\View.php(216): CodeIgniter\Exceptions\FrameworkException::forInvalidFile('pages/paketPages/img.php')
 2 SYSTEMPATH\Common.php(1178): CodeIgniter\View\View->render('pages/paketPages/img', [], true)
 3 APPPATH\Controllers\Index3.php(26): view('pages/paketPages/img')
 4 SYSTEMPATH\CodeIgniter.php(943): App\Controllers\Index3->paket('img', 'curhatkuy_logo_new.png')
 5 SYSTEMPATH\CodeIgniter.php(503): CodeIgniter\CodeIgniter->runController(Object(App\Controllers\Index3))
 6 SYSTEMPATH\CodeIgniter.php(361): CodeIgniter\CodeIgniter->handleRequest(null, Object(Config\Cache), false)
 7 FCPATH\index.php(79): CodeIgniter\CodeIgniter->run()
CRITICAL - 2025-12-18 14:07:23 --> CodeIgniter\View\Exceptions\ViewException: Invalid file: "pages/paketPages/img.php"
in SYSTEMPATH\Exceptions\FrameworkException.php on line 39.
 1 SYSTEMPATH\View\View.php(216): CodeIgniter\Exceptions\FrameworkException::forInvalidFile('pages/paketPages/img.php')
 2 SYSTEMPATH\Common.php(1178): CodeIgniter\View\View->render('pages/paketPages/img', [], true)
 3 APPPATH\Controllers\Index3.php(26): view('pages/paketPages/img')
 4 SYSTEMPATH\CodeIgniter.php(943): App\Controllers\Index3->paket('img', 'curhatkuy_logo_new.png')
 5 SYSTEMPATH\CodeIgniter.php(503): CodeIgniter\CodeIgniter->runController(Object(App\Controllers\Index3))
 6 SYSTEMPATH\CodeIgniter.php(361): CodeIgniter\CodeIgniter->handleRequest(null, Object(Config\Cache), false)
 7 FCPATH\index.php(79): CodeIgniter\CodeIgniter->run()
CRITICAL - 2025-12-18 14:07:29 --> CodeIgniter\View\Exceptions\ViewException: Invalid file: "pages/paketPages/img.php"
in SYSTEMPATH\Exceptions\FrameworkException.php on line 39.
 1 SYSTEMPATH\View\View.php(216): CodeIgniter\Exceptions\FrameworkException::forInvalidFile('pages/paketPages/img.php')
 2 SYSTEMPATH\Common.php(1178): CodeIgniter\View\View->render('pages/paketPages/img', [], true)
 3 APPPATH\Controllers\Index3.php(26): view('pages/paketPages/img')
 4 SYSTEMPATH\CodeIgniter.php(943): App\Controllers\Index3->paket('img', 'curhatkuy_logo_new.png')
 5 SYSTEMPATH\CodeIgniter.php(503): CodeIgniter\CodeIgniter->runController(Object(App\Controllers\Index3))
 6 SYSTEMPATH\CodeIgniter.php(361): CodeIgniter\CodeIgniter->handleRequest(null, Object(Config\Cache), false)
 7 FCPATH\index.php(79): CodeIgniter\CodeIgniter->run()
CRITICAL - 2025-12-18 14:07:36 --> CodeIgniter\View\Exceptions\ViewException: Invalid file: "pages/paketPages/img.php"
in SYSTEMPATH\Exceptions\FrameworkException.php on line 39.
 1 SYSTEMPATH\View\View.php(216): CodeIgniter\Exceptions\FrameworkException::forInvalidFile('pages/paketPages/img.php')
 2 SYSTEMPATH\Common.php(1178): CodeIgniter\View\View->render('pages/paketPages/img', [], true)
 3 APPPATH\Controllers\Index3.php(26): view('pages/paketPages/img')
 4 SYSTEMPATH\CodeIgniter.php(943): App\Controllers\Index3->paket('img', 'curhatkuy_logo_new.png')
 5 SYSTEMPATH\CodeIgniter.php(503): CodeIgniter\CodeIgniter->runController(Object(App\Controllers\Index3))
 6 SYSTEMPATH\CodeIgniter.php(361): CodeIgniter\CodeIgniter->handleRequest(null, Object(Config\Cache), false)
 7 FCPATH\index.php(79): CodeIgniter\CodeIgniter->run()
CRITICAL - 2025-12-18 14:08:09 --> CodeIgniter\View\Exceptions\ViewException: Invalid file: "pages/paketPages/img.php"
in SYSTEMPATH\Exceptions\FrameworkException.php on line 39.
 1 SYSTEMPATH\View\View.php(216): CodeIgniter\Exceptions\FrameworkException::forInvalidFile('pages/paketPages/img.php')
 2 SYSTEMPATH\Common.php(1178): CodeIgniter\View\View->render('pages/paketPages/img', [], true)
 3 APPPATH\Controllers\Index3.php(26): view('pages/paketPages/img')
 4 SYSTEMPATH\CodeIgniter.php(943): App\Controllers\Index3->paket('img', 'curhatkuy_logo_new.png')
 5 SYSTEMPATH\CodeIgniter.php(503): CodeIgniter\CodeIgniter->runController(Object(App\Controllers\Index3))
 6 SYSTEMPATH\CodeIgniter.php(361): CodeIgniter\CodeIgniter->handleRequest(null, Object(Config\Cache), false)
 7 FCPATH\index.php(79): CodeIgniter\CodeIgniter->run()
CRITICAL - 2025-12-18 14:10:13 --> CodeIgniter\View\Exceptions\ViewException: Invalid file: "pages/paketPages/img.php"
in SYSTEMPATH\Exceptions\FrameworkException.php on line 39.
 1 SYSTEMPATH\View\View.php(216): CodeIgniter\Exceptions\FrameworkException::forInvalidFile('pages/paketPages/img.php')
 2 SYSTEMPATH\Common.php(1178): CodeIgniter\View\View->render('pages/paketPages/img', [], true)
 3 APPPATH\Controllers\Index3.php(26): view('pages/paketPages/img')
 4 SYSTEMPATH\CodeIgniter.php(943): App\Controllers\Index3->paket('img', 'curhatkuy_logo_new.png')
 5 SYSTEMPATH\CodeIgniter.php(503): CodeIgniter\CodeIgniter->runController(Object(App\Controllers\Index3))
 6 SYSTEMPATH\CodeIgniter.php(361): CodeIgniter\CodeIgniter->handleRequest(null, Object(Config\Cache), false)
 7 FCPATH\index.php(79): CodeIgniter\CodeIgniter->run()
CRITICAL - 2025-12-18 14:10:25 --> CodeIgniter\View\Exceptions\ViewException: Invalid file: "pages/paketPages/img.php"
in SYSTEMPATH\Exceptions\FrameworkException.php on line 39.
 1 SYSTEMPATH\View\View.php(216): CodeIgniter\Exceptions\FrameworkException::forInvalidFile('pages/paketPages/img.php')
 2 SYSTEMPATH\Common.php(1178): CodeIgniter\View\View->render('pages/paketPages/img', [], true)
 3 APPPATH\Controllers\Index3.php(26): view('pages/paketPages/img')
 4 SYSTEMPATH\CodeIgniter.php(943): App\Controllers\Index3->paket('img', 'curhatkuy_logo_new.png')
 5 SYSTEMPATH\CodeIgniter.php(503): CodeIgniter\CodeIgniter->runController(Object(App\Controllers\Index3))
 6 SYSTEMPATH\CodeIgniter.php(361): CodeIgniter\CodeIgniter->handleRequest(null, Object(Config\Cache), false)
 7 FCPATH\index.php(79): CodeIgniter\CodeIgniter->run()
CRITICAL - 2025-12-18 14:10:32 --> CodeIgniter\View\Exceptions\ViewException: Invalid file: "pages/paketPages/img.php"
in SYSTEMPATH\Exceptions\FrameworkException.php on line 39.
 1 SYSTEMPATH\View\View.php(216): CodeIgniter\Exceptions\FrameworkException::forInvalidFile('pages/paketPages/img.php')
 2 SYSTEMPATH\Common.php(1178): CodeIgniter\View\View->render('pages/paketPages/img', [], true)
 3 APPPATH\Controllers\Index3.php(26): view('pages/paketPages/img')
 4 SYSTEMPATH\CodeIgniter.php(943): App\Controllers\Index3->paket('img', 'curhatkuy_logo_new.png')
 5 SYSTEMPATH\CodeIgniter.php(503): CodeIgniter\CodeIgniter->runController(Object(App\Controllers\Index3))
 6 SYSTEMPATH\CodeIgniter.php(361): CodeIgniter\CodeIgniter->handleRequest(null, Object(Config\Cache), false)
 7 FCPATH\index.php(79): CodeIgniter\CodeIgniter->run()
CRITICAL - 2025-12-18 14:12:06 --> CodeIgniter\View\Exceptions\ViewException: Invalid file: "pages/paketPages/img.php"
in SYSTEMPATH\Exceptions\FrameworkException.php on line 39.
 1 SYSTEMPATH\View\View.php(216): CodeIgniter\Exceptions\FrameworkException::forInvalidFile('pages/paketPages/img.php')
 2 SYSTEMPATH\Common.php(1178): CodeIgniter\View\View->render('pages/paketPages/img', [], true)
 3 APPPATH\Controllers\Index3.php(26): view('pages/paketPages/img')
 4 SYSTEMPATH\CodeIgniter.php(943): App\Controllers\Index3->paket('img', 'curhatkuy_logo_new.png')
 5 SYSTEMPATH\CodeIgniter.php(503): CodeIgniter\CodeIgniter->runController(Object(App\Controllers\Index3))
 6 SYSTEMPATH\CodeIgniter.php(361): CodeIgniter\CodeIgniter->handleRequest(null, Object(Config\Cache), false)
 7 FCPATH\index.php(79): CodeIgniter\CodeIgniter->run()
CRITICAL - 2025-12-18 14:13:12 --> CodeIgniter\View\Exceptions\ViewException: Invalid file: "pages/paketPages/img.php"
in SYSTEMPATH\Exceptions\FrameworkException.php on line 39.
 1 SYSTEMPATH\View\View.php(216): CodeIgniter\Exceptions\FrameworkException::forInvalidFile('pages/paketPages/img.php')
 2 SYSTEMPATH\Common.php(1178): CodeIgniter\View\View->render('pages/paketPages/img', [], true)
 3 APPPATH\Controllers\Index3.php(26): view('pages/paketPages/img')
 4 SYSTEMPATH\CodeIgniter.php(943): App\Controllers\Index3->paket('img', 'curhatkuy_logo_new.png')
 5 SYSTEMPATH\CodeIgniter.php(503): CodeIgniter\CodeIgniter->runController(Object(App\Controllers\Index3))
 6 SYSTEMPATH\CodeIgniter.php(361): CodeIgniter\CodeIgniter->handleRequest(null, Object(Config\Cache), false)
 7 FCPATH\index.php(79): CodeIgniter\CodeIgniter->run()
CRITICAL - 2025-12-18 14:14:59 --> CodeIgniter\View\Exceptions\ViewException: Invalid file: "pages/paketPages/img.php"
in SYSTEMPATH\Exceptions\FrameworkException.php on line 39.
 1 SYSTEMPATH\View\View.php(216): CodeIgniter\Exceptions\FrameworkException::forInvalidFile('pages/paketPages/img.php')
 2 SYSTEMPATH\Common.php(1178): CodeIgniter\View\View->render('pages/paketPages/img', [], true)
 3 APPPATH\Controllers\Index3.php(26): view('pages/paketPages/img')
 4 SYSTEMPATH\CodeIgniter.php(943): App\Controllers\Index3->paket('img', 'curhatkuy_logo_new.png')
 5 SYSTEMPATH\CodeIgniter.php(503): CodeIgniter\CodeIgniter->runController(Object(App\Controllers\Index3))
 6 SYSTEMPATH\CodeIgniter.php(361): CodeIgniter\CodeIgniter->handleRequest(null, Object(Config\Cache), false)
 7 FCPATH\index.php(79): CodeIgniter\CodeIgniter->run()
CRITICAL - 2025-12-18 14:19:05 --> CodeIgniter\View\Exceptions\ViewException: Invalid file: "pages/paketPages/img.php"
in SYSTEMPATH\Exceptions\FrameworkException.php on line 39.
 1 SYSTEMPATH\View\View.php(216): CodeIgniter\Exceptions\FrameworkException::forInvalidFile('pages/paketPages/img.php')
 2 SYSTEMPATH\Common.php(1178): CodeIgniter\View\View->render('pages/paketPages/img', [], true)
 3 APPPATH\Controllers\Index3.php(26): view('pages/paketPages/img')
 4 SYSTEMPATH\CodeIgniter.php(943): App\Controllers\Index3->paket('img', 'curhatkuy_logo_new.png')
 5 SYSTEMPATH\CodeIgniter.php(503): CodeIgniter\CodeIgniter->runController(Object(App\Controllers\Index3))
 6 SYSTEMPATH\CodeIgniter.php(361): CodeIgniter\CodeIgniter->handleRequest(null, Object(Config\Cache), false)
 7 FCPATH\index.php(79): CodeIgniter\CodeIgniter->run()
CRITICAL - 2025-12-18 14:19:40 --> CodeIgniter\View\Exceptions\ViewException: Invalid file: "pages/paketPages/img.php"
in SYSTEMPATH\Exceptions\FrameworkException.php on line 39.
 1 SYSTEMPATH\View\View.php(216): CodeIgniter\Exceptions\FrameworkException::forInvalidFile('pages/paketPages/img.php')
 2 SYSTEMPATH\Common.php(1178): CodeIgniter\View\View->render('pages/paketPages/img', [], true)
 3 APPPATH\Controllers\Index3.php(26): view('pages/paketPages/img')
 4 SYSTEMPATH\CodeIgniter.php(943): App\Controllers\Index3->paket('img', 'curhatkuy_logo_new.png')
 5 SYSTEMPATH\CodeIgniter.php(503): CodeIgniter\CodeIgniter->runController(Object(App\Controllers\Index3))
 6 SYSTEMPATH\CodeIgniter.php(361): CodeIgniter\CodeIgniter->handleRequest(null, Object(Config\Cache), false)
 7 FCPATH\index.php(79): CodeIgniter\CodeIgniter->run()
CRITICAL - 2025-12-18 14:19:40 --> CodeIgniter\View\Exceptions\ViewException: Invalid file: "pages/paketPages/img.php"
in SYSTEMPATH\Exceptions\FrameworkException.php on line 39.
 1 SYSTEMPATH\View\View.php(216): CodeIgniter\Exceptions\FrameworkException::forInvalidFile('pages/paketPages/img.php')
 2 SYSTEMPATH\Common.php(1178): CodeIgniter\View\View->render('pages/paketPages/img', [], true)
 3 APPPATH\Controllers\Index3.php(26): view('pages/paketPages/img')
 4 SYSTEMPATH\CodeIgniter.php(943): App\Controllers\Index3->paket('img', 'curhatkuy_logo_new.png')
 5 SYSTEMPATH\CodeIgniter.php(503): CodeIgniter\CodeIgniter->runController(Object(App\Controllers\Index3))
 6 SYSTEMPATH\CodeIgniter.php(361): CodeIgniter\CodeIgniter->handleRequest(null, Object(Config\Cache), false)
 7 FCPATH\index.php(79): CodeIgniter\CodeIgniter->run()
CRITICAL - 2025-12-18 14:19:46 --> CodeIgniter\View\Exceptions\ViewException: Invalid file: "pages/paketPages/img.php"
in SYSTEMPATH\Exceptions\FrameworkException.php on line 39.
 1 SYSTEMPATH\View\View.php(216): CodeIgniter\Exceptions\FrameworkException::forInvalidFile('pages/paketPages/img.php')
 2 SYSTEMPATH\Common.php(1178): CodeIgniter\View\View->render('pages/paketPages/img', [], true)
 3 APPPATH\Controllers\Index3.php(26): view('pages/paketPages/img')
 4 SYSTEMPATH\CodeIgniter.php(943): App\Controllers\Index3->paket('img', 'curhatkuy_logo_new.png')
 5 SYSTEMPATH\CodeIgniter.php(503): CodeIgniter\CodeIgniter->runController(Object(App\Controllers\Index3))
 6 SYSTEMPATH\CodeIgniter.php(361): CodeIgniter\CodeIgniter->handleRequest(null, Object(Config\Cache), false)
 7 FCPATH\index.php(79): CodeIgniter\CodeIgniter->run()
CRITICAL - 2025-12-18 14:25:41 --> CodeIgniter\View\Exceptions\ViewException: Invalid file: "pages/paketPages/img.php"
in SYSTEMPATH\Exceptions\FrameworkException.php on line 39.
 1 SYSTEMPATH\View\View.php(216): CodeIgniter\Exceptions\FrameworkException::forInvalidFile('pages/paketPages/img.php')
 2 SYSTEMPATH\Common.php(1178): CodeIgniter\View\View->render('pages/paketPages/img', [], true)
 3 APPPATH\Controllers\Index3.php(26): view('pages/paketPages/img')
 4 SYSTEMPATH\CodeIgniter.php(943): App\Controllers\Index3->paket('img', 'curhatkuy_logo_new.png')
 5 SYSTEMPATH\CodeIgniter.php(503): CodeIgniter\CodeIgniter->runController(Object(App\Controllers\Index3))
 6 SYSTEMPATH\CodeIgniter.php(361): CodeIgniter\CodeIgniter->handleRequest(null, Object(Config\Cache), false)
 7 FCPATH\index.php(79): CodeIgniter\CodeIgniter->run()
CRITICAL - 2025-12-18 14:28:58 --> CodeIgniter\View\Exceptions\ViewException: Invalid file: "pages/paketPages/img.php"
in SYSTEMPATH\Exceptions\FrameworkException.php on line 39.
 1 SYSTEMPATH\View\View.php(216): CodeIgniter\Exceptions\FrameworkException::forInvalidFile('pages/paketPages/img.php')
 2 SYSTEMPATH\Common.php(1178): CodeIgniter\View\View->render('pages/paketPages/img', [], true)
 3 APPPATH\Controllers\Index3.php(26): view('pages/paketPages/img')
 4 SYSTEMPATH\CodeIgniter.php(943): App\Controllers\Index3->paket('img', 'curhatkuy_logo_new.png')
 5 SYSTEMPATH\CodeIgniter.php(503): CodeIgniter\CodeIgniter->runController(Object(App\Controllers\Index3))
 6 SYSTEMPATH\CodeIgniter.php(361): CodeIgniter\CodeIgniter->handleRequest(null, Object(Config\Cache), false)
 7 FCPATH\index.php(79): CodeIgniter\CodeIgniter->run()
CRITICAL - 2025-12-18 14:28:59 --> CodeIgniter\View\Exceptions\ViewException: Invalid file: "pages/paketPages/img.php"
in SYSTEMPATH\Exceptions\FrameworkException.php on line 39.
 1 SYSTEMPATH\View\View.php(216): CodeIgniter\Exceptions\FrameworkException::forInvalidFile('pages/paketPages/img.php')
 2 SYSTEMPATH\Common.php(1178): CodeIgniter\View\View->render('pages/paketPages/img', [], true)
 3 APPPATH\Controllers\Index3.php(26): view('pages/paketPages/img')
 4 SYSTEMPATH\CodeIgniter.php(943): App\Controllers\Index3->paket('img', 'curhatkuy_logo_new.png')
 5 SYSTEMPATH\CodeIgniter.php(503): CodeIgniter\CodeIgniter->runController(Object(App\Controllers\Index3))
 6 SYSTEMPATH\CodeIgniter.php(361): CodeIgniter\CodeIgniter->handleRequest(null, Object(Config\Cache), false)
 7 FCPATH\index.php(79): CodeIgniter\CodeIgniter->run()
CRITICAL - 2025-12-18 14:31:10 --> CodeIgniter\View\Exceptions\ViewException: Invalid file: "pages/paketPages/img.php"
in SYSTEMPATH\Exceptions\FrameworkException.php on line 39.
 1 SYSTEMPATH\View\View.php(216): CodeIgniter\Exceptions\FrameworkException::forInvalidFile('pages/paketPages/img.php')
 2 SYSTEMPATH\Common.php(1178): CodeIgniter\View\View->render('pages/paketPages/img', [], true)
 3 APPPATH\Controllers\Index3.php(26): view('pages/paketPages/img')
 4 SYSTEMPATH\CodeIgniter.php(943): App\Controllers\Index3->paket('img', 'curhatkuy_logo_new.png')
 5 SYSTEMPATH\CodeIgniter.php(503): CodeIgniter\CodeIgniter->runController(Object(App\Controllers\Index3))
 6 SYSTEMPATH\CodeIgniter.php(361): CodeIgniter\CodeIgniter->handleRequest(null, Object(Config\Cache), false)
 7 FCPATH\index.php(79): CodeIgniter\CodeIgniter->run()
CRITICAL - 2025-12-18 14:31:10 --> CodeIgniter\View\Exceptions\ViewException: Invalid file: "pages/paketPages/img.php"
in SYSTEMPATH\Exceptions\FrameworkException.php on line 39.
 1 SYSTEMPATH\View\View.php(216): CodeIgniter\Exceptions\FrameworkException::forInvalidFile('pages/paketPages/img.php')
 2 SYSTEMPATH\Common.php(1178): CodeIgniter\View\View->render('pages/paketPages/img', [], true)
 3 APPPATH\Controllers\Index3.php(26): view('pages/paketPages/img')
 4 SYSTEMPATH\CodeIgniter.php(943): App\Controllers\Index3->paket('img', 'curhatkuy_logo_new.png')
 5 SYSTEMPATH\CodeIgniter.php(503): CodeIgniter\CodeIgniter->runController(Object(App\Controllers\Index3))
 6 SYSTEMPATH\CodeIgniter.php(361): CodeIgniter\CodeIgniter->handleRequest(null, Object(Config\Cache), false)
 7 FCPATH\index.php(79): CodeIgniter\CodeIgniter->run()
CRITICAL - 2025-12-18 14:31:12 --> CodeIgniter\View\Exceptions\ViewException: Invalid file: "pages/paketPages/img.php"
in SYSTEMPATH\Exceptions\FrameworkException.php on line 39.
 1 SYSTEMPATH\View\View.php(216): CodeIgniter\Exceptions\FrameworkException::forInvalidFile('pages/paketPages/img.php')
 2 SYSTEMPATH\Common.php(1178): CodeIgniter\View\View->render('pages/paketPages/img', [], true)
 3 APPPATH\Controllers\Index3.php(26): view('pages/paketPages/img')
 4 SYSTEMPATH\CodeIgniter.php(943): App\Controllers\Index3->paket('img', 'curhatkuy_logo_new.png')
 5 SYSTEMPATH\CodeIgniter.php(503): CodeIgniter\CodeIgniter->runController(Object(App\Controllers\Index3))
 6 SYSTEMPATH\CodeIgniter.php(361): CodeIgniter\CodeIgniter->handleRequest(null, Object(Config\Cache), false)
 7 FCPATH\index.php(79): CodeIgniter\CodeIgniter->run()
CRITICAL - 2025-12-18 14:31:14 --> CodeIgniter\View\Exceptions\ViewException: Invalid file: "pages/paketPages/img.php"
in SYSTEMPATH\Exceptions\FrameworkException.php on line 39.
 1 SYSTEMPATH\View\View.php(216): CodeIgniter\Exceptions\FrameworkException::forInvalidFile('pages/paketPages/img.php')
 2 SYSTEMPATH\Common.php(1178): CodeIgniter\View\View->render('pages/paketPages/img', [], true)
 3 APPPATH\Controllers\Index3.php(26): view('pages/paketPages/img')
 4 SYSTEMPATH\CodeIgniter.php(943): App\Controllers\Index3->paket('img', 'curhatkuy_logo_new.png')
 5 SYSTEMPATH\CodeIgniter.php(503): CodeIgniter\CodeIgniter->runController(Object(App\Controllers\Index3))
 6 SYSTEMPATH\CodeIgniter.php(361): CodeIgniter\CodeIgniter->handleRequest(null, Object(Config\Cache), false)
 7 FCPATH\index.php(79): CodeIgniter\CodeIgniter->run()
CRITICAL - 2025-12-18 14:32:27 --> CodeIgniter\View\Exceptions\ViewException: Invalid file: "pages/paketPages/img.php"
in SYSTEMPATH\Exceptions\FrameworkException.php on line 39.
 1 SYSTEMPATH\View\View.php(216): CodeIgniter\Exceptions\FrameworkException::forInvalidFile('pages/paketPages/img.php')
 2 SYSTEMPATH\Common.php(1178): CodeIgniter\View\View->render('pages/paketPages/img', [], true)
 3 APPPATH\Controllers\Index3.php(26): view('pages/paketPages/img')
 4 SYSTEMPATH\CodeIgniter.php(943): App\Controllers\Index3->paket('img', 'curhatkuy_logo_new.png')
 5 SYSTEMPATH\CodeIgniter.php(503): CodeIgniter\CodeIgniter->runController(Object(App\Controllers\Index3))
 6 SYSTEMPATH\CodeIgniter.php(361): CodeIgniter\CodeIgniter->handleRequest(null, Object(Config\Cache), false)
 7 FCPATH\index.php(79): CodeIgniter\CodeIgniter->run()
CRITICAL - 2025-12-18 14:32:29 --> CodeIgniter\View\Exceptions\ViewException: Invalid file: "pages/paketPages/img.php"
in SYSTEMPATH\Exceptions\FrameworkException.php on line 39.
 1 SYSTEMPATH\View\View.php(216): CodeIgniter\Exceptions\FrameworkException::forInvalidFile('pages/paketPages/img.php')
 2 SYSTEMPATH\Common.php(1178): CodeIgniter\View\View->render('pages/paketPages/img', [], true)
 3 APPPATH\Controllers\Index3.php(26): view('pages/paketPages/img')
 4 SYSTEMPATH\CodeIgniter.php(943): App\Controllers\Index3->paket('img', 'curhatkuy_logo_new.png')
 5 SYSTEMPATH\CodeIgniter.php(503): CodeIgniter\CodeIgniter->runController(Object(App\Controllers\Index3))
 6 SYSTEMPATH\CodeIgniter.php(361): CodeIgniter\CodeIgniter->handleRequest(null, Object(Config\Cache), false)
 7 FCPATH\index.php(79): CodeIgniter\CodeIgniter->run()
CRITICAL - 2025-12-18 14:32:42 --> CodeIgniter\View\Exceptions\ViewException: Invalid file: "pages/paketPages/img.php"
in SYSTEMPATH\Exceptions\FrameworkException.php on line 39.
 1 SYSTEMPATH\View\View.php(216): CodeIgniter\Exceptions\FrameworkException::forInvalidFile('pages/paketPages/img.php')
 2 SYSTEMPATH\Common.php(1178): CodeIgniter\View\View->render('pages/paketPages/img', [], true)
 3 APPPATH\Controllers\Index3.php(26): view('pages/paketPages/img')
 4 SYSTEMPATH\CodeIgniter.php(943): App\Controllers\Index3->paket('img', 'curhatkuy_logo_new.png')
 5 SYSTEMPATH\CodeIgniter.php(503): CodeIgniter\CodeIgniter->runController(Object(App\Controllers\Index3))
 6 SYSTEMPATH\CodeIgniter.php(361): CodeIgniter\CodeIgniter->handleRequest(null, Object(Config\Cache), false)
 7 FCPATH\index.php(79): CodeIgniter\CodeIgniter->run()
CRITICAL - 2025-12-18 14:37:47 --> CodeIgniter\View\Exceptions\ViewException: Invalid file: "pages/paketPages/img.php"
in SYSTEMPATH\Exceptions\FrameworkException.php on line 39.
 1 SYSTEMPATH\View\View.php(216): CodeIgniter\Exceptions\FrameworkException::forInvalidFile('pages/paketPages/img.php')
 2 SYSTEMPATH\Common.php(1178): CodeIgniter\View\View->render('pages/paketPages/img', [], true)
 3 APPPATH\Controllers\Index3.php(26): view('pages/paketPages/img')
 4 SYSTEMPATH\CodeIgniter.php(943): App\Controllers\Index3->paket('img', 'curhatkuy_logo_new.png')
 5 SYSTEMPATH\CodeIgniter.php(503): CodeIgniter\CodeIgniter->runController(Object(App\Controllers\Index3))
 6 SYSTEMPATH\CodeIgniter.php(361): CodeIgniter\CodeIgniter->handleRequest(null, Object(Config\Cache), false)
 7 FCPATH\index.php(79): CodeIgniter\CodeIgniter->run()
CRITICAL - 2025-12-18 14:37:50 --> CodeIgniter\View\Exceptions\ViewException: Invalid file: "pages/paketPages/img.php"
in SYSTEMPATH\Exceptions\FrameworkException.php on line 39.
 1 SYSTEMPATH\View\View.php(216): CodeIgniter\Exceptions\FrameworkException::forInvalidFile('pages/paketPages/img.php')
 2 SYSTEMPATH\Common.php(1178): CodeIgniter\View\View->render('pages/paketPages/img', [], true)
 3 APPPATH\Controllers\Index3.php(26): view('pages/paketPages/img')
 4 SYSTEMPATH\CodeIgniter.php(943): App\Controllers\Index3->paket('img', 'curhatkuy_logo_new.png')
 5 SYSTEMPATH\CodeIgniter.php(503): CodeIgniter\CodeIgniter->runController(Object(App\Controllers\Index3))
 6 SYSTEMPATH\CodeIgniter.php(361): CodeIgniter\CodeIgniter->handleRequest(null, Object(Config\Cache), false)
 7 FCPATH\index.php(79): CodeIgniter\CodeIgniter->run()
CRITICAL - 2025-12-18 14:37:51 --> CodeIgniter\View\Exceptions\ViewException: Invalid file: "pages/paketPages/img.php"
in SYSTEMPATH\Exceptions\FrameworkException.php on line 39.
 1 SYSTEMPATH\View\View.php(216): CodeIgniter\Exceptions\FrameworkException::forInvalidFile('pages/paketPages/img.php')
 2 SYSTEMPATH\Common.php(1178): CodeIgniter\View\View->render('pages/paketPages/img', [], true)
 3 APPPATH\Controllers\Index3.php(26): view('pages/paketPages/img')
 4 SYSTEMPATH\CodeIgniter.php(943): App\Controllers\Index3->paket('img', 'curhatkuy_logo_new.png')
 5 SYSTEMPATH\CodeIgniter.php(503): CodeIgniter\CodeIgniter->runController(Object(App\Controllers\Index3))
 6 SYSTEMPATH\CodeIgniter.php(361): CodeIgniter\CodeIgniter->handleRequest(null, Object(Config\Cache), false)
 7 FCPATH\index.php(79): CodeIgniter\CodeIgniter->run()
CRITICAL - 2025-12-18 14:46:53 --> CodeIgniter\View\Exceptions\ViewException: Invalid file: "pages/paketPages/img.php"
in SYSTEMPATH\Exceptions\FrameworkException.php on line 39.
 1 SYSTEMPATH\View\View.php(216): CodeIgniter\Exceptions\FrameworkException::forInvalidFile('pages/paketPages/img.php')
 2 SYSTEMPATH\Common.php(1178): CodeIgniter\View\View->render('pages/paketPages/img', [], true)
 3 APPPATH\Controllers\Index3.php(26): view('pages/paketPages/img')
 4 SYSTEMPATH\CodeIgniter.php(943): App\Controllers\Index3->paket('img', 'curhatkuy_logo_new.png')
 5 SYSTEMPATH\CodeIgniter.php(503): CodeIgniter\CodeIgniter->runController(Object(App\Controllers\Index3))
 6 SYSTEMPATH\CodeIgniter.php(361): CodeIgniter\CodeIgniter->handleRequest(null, Object(Config\Cache), false)
 7 FCPATH\index.php(79): CodeIgniter\CodeIgniter->run()
CRITICAL - 2025-12-18 15:03:41 --> CodeIgniter\View\Exceptions\ViewException: Invalid file: "pages/paketPages/img.php"
in SYSTEMPATH\Exceptions\FrameworkException.php on line 39.
 1 SYSTEMPATH\View\View.php(216): CodeIgniter\Exceptions\FrameworkException::forInvalidFile('pages/paketPages/img.php')
 2 SYSTEMPATH\Common.php(1178): CodeIgniter\View\View->render('pages/paketPages/img', [], true)
 3 APPPATH\Controllers\Index3.php(26): view('pages/paketPages/img')
 4 SYSTEMPATH\CodeIgniter.php(943): App\Controllers\Index3->paket('img', 'curhatkuy_logo_new.png')
 5 SYSTEMPATH\CodeIgniter.php(503): CodeIgniter\CodeIgniter->runController(Object(App\Controllers\Index3))
 6 SYSTEMPATH\CodeIgniter.php(361): CodeIgniter\CodeIgniter->handleRequest(null, Object(Config\Cache), false)
 7 FCPATH\index.php(79): CodeIgniter\CodeIgniter->run()
CRITICAL - 2025-12-18 15:03:43 --> CodeIgniter\View\Exceptions\ViewException: Invalid file: "pages/paketPages/img.php"
in SYSTEMPATH\Exceptions\FrameworkException.php on line 39.
 1 SYSTEMPATH\View\View.php(216): CodeIgniter\Exceptions\FrameworkException::forInvalidFile('pages/paketPages/img.php')
 2 SYSTEMPATH\Common.php(1178): CodeIgniter\View\View->render('pages/paketPages/img', [], true)
 3 APPPATH\Controllers\Index3.php(26): view('pages/paketPages/img')
 4 SYSTEMPATH\CodeIgniter.php(943): App\Controllers\Index3->paket('img', 'curhatkuy_logo_new.png')
 5 SYSTEMPATH\CodeIgniter.php(503): CodeIgniter\CodeIgniter->runController(Object(App\Controllers\Index3))
 6 SYSTEMPATH\CodeIgniter.php(361): CodeIgniter\CodeIgniter->handleRequest(null, Object(Config\Cache), false)
 7 FCPATH\index.php(79): CodeIgniter\CodeIgniter->run()
CRITICAL - 2025-12-18 15:13:16 --> CodeIgniter\View\Exceptions\ViewException: Invalid file: "pages/paketPages/img.php"
in SYSTEMPATH\Exceptions\FrameworkException.php on line 39.
 1 SYSTEMPATH\View\View.php(216): CodeIgniter\Exceptions\FrameworkException::forInvalidFile('pages/paketPages/img.php')
 2 SYSTEMPATH\Common.php(1178): CodeIgniter\View\View->render('pages/paketPages/img', [], true)
 3 APPPATH\Controllers\Index3.php(26): view('pages/paketPages/img')
 4 SYSTEMPATH\CodeIgniter.php(943): App\Controllers\Index3->paket('img', 'curhatkuy_logo_new.png')
 5 SYSTEMPATH\CodeIgniter.php(503): CodeIgniter\CodeIgniter->runController(Object(App\Controllers\Index3))
 6 SYSTEMPATH\CodeIgniter.php(361): CodeIgniter\CodeIgniter->handleRequest(null, Object(Config\Cache), false)
 7 FCPATH\index.php(79): CodeIgniter\CodeIgniter->run()
CRITICAL - 2025-12-18 15:13:39 --> CodeIgniter\View\Exceptions\ViewException: Invalid file: "pages/paketPages/img.php"
in SYSTEMPATH\Exceptions\FrameworkException.php on line 39.
 1 SYSTEMPATH\View\View.php(216): CodeIgniter\Exceptions\FrameworkException::forInvalidFile('pages/paketPages/img.php')
 2 SYSTEMPATH\Common.php(1178): CodeIgniter\View\View->render('pages/paketPages/img', [], true)
 3 APPPATH\Controllers\Index3.php(26): view('pages/paketPages/img')
 4 SYSTEMPATH\CodeIgniter.php(943): App\Controllers\Index3->paket('img', 'curhatkuy_logo_new.png')
 5 SYSTEMPATH\CodeIgniter.php(503): CodeIgniter\CodeIgniter->runController(Object(App\Controllers\Index3))
 6 SYSTEMPATH\CodeIgniter.php(361): CodeIgniter\CodeIgniter->handleRequest(null, Object(Config\Cache), false)
 7 FCPATH\index.php(79): CodeIgniter\CodeIgniter->run()
CRITICAL - 2025-12-18 15:13:39 --> CodeIgniter\View\Exceptions\ViewException: Invalid file: "pages/paketPages/img.php"
in SYSTEMPATH\Exceptions\FrameworkException.php on line 39.
 1 SYSTEMPATH\View\View.php(216): CodeIgniter\Exceptions\FrameworkException::forInvalidFile('pages/paketPages/img.php')
 2 SYSTEMPATH\Common.php(1178): CodeIgniter\View\View->render('pages/paketPages/img', [], true)
 3 APPPATH\Controllers\Index3.php(26): view('pages/paketPages/img')
 4 SYSTEMPATH\CodeIgniter.php(943): App\Controllers\Index3->paket('img', 'curhatkuy_logo_new.png')
 5 SYSTEMPATH\CodeIgniter.php(503): CodeIgniter\CodeIgniter->runController(Object(App\Controllers\Index3))
 6 SYSTEMPATH\CodeIgniter.php(361): CodeIgniter\CodeIgniter->handleRequest(null, Object(Config\Cache), false)
 7 FCPATH\index.php(79): CodeIgniter\CodeIgniter->run()
CRITICAL - 2025-12-18 15:13:50 --> CodeIgniter\View\Exceptions\ViewException: Invalid file: "pages/paketPages/img.php"
in SYSTEMPATH\Exceptions\FrameworkException.php on line 39.
 1 SYSTEMPATH\View\View.php(216): CodeIgniter\Exceptions\FrameworkException::forInvalidFile('pages/paketPages/img.php')
 2 SYSTEMPATH\Common.php(1178): CodeIgniter\View\View->render('pages/paketPages/img', [], true)
 3 APPPATH\Controllers\Index3.php(26): view('pages/paketPages/img')
 4 SYSTEMPATH\CodeIgniter.php(943): App\Controllers\Index3->paket('img', 'curhatkuy_logo_new.png')
 5 SYSTEMPATH\CodeIgniter.php(503): CodeIgniter\CodeIgniter->runController(Object(App\Controllers\Index3))
 6 SYSTEMPATH\CodeIgniter.php(361): CodeIgniter\CodeIgniter->handleRequest(null, Object(Config\Cache), false)
 7 FCPATH\index.php(79): CodeIgniter\CodeIgniter->run()
CRITICAL - 2025-12-18 15:14:05 --> CodeIgniter\View\Exceptions\ViewException: Invalid file: "pages/paketPages/img.php"
in SYSTEMPATH\Exceptions\FrameworkException.php on line 39.
 1 SYSTEMPATH\View\View.php(216): CodeIgniter\Exceptions\FrameworkException::forInvalidFile('pages/paketPages/img.php')
 2 SYSTEMPATH\Common.php(1178): CodeIgniter\View\View->render('pages/paketPages/img', [], true)
 3 APPPATH\Controllers\Index3.php(26): view('pages/paketPages/img')
 4 SYSTEMPATH\CodeIgniter.php(943): App\Controllers\Index3->paket('img', 'curhatkuy_logo_new.png')
 5 SYSTEMPATH\CodeIgniter.php(503): CodeIgniter\CodeIgniter->runController(Object(App\Controllers\Index3))
 6 SYSTEMPATH\CodeIgniter.php(361): CodeIgniter\CodeIgniter->handleRequest(null, Object(Config\Cache), false)
 7 FCPATH\index.php(79): CodeIgniter\CodeIgniter->run()
CRITICAL - 2025-12-18 15:14:25 --> CodeIgniter\View\Exceptions\ViewException: Invalid file: "pages/paketPages/img.php"
in SYSTEMPATH\Exceptions\FrameworkException.php on line 39.
 1 SYSTEMPATH\View\View.php(216): CodeIgniter\Exceptions\FrameworkException::forInvalidFile('pages/paketPages/img.php')
 2 SYSTEMPATH\Common.php(1178): CodeIgniter\View\View->render('pages/paketPages/img', [], true)
 3 APPPATH\Controllers\Index3.php(26): view('pages/paketPages/img')
 4 SYSTEMPATH\CodeIgniter.php(943): App\Controllers\Index3->paket('img', 'curhatkuy_logo_new.png')
 5 SYSTEMPATH\CodeIgniter.php(503): CodeIgniter\CodeIgniter->runController(Object(App\Controllers\Index3))
 6 SYSTEMPATH\CodeIgniter.php(361): CodeIgniter\CodeIgniter->handleRequest(null, Object(Config\Cache), false)
 7 FCPATH\index.php(79): CodeIgniter\CodeIgniter->run()
CRITICAL - 2025-12-18 15:15:36 --> CodeIgniter\View\Exceptions\ViewException: Invalid file: "pages/paketPages/img.php"
in SYSTEMPATH\Exceptions\FrameworkException.php on line 39.
 1 SYSTEMPATH\View\View.php(216): CodeIgniter\Exceptions\FrameworkException::forInvalidFile('pages/paketPages/img.php')
 2 SYSTEMPATH\Common.php(1178): CodeIgniter\View\View->render('pages/paketPages/img', [], true)
 3 APPPATH\Controllers\Index3.php(26): view('pages/paketPages/img')
 4 SYSTEMPATH\CodeIgniter.php(943): App\Controllers\Index3->paket('img', 'curhatkuy_logo_new.png')
 5 SYSTEMPATH\CodeIgniter.php(503): CodeIgniter\CodeIgniter->runController(Object(App\Controllers\Index3))
 6 SYSTEMPATH\CodeIgniter.php(361): CodeIgniter\CodeIgniter->handleRequest(null, Object(Config\Cache), false)
 7 FCPATH\index.php(79): CodeIgniter\CodeIgniter->run()
CRITICAL - 2025-12-18 15:16:06 --> CodeIgniter\View\Exceptions\ViewException: Invalid file: "pages/paketPages/img.php"
in SYSTEMPATH\Exceptions\FrameworkException.php on line 39.
 1 SYSTEMPATH\View\View.php(216): CodeIgniter\Exceptions\FrameworkException::forInvalidFile('pages/paketPages/img.php')
 2 SYSTEMPATH\Common.php(1178): CodeIgniter\View\View->render('pages/paketPages/img', [], true)
 3 APPPATH\Controllers\Index3.php(26): view('pages/paketPages/img')
 4 SYSTEMPATH\CodeIgniter.php(943): App\Controllers\Index3->paket('img', 'curhatkuy_logo_new.png')
 5 SYSTEMPATH\CodeIgniter.php(503): CodeIgniter\CodeIgniter->runController(Object(App\Controllers\Index3))
 6 SYSTEMPATH\CodeIgniter.php(361): CodeIgniter\CodeIgniter->handleRequest(null, Object(Config\Cache), false)
 7 FCPATH\index.php(79): CodeIgniter\CodeIgniter->run()
CRITICAL - 2025-12-18 15:16:13 --> CodeIgniter\View\Exceptions\ViewException: Invalid file: "pages/paketPages/img.php"
in SYSTEMPATH\Exceptions\FrameworkException.php on line 39.
 1 SYSTEMPATH\View\View.php(216): CodeIgniter\Exceptions\FrameworkException::forInvalidFile('pages/paketPages/img.php')
 2 SYSTEMPATH\Common.php(1178): CodeIgniter\View\View->render('pages/paketPages/img', [], true)
 3 APPPATH\Controllers\Index3.php(26): view('pages/paketPages/img')
 4 SYSTEMPATH\CodeIgniter.php(943): App\Controllers\Index3->paket('img', 'curhatkuy_logo_new.png')
 5 SYSTEMPATH\CodeIgniter.php(503): CodeIgniter\CodeIgniter->runController(Object(App\Controllers\Index3))
 6 SYSTEMPATH\CodeIgniter.php(361): CodeIgniter\CodeIgniter->handleRequest(null, Object(Config\Cache), false)
 7 FCPATH\index.php(79): CodeIgniter\CodeIgniter->run()
CRITICAL - 2025-12-18 15:16:17 --> CodeIgniter\View\Exceptions\ViewException: Invalid file: "pages/paketPages/img.php"
in SYSTEMPATH\Exceptions\FrameworkException.php on line 39.
 1 SYSTEMPATH\View\View.php(216): CodeIgniter\Exceptions\FrameworkException::forInvalidFile('pages/paketPages/img.php')
 2 SYSTEMPATH\Common.php(1178): CodeIgniter\View\View->render('pages/paketPages/img', [], true)
 3 APPPATH\Controllers\Index3.php(26): view('pages/paketPages/img')
 4 SYSTEMPATH\CodeIgniter.php(943): App\Controllers\Index3->paket('img', 'curhatkuy_logo_new.png')
 5 SYSTEMPATH\CodeIgniter.php(503): CodeIgniter\CodeIgniter->runController(Object(App\Controllers\Index3))
 6 SYSTEMPATH\CodeIgniter.php(361): CodeIgniter\CodeIgniter->handleRequest(null, Object(Config\Cache), false)
 7 FCPATH\index.php(79): CodeIgniter\CodeIgniter->run()
CRITICAL - 2025-12-18 15:16:55 --> CodeIgniter\View\Exceptions\ViewException: Invalid file: "pages/paketPages/img.php"
in SYSTEMPATH\Exceptions\FrameworkException.php on line 39.
 1 SYSTEMPATH\View\View.php(216): CodeIgniter\Exceptions\FrameworkException::forInvalidFile('pages/paketPages/img.php')
 2 SYSTEMPATH\Common.php(1178): CodeIgniter\View\View->render('pages/paketPages/img', [], true)
 3 APPPATH\Controllers\Index3.php(26): view('pages/paketPages/img')
 4 SYSTEMPATH\CodeIgniter.php(943): App\Controllers\Index3->paket('img', 'curhatkuy_logo_new.png')
 5 SYSTEMPATH\CodeIgniter.php(503): CodeIgniter\CodeIgniter->runController(Object(App\Controllers\Index3))
 6 SYSTEMPATH\CodeIgniter.php(361): CodeIgniter\CodeIgniter->handleRequest(null, Object(Config\Cache), false)
 7 FCPATH\index.php(79): CodeIgniter\CodeIgniter->run()
CRITICAL - 2025-12-18 15:16:57 --> CodeIgniter\View\Exceptions\ViewException: Invalid file: "pages/paketPages/img.php"
in SYSTEMPATH\Exceptions\FrameworkException.php on line 39.
 1 SYSTEMPATH\View\View.php(216): CodeIgniter\Exceptions\FrameworkException::forInvalidFile('pages/paketPages/img.php')
 2 SYSTEMPATH\Common.php(1178): CodeIgniter\View\View->render('pages/paketPages/img', [], true)
 3 APPPATH\Controllers\Index3.php(26): view('pages/paketPages/img')
 4 SYSTEMPATH\CodeIgniter.php(943): App\Controllers\Index3->paket('img', 'curhatkuy_logo_new.png')
 5 SYSTEMPATH\CodeIgniter.php(503): CodeIgniter\CodeIgniter->runController(Object(App\Controllers\Index3))
 6 SYSTEMPATH\CodeIgniter.php(361): CodeIgniter\CodeIgniter->handleRequest(null, Object(Config\Cache), false)
 7 FCPATH\index.php(79): CodeIgniter\CodeIgniter->run()
CRITICAL - 2025-12-18 15:16:58 --> CodeIgniter\View\Exceptions\ViewException: Invalid file: "pages/paketPages/img.php"
in SYSTEMPATH\Exceptions\FrameworkException.php on line 39.
 1 SYSTEMPATH\View\View.php(216): CodeIgniter\Exceptions\FrameworkException::forInvalidFile('pages/paketPages/img.php')
 2 SYSTEMPATH\Common.php(1178): CodeIgniter\View\View->render('pages/paketPages/img', [], true)
 3 APPPATH\Controllers\Index3.php(26): view('pages/paketPages/img')
 4 SYSTEMPATH\CodeIgniter.php(943): App\Controllers\Index3->paket('img', 'curhatkuy_logo_new.png')
 5 SYSTEMPATH\CodeIgniter.php(503): CodeIgniter\CodeIgniter->runController(Object(App\Controllers\Index3))
 6 SYSTEMPATH\CodeIgniter.php(361): CodeIgniter\CodeIgniter->handleRequest(null, Object(Config\Cache), false)
 7 FCPATH\index.php(79): CodeIgniter\CodeIgniter->run()
CRITICAL - 2025-12-18 15:16:59 --> CodeIgniter\View\Exceptions\ViewException: Invalid file: "pages/paketPages/img.php"
in SYSTEMPATH\Exceptions\FrameworkException.php on line 39.
 1 SYSTEMPATH\View\View.php(216): CodeIgniter\Exceptions\FrameworkException::forInvalidFile('pages/paketPages/img.php')
 2 SYSTEMPATH\Common.php(1178): CodeIgniter\View\View->render('pages/paketPages/img', [], true)
 3 APPPATH\Controllers\Index3.php(26): view('pages/paketPages/img')
 4 SYSTEMPATH\CodeIgniter.php(943): App\Controllers\Index3->paket('img', 'curhatkuy_logo_new.png')
 5 SYSTEMPATH\CodeIgniter.php(503): CodeIgniter\CodeIgniter->runController(Object(App\Controllers\Index3))
 6 SYSTEMPATH\CodeIgniter.php(361): CodeIgniter\CodeIgniter->handleRequest(null, Object(Config\Cache), false)
 7 FCPATH\index.php(79): CodeIgniter\CodeIgniter->run()
CRITICAL - 2025-12-18 15:16:59 --> CodeIgniter\View\Exceptions\ViewException: Invalid file: "pages/paketPages/img.php"
in SYSTEMPATH\Exceptions\FrameworkException.php on line 39.
 1 SYSTEMPATH\View\View.php(216): CodeIgniter\Exceptions\FrameworkException::forInvalidFile('pages/paketPages/img.php')
 2 SYSTEMPATH\Common.php(1178): CodeIgniter\View\View->render('pages/paketPages/img', [], true)
 3 APPPATH\Controllers\Index3.php(26): view('pages/paketPages/img')
 4 SYSTEMPATH\CodeIgniter.php(943): App\Controllers\Index3->paket('img', 'curhatkuy_logo_new.png')
 5 SYSTEMPATH\CodeIgniter.php(503): CodeIgniter\CodeIgniter->runController(Object(App\Controllers\Index3))
 6 SYSTEMPATH\CodeIgniter.php(361): CodeIgniter\CodeIgniter->handleRequest(null, Object(Config\Cache), false)
 7 FCPATH\index.php(79): CodeIgniter\CodeIgniter->run()
CRITICAL - 2025-12-18 15:18:48 --> CodeIgniter\View\Exceptions\ViewException: Invalid file: "pages/paketPages/img.php"
in SYSTEMPATH\Exceptions\FrameworkException.php on line 39.
 1 SYSTEMPATH\View\View.php(216): CodeIgniter\Exceptions\FrameworkException::forInvalidFile('pages/paketPages/img.php')
 2 SYSTEMPATH\Common.php(1178): CodeIgniter\View\View->render('pages/paketPages/img', [], true)
 3 APPPATH\Controllers\Index3.php(26): view('pages/paketPages/img')
 4 SYSTEMPATH\CodeIgniter.php(943): App\Controllers\Index3->paket('img', 'curhatkuy_logo_new.png')
 5 SYSTEMPATH\CodeIgniter.php(503): CodeIgniter\CodeIgniter->runController(Object(App\Controllers\Index3))
 6 SYSTEMPATH\CodeIgniter.php(361): CodeIgniter\CodeIgniter->handleRequest(null, Object(Config\Cache), false)
 7 FCPATH\index.php(79): CodeIgniter\CodeIgniter->run()
CRITICAL - 2025-12-18 15:18:48 --> CodeIgniter\View\Exceptions\ViewException: Invalid file: "pages/paketPages/img.php"
in SYSTEMPATH\Exceptions\FrameworkException.php on line 39.
 1 SYSTEMPATH\View\View.php(216): CodeIgniter\Exceptions\FrameworkException::forInvalidFile('pages/paketPages/img.php')
 2 SYSTEMPATH\Common.php(1178): CodeIgniter\View\View->render('pages/paketPages/img', [], true)
 3 APPPATH\Controllers\Index3.php(26): view('pages/paketPages/img')
 4 SYSTEMPATH\CodeIgniter.php(943): App\Controllers\Index3->paket('img', 'curhatkuy_logo_new.png')
 5 SYSTEMPATH\CodeIgniter.php(503): CodeIgniter\CodeIgniter->runController(Object(App\Controllers\Index3))
 6 SYSTEMPATH\CodeIgniter.php(361): CodeIgniter\CodeIgniter->handleRequest(null, Object(Config\Cache), false)
 7 FCPATH\index.php(79): CodeIgniter\CodeIgniter->run()
CRITICAL - 2025-12-18 15:18:54 --> CodeIgniter\View\Exceptions\ViewException: Invalid file: "pages/paketPages/img.php"
in SYSTEMPATH\Exceptions\FrameworkException.php on line 39.
 1 SYSTEMPATH\View\View.php(216): CodeIgniter\Exceptions\FrameworkException::forInvalidFile('pages/paketPages/img.php')
 2 SYSTEMPATH\Common.php(1178): CodeIgniter\View\View->render('pages/paketPages/img', [], true)
 3 APPPATH\Controllers\Index3.php(26): view('pages/paketPages/img')
 4 SYSTEMPATH\CodeIgniter.php(943): App\Controllers\Index3->paket('img', 'curhatkuy_logo_new.png')
 5 SYSTEMPATH\CodeIgniter.php(503): CodeIgniter\CodeIgniter->runController(Object(App\Controllers\Index3))
 6 SYSTEMPATH\CodeIgniter.php(361): CodeIgniter\CodeIgniter->handleRequest(null, Object(Config\Cache), false)
 7 FCPATH\index.php(79): CodeIgniter\CodeIgniter->run()
CRITICAL - 2025-12-18 15:19:16 --> CodeIgniter\View\Exceptions\ViewException: Invalid file: "pages/paketPages/img.php"
in SYSTEMPATH\Exceptions\FrameworkException.php on line 39.
 1 SYSTEMPATH\View\View.php(216): CodeIgniter\Exceptions\FrameworkException::forInvalidFile('pages/paketPages/img.php')
 2 SYSTEMPATH\Common.php(1178): CodeIgniter\View\View->render('pages/paketPages/img', [], true)
 3 APPPATH\Controllers\Index3.php(26): view('pages/paketPages/img')
 4 SYSTEMPATH\CodeIgniter.php(943): App\Controllers\Index3->paket('img', 'curhatkuy_logo_new.png')
 5 SYSTEMPATH\CodeIgniter.php(503): CodeIgniter\CodeIgniter->runController(Object(App\Controllers\Index3))
 6 SYSTEMPATH\CodeIgniter.php(361): CodeIgniter\CodeIgniter->handleRequest(null, Object(Config\Cache), false)
 7 FCPATH\index.php(79): CodeIgniter\CodeIgniter->run()
CRITICAL - 2025-12-18 15:19:17 --> CodeIgniter\View\Exceptions\ViewException: Invalid file: "pages/paketPages/img.php"
in SYSTEMPATH\Exceptions\FrameworkException.php on line 39.
 1 SYSTEMPATH\View\View.php(216): CodeIgniter\Exceptions\FrameworkException::forInvalidFile('pages/paketPages/img.php')
 2 SYSTEMPATH\Common.php(1178): CodeIgniter\View\View->render('pages/paketPages/img', [], true)
 3 APPPATH\Controllers\Index3.php(26): view('pages/paketPages/img')
 4 SYSTEMPATH\CodeIgniter.php(943): App\Controllers\Index3->paket('img', 'curhatkuy_logo_new.png')
 5 SYSTEMPATH\CodeIgniter.php(503): CodeIgniter\CodeIgniter->runController(Object(App\Controllers\Index3))
 6 SYSTEMPATH\CodeIgniter.php(361): CodeIgniter\CodeIgniter->handleRequest(null, Object(Config\Cache), false)
 7 FCPATH\index.php(79): CodeIgniter\CodeIgniter->run()
CRITICAL - 2025-12-18 15:19:18 --> CodeIgniter\View\Exceptions\ViewException: Invalid file: "pages/paketPages/img.php"
in SYSTEMPATH\Exceptions\FrameworkException.php on line 39.
 1 SYSTEMPATH\View\View.php(216): CodeIgniter\Exceptions\FrameworkException::forInvalidFile('pages/paketPages/img.php')
 2 SYSTEMPATH\Common.php(1178): CodeIgniter\View\View->render('pages/paketPages/img', [], true)
 3 APPPATH\Controllers\Index3.php(26): view('pages/paketPages/img')
 4 SYSTEMPATH\CodeIgniter.php(943): App\Controllers\Index3->paket('img', 'curhatkuy_logo_new.png')
 5 SYSTEMPATH\CodeIgniter.php(503): CodeIgniter\CodeIgniter->runController(Object(App\Controllers\Index3))
 6 SYSTEMPATH\CodeIgniter.php(361): CodeIgniter\CodeIgniter->handleRequest(null, Object(Config\Cache), false)
 7 FCPATH\index.php(79): CodeIgniter\CodeIgniter->run()
CRITICAL - 2025-12-18 15:19:19 --> CodeIgniter\View\Exceptions\ViewException: Invalid file: "pages/paketPages/img.php"
in SYSTEMPATH\Exceptions\FrameworkException.php on line 39.
 1 SYSTEMPATH\View\View.php(216): CodeIgniter\Exceptions\FrameworkException::forInvalidFile('pages/paketPages/img.php')
 2 SYSTEMPATH\Common.php(1178): CodeIgniter\View\View->render('pages/paketPages/img', [], true)
 3 APPPATH\Controllers\Index3.php(26): view('pages/paketPages/img')
 4 SYSTEMPATH\CodeIgniter.php(943): App\Controllers\Index3->paket('img', 'curhatkuy_logo_new.png')
 5 SYSTEMPATH\CodeIgniter.php(503): CodeIgniter\CodeIgniter->runController(Object(App\Controllers\Index3))
 6 SYSTEMPATH\CodeIgniter.php(361): CodeIgniter\CodeIgniter->handleRequest(null, Object(Config\Cache), false)
 7 FCPATH\index.php(79): CodeIgniter\CodeIgniter->run()
CRITICAL - 2025-12-18 15:19:43 --> CodeIgniter\View\Exceptions\ViewException: Invalid file: "pages/paketPages/img.php"
in SYSTEMPATH\Exceptions\FrameworkException.php on line 39.
 1 SYSTEMPATH\View\View.php(216): CodeIgniter\Exceptions\FrameworkException::forInvalidFile('pages/paketPages/img.php')
 2 SYSTEMPATH\Common.php(1178): CodeIgniter\View\View->render('pages/paketPages/img', [], true)
 3 APPPATH\Controllers\Index3.php(26): view('pages/paketPages/img')
 4 SYSTEMPATH\CodeIgniter.php(943): App\Controllers\Index3->paket('img', 'curhatkuy_logo_new.png')
 5 SYSTEMPATH\CodeIgniter.php(503): CodeIgniter\CodeIgniter->runController(Object(App\Controllers\Index3))
 6 SYSTEMPATH\CodeIgniter.php(361): CodeIgniter\CodeIgniter->handleRequest(null, Object(Config\Cache), false)
 7 FCPATH\index.php(79): CodeIgniter\CodeIgniter->run()
CRITICAL - 2025-12-18 15:19:44 --> CodeIgniter\View\Exceptions\ViewException: Invalid file: "pages/paketPages/img.php"
in SYSTEMPATH\Exceptions\FrameworkException.php on line 39.
 1 SYSTEMPATH\View\View.php(216): CodeIgniter\Exceptions\FrameworkException::forInvalidFile('pages/paketPages/img.php')
 2 SYSTEMPATH\Common.php(1178): CodeIgniter\View\View->render('pages/paketPages/img', [], true)
 3 APPPATH\Controllers\Index3.php(26): view('pages/paketPages/img')
 4 SYSTEMPATH\CodeIgniter.php(943): App\Controllers\Index3->paket('img', 'curhatkuy_logo_new.png')
 5 SYSTEMPATH\CodeIgniter.php(503): CodeIgniter\CodeIgniter->runController(Object(App\Controllers\Index3))
 6 SYSTEMPATH\CodeIgniter.php(361): CodeIgniter\CodeIgniter->handleRequest(null, Object(Config\Cache), false)
 7 FCPATH\index.php(79): CodeIgniter\CodeIgniter->run()
CRITICAL - 2025-12-18 15:20:25 --> CodeIgniter\View\Exceptions\ViewException: Invalid file: "pages/paketPages/img.php"
in SYSTEMPATH\Exceptions\FrameworkException.php on line 39.
 1 SYSTEMPATH\View\View.php(216): CodeIgniter\Exceptions\FrameworkException::forInvalidFile('pages/paketPages/img.php')
 2 SYSTEMPATH\Common.php(1178): CodeIgniter\View\View->render('pages/paketPages/img', [], true)
 3 APPPATH\Controllers\Index3.php(26): view('pages/paketPages/img')
 4 SYSTEMPATH\CodeIgniter.php(943): App\Controllers\Index3->paket('img', 'curhatkuy_logo_new.png')
 5 SYSTEMPATH\CodeIgniter.php(503): CodeIgniter\CodeIgniter->runController(Object(App\Controllers\Index3))
 6 SYSTEMPATH\CodeIgniter.php(361): CodeIgniter\CodeIgniter->handleRequest(null, Object(Config\Cache), false)
 7 FCPATH\index.php(79): CodeIgniter\CodeIgniter->run()
CRITICAL - 2025-12-18 15:20:26 --> CodeIgniter\View\Exceptions\ViewException: Invalid file: "pages/paketPages/img.php"
in SYSTEMPATH\Exceptions\FrameworkException.php on line 39.
 1 SYSTEMPATH\View\View.php(216): CodeIgniter\Exceptions\FrameworkException::forInvalidFile('pages/paketPages/img.php')
 2 SYSTEMPATH\Common.php(1178): CodeIgniter\View\View->render('pages/paketPages/img', [], true)
 3 APPPATH\Controllers\Index3.php(26): view('pages/paketPages/img')
 4 SYSTEMPATH\CodeIgniter.php(943): App\Controllers\Index3->paket('img', 'curhatkuy_logo_new.png')
 5 SYSTEMPATH\CodeIgniter.php(503): CodeIgniter\CodeIgniter->runController(Object(App\Controllers\Index3))
 6 SYSTEMPATH\CodeIgniter.php(361): CodeIgniter\CodeIgniter->handleRequest(null, Object(Config\Cache), false)
 7 FCPATH\index.php(79): CodeIgniter\CodeIgniter->run()
CRITICAL - 2025-12-18 15:20:50 --> CodeIgniter\View\Exceptions\ViewException: Invalid file: "pages/paketPages/img.php"
in SYSTEMPATH\Exceptions\FrameworkException.php on line 39.
 1 SYSTEMPATH\View\View.php(216): CodeIgniter\Exceptions\FrameworkException::forInvalidFile('pages/paketPages/img.php')
 2 SYSTEMPATH\Common.php(1178): CodeIgniter\View\View->render('pages/paketPages/img', [], true)
 3 APPPATH\Controllers\Index3.php(26): view('pages/paketPages/img')
 4 SYSTEMPATH\CodeIgniter.php(943): App\Controllers\Index3->paket('img', 'curhatkuy_logo_new.png')
 5 SYSTEMPATH\CodeIgniter.php(503): CodeIgniter\CodeIgniter->runController(Object(App\Controllers\Index3))
 6 SYSTEMPATH\CodeIgniter.php(361): CodeIgniter\CodeIgniter->handleRequest(null, Object(Config\Cache), false)
 7 FCPATH\index.php(79): CodeIgniter\CodeIgniter->run()
CRITICAL - 2025-12-18 15:20:54 --> CodeIgniter\View\Exceptions\ViewException: Invalid file: "pages/paketPages/img.php"
in SYSTEMPATH\Exceptions\FrameworkException.php on line 39.
 1 SYSTEMPATH\View\View.php(216): CodeIgniter\Exceptions\FrameworkException::forInvalidFile('pages/paketPages/img.php')
 2 SYSTEMPATH\Common.php(1178): CodeIgniter\View\View->render('pages/paketPages/img', [], true)
 3 APPPATH\Controllers\Index3.php(26): view('pages/paketPages/img')
 4 SYSTEMPATH\CodeIgniter.php(943): App\Controllers\Index3->paket('img', 'curhatkuy_logo_new.png')
 5 SYSTEMPATH\CodeIgniter.php(503): CodeIgniter\CodeIgniter->runController(Object(App\Controllers\Index3))
 6 SYSTEMPATH\CodeIgniter.php(361): CodeIgniter\CodeIgniter->handleRequest(null, Object(Config\Cache), false)
 7 FCPATH\index.php(79): CodeIgniter\CodeIgniter->run()
CRITICAL - 2025-12-18 15:21:14 --> CodeIgniter\View\Exceptions\ViewException: Invalid file: "pages/paketPages/img.php"
in SYSTEMPATH\Exceptions\FrameworkException.php on line 39.
 1 SYSTEMPATH\View\View.php(216): CodeIgniter\Exceptions\FrameworkException::forInvalidFile('pages/paketPages/img.php')
 2 SYSTEMPATH\Common.php(1178): CodeIgniter\View\View->render('pages/paketPages/img', [], true)
 3 APPPATH\Controllers\Index3.php(26): view('pages/paketPages/img')
 4 SYSTEMPATH\CodeIgniter.php(943): App\Controllers\Index3->paket('img', 'curhatkuy_logo_new.png')
 5 SYSTEMPATH\CodeIgniter.php(503): CodeIgniter\CodeIgniter->runController(Object(App\Controllers\Index3))
 6 SYSTEMPATH\CodeIgniter.php(361): CodeIgniter\CodeIgniter->handleRequest(null, Object(Config\Cache), false)
 7 FCPATH\index.php(79): CodeIgniter\CodeIgniter->run()
CRITICAL - 2025-12-18 15:21:14 --> CodeIgniter\View\Exceptions\ViewException: Invalid file: "pages/paketPages/img.php"
in SYSTEMPATH\Exceptions\FrameworkException.php on line 39.
 1 SYSTEMPATH\View\View.php(216): CodeIgniter\Exceptions\FrameworkException::forInvalidFile('pages/paketPages/img.php')
 2 SYSTEMPATH\Common.php(1178): CodeIgniter\View\View->render('pages/paketPages/img', [], true)
 3 APPPATH\Controllers\Index3.php(26): view('pages/paketPages/img')
 4 SYSTEMPATH\CodeIgniter.php(943): App\Controllers\Index3->paket('img', 'curhatkuy_logo_new.png')
 5 SYSTEMPATH\CodeIgniter.php(503): CodeIgniter\CodeIgniter->runController(Object(App\Controllers\Index3))
 6 SYSTEMPATH\CodeIgniter.php(361): CodeIgniter\CodeIgniter->handleRequest(null, Object(Config\Cache), false)
 7 FCPATH\index.php(79): CodeIgniter\CodeIgniter->run()
CRITICAL - 2025-12-18 15:21:21 --> CodeIgniter\View\Exceptions\ViewException: Invalid file: "pages/paketPages/img.php"
in SYSTEMPATH\Exceptions\FrameworkException.php on line 39.
 1 SYSTEMPATH\View\View.php(216): CodeIgniter\Exceptions\FrameworkException::forInvalidFile('pages/paketPages/img.php')
 2 SYSTEMPATH\Common.php(1178): CodeIgniter\View\View->render('pages/paketPages/img', [], true)
 3 APPPATH\Controllers\Index3.php(26): view('pages/paketPages/img')
 4 SYSTEMPATH\CodeIgniter.php(943): App\Controllers\Index3->paket('img', 'curhatkuy_logo_new.png')
 5 SYSTEMPATH\CodeIgniter.php(503): CodeIgniter\CodeIgniter->runController(Object(App\Controllers\Index3))
 6 SYSTEMPATH\CodeIgniter.php(361): CodeIgniter\CodeIgniter->handleRequest(null, Object(Config\Cache), false)
 7 FCPATH\index.php(79): CodeIgniter\CodeIgniter->run()
CRITICAL - 2025-12-18 15:21:57 --> CodeIgniter\View\Exceptions\ViewException: Invalid file: "pages/paketPages/img.php"
in SYSTEMPATH\Exceptions\FrameworkException.php on line 39.
 1 SYSTEMPATH\View\View.php(216): CodeIgniter\Exceptions\FrameworkException::forInvalidFile('pages/paketPages/img.php')
 2 SYSTEMPATH\Common.php(1178): CodeIgniter\View\View->render('pages/paketPages/img', [], true)
 3 APPPATH\Controllers\Index3.php(26): view('pages/paketPages/img')
 4 SYSTEMPATH\CodeIgniter.php(943): App\Controllers\Index3->paket('img', 'curhatkuy_logo_new.png')
 5 SYSTEMPATH\CodeIgniter.php(503): CodeIgniter\CodeIgniter->runController(Object(App\Controllers\Index3))
 6 SYSTEMPATH\CodeIgniter.php(361): CodeIgniter\CodeIgniter->handleRequest(null, Object(Config\Cache), false)
 7 FCPATH\index.php(79): CodeIgniter\CodeIgniter->run()
CRITICAL - 2025-12-18 15:21:58 --> CodeIgniter\View\Exceptions\ViewException: Invalid file: "pages/paketPages/img.php"
in SYSTEMPATH\Exceptions\FrameworkException.php on line 39.
 1 SYSTEMPATH\View\View.php(216): CodeIgniter\Exceptions\FrameworkException::forInvalidFile('pages/paketPages/img.php')
 2 SYSTEMPATH\Common.php(1178): CodeIgniter\View\View->render('pages/paketPages/img', [], true)
 3 APPPATH\Controllers\Index3.php(26): view('pages/paketPages/img')
 4 SYSTEMPATH\CodeIgniter.php(943): App\Controllers\Index3->paket('img', 'curhatkuy_logo_new.png')
 5 SYSTEMPATH\CodeIgniter.php(503): CodeIgniter\CodeIgniter->runController(Object(App\Controllers\Index3))
 6 SYSTEMPATH\CodeIgniter.php(361): CodeIgniter\CodeIgniter->handleRequest(null, Object(Config\Cache), false)
 7 FCPATH\index.php(79): CodeIgniter\CodeIgniter->run()
CRITICAL - 2025-12-18 15:22:00 --> CodeIgniter\View\Exceptions\ViewException: Invalid file: "pages/paketPages/img.php"
in SYSTEMPATH\Exceptions\FrameworkException.php on line 39.
 1 SYSTEMPATH\View\View.php(216): CodeIgniter\Exceptions\FrameworkException::forInvalidFile('pages/paketPages/img.php')
 2 SYSTEMPATH\Common.php(1178): CodeIgniter\View\View->render('pages/paketPages/img', [], true)
 3 APPPATH\Controllers\Index3.php(26): view('pages/paketPages/img')
 4 SYSTEMPATH\CodeIgniter.php(943): App\Controllers\Index3->paket('img', 'curhatkuy_logo_new.png')
 5 SYSTEMPATH\CodeIgniter.php(503): CodeIgniter\CodeIgniter->runController(Object(App\Controllers\Index3))
 6 SYSTEMPATH\CodeIgniter.php(361): CodeIgniter\CodeIgniter->handleRequest(null, Object(Config\Cache), false)
 7 FCPATH\index.php(79): CodeIgniter\CodeIgniter->run()
CRITICAL - 2025-12-18 15:22:26 --> CodeIgniter\View\Exceptions\ViewException: Invalid file: "pages/paketPages/img.php"
in SYSTEMPATH\Exceptions\FrameworkException.php on line 39.
 1 SYSTEMPATH\View\View.php(216): CodeIgniter\Exceptions\FrameworkException::forInvalidFile('pages/paketPages/img.php')
 2 SYSTEMPATH\Common.php(1178): CodeIgniter\View\View->render('pages/paketPages/img', [], true)
 3 APPPATH\Controllers\Index3.php(26): view('pages/paketPages/img')
 4 SYSTEMPATH\CodeIgniter.php(943): App\Controllers\Index3->paket('img', 'curhatkuy_logo_new.png')
 5 SYSTEMPATH\CodeIgniter.php(503): CodeIgniter\CodeIgniter->runController(Object(App\Controllers\Index3))
 6 SYSTEMPATH\CodeIgniter.php(361): CodeIgniter\CodeIgniter->handleRequest(null, Object(Config\Cache), false)
 7 FCPATH\index.php(79): CodeIgniter\CodeIgniter->run()
CRITICAL - 2025-12-18 15:23:31 --> CodeIgniter\View\Exceptions\ViewException: Invalid file: "pages/paketPages/img.php"
in SYSTEMPATH\Exceptions\FrameworkException.php on line 39.
 1 SYSTEMPATH\View\View.php(216): CodeIgniter\Exceptions\FrameworkException::forInvalidFile('pages/paketPages/img.php')
 2 SYSTEMPATH\Common.php(1178): CodeIgniter\View\View->render('pages/paketPages/img', [], true)
 3 APPPATH\Controllers\Index3.php(26): view('pages/paketPages/img')
 4 SYSTEMPATH\CodeIgniter.php(943): App\Controllers\Index3->paket('img', 'curhatkuy_logo_new.png')
 5 SYSTEMPATH\CodeIgniter.php(503): CodeIgniter\CodeIgniter->runController(Object(App\Controllers\Index3))
 6 SYSTEMPATH\CodeIgniter.php(361): CodeIgniter\CodeIgniter->handleRequest(null, Object(Config\Cache), false)
 7 FCPATH\index.php(79): CodeIgniter\CodeIgniter->run()
CRITICAL - 2025-12-18 15:24:30 --> CodeIgniter\View\Exceptions\ViewException: Invalid file: "pages/paketPages/img.php"
in SYSTEMPATH\Exceptions\FrameworkException.php on line 39.
 1 SYSTEMPATH\View\View.php(216): CodeIgniter\Exceptions\FrameworkException::forInvalidFile('pages/paketPages/img.php')
 2 SYSTEMPATH\Common.php(1178): CodeIgniter\View\View->render('pages/paketPages/img', [], true)
 3 APPPATH\Controllers\Index3.php(26): view('pages/paketPages/img')
 4 SYSTEMPATH\CodeIgniter.php(943): App\Controllers\Index3->paket('img', 'curhatkuy_logo_new.png')
 5 SYSTEMPATH\CodeIgniter.php(503): CodeIgniter\CodeIgniter->runController(Object(App\Controllers\Index3))
 6 SYSTEMPATH\CodeIgniter.php(361): CodeIgniter\CodeIgniter->handleRequest(null, Object(Config\Cache), false)
 7 FCPATH\index.php(79): CodeIgniter\CodeIgniter->run()
CRITICAL - 2025-12-18 15:55:23 --> CodeIgniter\View\Exceptions\ViewException: Invalid file: "pages/paketPages/img.php"
in SYSTEMPATH\Exceptions\FrameworkException.php on line 39.
 1 SYSTEMPATH\View\View.php(216): CodeIgniter\Exceptions\FrameworkException::forInvalidFile('pages/paketPages/img.php')
 2 SYSTEMPATH\Common.php(1178): CodeIgniter\View\View->render('pages/paketPages/img', [], true)
 3 APPPATH\Controllers\Index3.php(26): view('pages/paketPages/img')
 4 SYSTEMPATH\CodeIgniter.php(943): App\Controllers\Index3->paket('img', 'curhatkuy_logo_new.png')
 5 SYSTEMPATH\CodeIgniter.php(503): CodeIgniter\CodeIgniter->runController(Object(App\Controllers\Index3))
 6 SYSTEMPATH\CodeIgniter.php(361): CodeIgniter\CodeIgniter->handleRequest(null, Object(Config\Cache), false)
 7 FCPATH\index.php(79): CodeIgniter\CodeIgniter->run()
CRITICAL - 2025-12-18 15:56:19 --> CodeIgniter\View\Exceptions\ViewException: Invalid file: "pages/paketPages/img.php"
in SYSTEMPATH\Exceptions\FrameworkException.php on line 39.
 1 SYSTEMPATH\View\View.php(216): CodeIgniter\Exceptions\FrameworkException::forInvalidFile('pages/paketPages/img.php')
 2 SYSTEMPATH\Common.php(1178): CodeIgniter\View\View->render('pages/paketPages/img', [], true)
 3 APPPATH\Controllers\Index3.php(26): view('pages/paketPages/img')
 4 SYSTEMPATH\CodeIgniter.php(943): App\Controllers\Index3->paket('img', 'curhatkuy_logo_new.png')
 5 SYSTEMPATH\CodeIgniter.php(503): CodeIgniter\CodeIgniter->runController(Object(App\Controllers\Index3))
 6 SYSTEMPATH\CodeIgniter.php(361): CodeIgniter\CodeIgniter->handleRequest(null, Object(Config\Cache), false)
 7 FCPATH\index.php(79): CodeIgniter\CodeIgniter->run()
CRITICAL - 2025-12-18 16:32:32 --> CodeIgniter\View\Exceptions\ViewException: Invalid file: "pages/paketPages/img.php"
in SYSTEMPATH\Exceptions\FrameworkException.php on line 39.
 1 SYSTEMPATH\View\View.php(216): CodeIgniter\Exceptions\FrameworkException::forInvalidFile('pages/paketPages/img.php')
 2 SYSTEMPATH\Common.php(1178): CodeIgniter\View\View->render('pages/paketPages/img', [], true)
 3 APPPATH\Controllers\Index3.php(26): view('pages/paketPages/img')
 4 SYSTEMPATH\CodeIgniter.php(943): App\Controllers\Index3->paket('img', 'curhatkuy_logo_new.png')
 5 SYSTEMPATH\CodeIgniter.php(503): CodeIgniter\CodeIgniter->runController(Object(App\Controllers\Index3))
 6 SYSTEMPATH\CodeIgniter.php(361): CodeIgniter\CodeIgniter->handleRequest(null, Object(Config\Cache), false)
 7 FCPATH\index.php(79): CodeIgniter\CodeIgniter->run()
CRITICAL - 2025-12-18 16:34:17 --> CodeIgniter\View\Exceptions\ViewException: Invalid file: "pages/paketPages/img.php"
in SYSTEMPATH\Exceptions\FrameworkException.php on line 39.
 1 SYSTEMPATH\View\View.php(216): CodeIgniter\Exceptions\FrameworkException::forInvalidFile('pages/paketPages/img.php')
 2 SYSTEMPATH\Common.php(1178): CodeIgniter\View\View->render('pages/paketPages/img', [], true)
 3 APPPATH\Controllers\Index3.php(26): view('pages/paketPages/img')
 4 SYSTEMPATH\CodeIgniter.php(943): App\Controllers\Index3->paket('img', 'curhatkuy_logo_new.png')
 5 SYSTEMPATH\CodeIgniter.php(503): CodeIgniter\CodeIgniter->runController(Object(App\Controllers\Index3))
 6 SYSTEMPATH\CodeIgniter.php(361): CodeIgniter\CodeIgniter->handleRequest(null, Object(Config\Cache), false)
 7 FCPATH\index.php(79): CodeIgniter\CodeIgniter->run()
CRITICAL - 2025-12-18 16:34:51 --> CodeIgniter\View\Exceptions\ViewException: Invalid file: "pages/paketPages/img.php"
in SYSTEMPATH\Exceptions\FrameworkException.php on line 39.
 1 SYSTEMPATH\View\View.php(216): CodeIgniter\Exceptions\FrameworkException::forInvalidFile('pages/paketPages/img.php')
 2 SYSTEMPATH\Common.php(1178): CodeIgniter\View\View->render('pages/paketPages/img', [], true)
 3 APPPATH\Controllers\Index3.php(26): view('pages/paketPages/img')
 4 SYSTEMPATH\CodeIgniter.php(943): App\Controllers\Index3->paket('img', 'curhatkuy_logo_new.png')
 5 SYSTEMPATH\CodeIgniter.php(503): CodeIgniter\CodeIgniter->runController(Object(App\Controllers\Index3))
 6 SYSTEMPATH\CodeIgniter.php(361): CodeIgniter\CodeIgniter->handleRequest(null, Object(Config\Cache), false)
 7 FCPATH\index.php(79): CodeIgniter\CodeIgniter->run()
CRITICAL - 2025-12-18 16:34:52 --> CodeIgniter\View\Exceptions\ViewException: Invalid file: "pages/paketPages/img.php"
in SYSTEMPATH\Exceptions\FrameworkException.php on line 39.
 1 SYSTEMPATH\View\View.php(216): CodeIgniter\Exceptions\FrameworkException::forInvalidFile('pages/paketPages/img.php')
 2 SYSTEMPATH\Common.php(1178): CodeIgniter\View\View->render('pages/paketPages/img', [], true)
 3 APPPATH\Controllers\Index3.php(26): view('pages/paketPages/img')
 4 SYSTEMPATH\CodeIgniter.php(943): App\Controllers\Index3->paket('img', 'curhatkuy_logo_new.png')
 5 SYSTEMPATH\CodeIgniter.php(503): CodeIgniter\CodeIgniter->runController(Object(App\Controllers\Index3))
 6 SYSTEMPATH\CodeIgniter.php(361): CodeIgniter\CodeIgniter->handleRequest(null, Object(Config\Cache), false)
 7 FCPATH\index.php(79): CodeIgniter\CodeIgniter->run()
CRITICAL - 2025-12-18 16:34:53 --> CodeIgniter\View\Exceptions\ViewException: Invalid file: "pages/paketPages/img.php"
in SYSTEMPATH\Exceptions\FrameworkException.php on line 39.
 1 SYSTEMPATH\View\View.php(216): CodeIgniter\Exceptions\FrameworkException::forInvalidFile('pages/paketPages/img.php')
 2 SYSTEMPATH\Common.php(1178): CodeIgniter\View\View->render('pages/paketPages/img', [], true)
 3 APPPATH\Controllers\Index3.php(26): view('pages/paketPages/img')
 4 SYSTEMPATH\CodeIgniter.php(943): App\Controllers\Index3->paket('img', 'curhatkuy_logo_new.png')
 5 SYSTEMPATH\CodeIgniter.php(503): CodeIgniter\CodeIgniter->runController(Object(App\Controllers\Index3))
 6 SYSTEMPATH\CodeIgniter.php(361): CodeIgniter\CodeIgniter->handleRequest(null, Object(Config\Cache), false)
 7 FCPATH\index.php(79): CodeIgniter\CodeIgniter->run()
CRITICAL - 2025-12-18 16:36:50 --> CodeIgniter\View\Exceptions\ViewException: Invalid file: "pages/paketPages/img.php"
in SYSTEMPATH\Exceptions\FrameworkException.php on line 39.
 1 SYSTEMPATH\View\View.php(216): CodeIgniter\Exceptions\FrameworkException::forInvalidFile('pages/paketPages/img.php')
 2 SYSTEMPATH\Common.php(1178): CodeIgniter\View\View->render('pages/paketPages/img', [], true)
 3 APPPATH\Controllers\Index3.php(26): view('pages/paketPages/img')
 4 SYSTEMPATH\CodeIgniter.php(943): App\Controllers\Index3->paket('img', 'curhatkuy_logo_new.png')
 5 SYSTEMPATH\CodeIgniter.php(503): CodeIgniter\CodeIgniter->runController(Object(App\Controllers\Index3))
 6 SYSTEMPATH\CodeIgniter.php(361): CodeIgniter\CodeIgniter->handleRequest(null, Object(Config\Cache), false)
 7 FCPATH\index.php(79): CodeIgniter\CodeIgniter->run()
CRITICAL - 2025-12-18 16:37:14 --> CodeIgniter\View\Exceptions\ViewException: Invalid file: "pages/paketPages/img.php"
in SYSTEMPATH\Exceptions\FrameworkException.php on line 39.
 1 SYSTEMPATH\View\View.php(216): CodeIgniter\Exceptions\FrameworkException::forInvalidFile('pages/paketPages/img.php')
 2 SYSTEMPATH\Common.php(1178): CodeIgniter\View\View->render('pages/paketPages/img', [], true)
 3 APPPATH\Controllers\Index3.php(26): view('pages/paketPages/img')
 4 SYSTEMPATH\CodeIgniter.php(943): App\Controllers\Index3->paket('img', 'curhatkuy_logo_new.png')
 5 SYSTEMPATH\CodeIgniter.php(503): CodeIgniter\CodeIgniter->runController(Object(App\Controllers\Index3))
 6 SYSTEMPATH\CodeIgniter.php(361): CodeIgniter\CodeIgniter->handleRequest(null, Object(Config\Cache), false)
 7 FCPATH\index.php(79): CodeIgniter\CodeIgniter->run()
CRITICAL - 2025-12-18 16:47:06 --> CodeIgniter\HTTP\Exceptions\BadRequestException: The URI you submitted has disallowed characters: "6 class="
in SYSTEMPATH\Router\Router.php on line 704.
 1 SYSTEMPATH\Router\Router.php(195): CodeIgniter\Router\Router->checkDisallowedChars('profil-psikolog-login/6 class=')
 2 SYSTEMPATH\CodeIgniter.php(825): CodeIgniter\Router\Router->handle('profil-psikolog-login/6 class=')
 3 SYSTEMPATH\CodeIgniter.php(450): CodeIgniter\CodeIgniter->tryToRouteIt(Object(CodeIgniter\Router\RouteCollection))
 4 SYSTEMPATH\CodeIgniter.php(361): CodeIgniter\CodeIgniter->handleRequest(null, Object(Config\Cache), false)
 5 FCPATH\index.php(79): CodeIgniter\CodeIgniter->run()
CRITICAL - 2025-12-18 16:47:11 --> CodeIgniter\HTTP\Exceptions\BadRequestException: The URI you submitted has disallowed characters: "6 class="
in SYSTEMPATH\Router\Router.php on line 704.
 1 SYSTEMPATH\Router\Router.php(195): CodeIgniter\Router\Router->checkDisallowedChars('profil-psikolog-login/6 class=')
 2 SYSTEMPATH\CodeIgniter.php(825): CodeIgniter\Router\Router->handle('profil-psikolog-login/6 class=')
 3 SYSTEMPATH\CodeIgniter.php(450): CodeIgniter\CodeIgniter->tryToRouteIt(Object(CodeIgniter\Router\RouteCollection))
 4 SYSTEMPATH\CodeIgniter.php(361): CodeIgniter\CodeIgniter->handleRequest(null, Object(Config\Cache), false)
 5 FCPATH\index.php(79): CodeIgniter\CodeIgniter->run()
CRITICAL - 2025-12-18 16:47:33 --> CodeIgniter\HTTP\Exceptions\BadRequestException: The URI you submitted has disallowed characters: "6 class="
in SYSTEMPATH\Router\Router.php on line 704.
 1 SYSTEMPATH\Router\Router.php(195): CodeIgniter\Router\Router->checkDisallowedChars('profil-psikolog-login/6 class=')
 2 SYSTEMPATH\CodeIgniter.php(825): CodeIgniter\Router\Router->handle('profil-psikolog-login/6 class=')
 3 SYSTEMPATH\CodeIgniter.php(450): CodeIgniter\CodeIgniter->tryToRouteIt(Object(CodeIgniter\Router\RouteCollection))
 4 SYSTEMPATH\CodeIgniter.php(361): CodeIgniter\CodeIgniter->handleRequest(null, Object(Config\Cache), false)
 5 FCPATH\index.php(79): CodeIgniter\CodeIgniter->run()
CRITICAL - 2025-12-18 16:49:45 --> CodeIgniter\HTTP\Exceptions\BadRequestException: The URI you submitted has disallowed characters: "6 class="
in SYSTEMPATH\Router\Router.php on line 704.
 1 SYSTEMPATH\Router\Router.php(195): CodeIgniter\Router\Router->checkDisallowedChars('profil-psikolog-login/6 class=')
 2 SYSTEMPATH\CodeIgniter.php(825): CodeIgniter\Router\Router->handle('profil-psikolog-login/6 class=')
 3 SYSTEMPATH\CodeIgniter.php(450): CodeIgniter\CodeIgniter->tryToRouteIt(Object(CodeIgniter\Router\RouteCollection))
 4 SYSTEMPATH\CodeIgniter.php(361): CodeIgniter\CodeIgniter->handleRequest(null, Object(Config\Cache), false)
 5 FCPATH\index.php(79): CodeIgniter\CodeIgniter->run()
INFO - 2025-12-18 16:50:09 --> Session: Class initialized using 'CodeIgniter\Session\Handlers\FileHandler' driver.
INFO - 2025-12-18 16:51:34 --> Session: Class initialized using 'CodeIgniter\Session\Handlers\FileHandler' driver.
INFO - 2025-12-18 16:51:35 --> Session: Class initialized using 'CodeIgniter\Session\Handlers\FileHandler' driver.
INFO - 2025-12-18 16:51:36 --> Session: Class initialized using 'CodeIgniter\Session\Handlers\FileHandler' driver.
INFO - 2025-12-18 16:51:43 --> Session: Class initialized using 'CodeIgniter\Session\Handlers\FileHandler' driver.
INFO - 2025-12-18 16:51:44 --> Session: Class initialized using 'CodeIgniter\Session\Handlers\FileHandler' driver.
INFO - 2025-12-18 16:51:45 --> Session: Class initialized using 'CodeIgniter\Session\Handlers\FileHandler' driver.
INFO - 2025-12-18 16:51:51 --> Session: Class initialized using 'CodeIgniter\Session\Handlers\FileHandler' driver.
INFO - 2025-12-18 16:52:00 --> Session: Class initialized using 'CodeIgniter\Session\Handlers\FileHandler' driver.
INFO - 2025-12-18 16:52:39 --> Session: Class initialized using 'CodeIgniter\Session\Handlers\FileHandler' driver.
INFO - 2025-12-18 16:53:23 --> Session: Class initialized using 'CodeIgniter\Session\Handlers\FileHandler' driver.
INFO - 2025-12-18 16:53:29 --> Session: Class initialized using 'CodeIgniter\Session\Handlers\FileHandler' driver.
INFO - 2025-12-18 16:53:31 --> Session: Class initialized using 'CodeIgniter\Session\Handlers\FileHandler' driver.
INFO - 2025-12-18 16:53:34 --> Session: Class initialized using 'CodeIgniter\Session\Handlers\FileHandler' driver.
INFO - 2025-12-18 16:53:36 --> Session: Class initialized using 'CodeIgniter\Session\Handlers\FileHandler' driver.
INFO - 2025-12-18 16:53:42 --> Session: Class initialized using 'CodeIgniter\Session\Handlers\FileHandler' driver.
CRITICAL - 2025-12-18 16:53:59 --> CodeIgniter\View\Exceptions\ViewException: Invalid file: "pages/paketPages/img.php"
in SYSTEMPATH\Exceptions\FrameworkException.php on line 39.
 1 SYSTEMPATH\View\View.php(216): CodeIgniter\Exceptions\FrameworkException::forInvalidFile('pages/paketPages/img.php')
 2 SYSTEMPATH\Common.php(1178): CodeIgniter\View\View->render('pages/paketPages/img', [], true)
 3 APPPATH\Controllers\Index3.php(26): view('pages/paketPages/img')
 4 SYSTEMPATH\CodeIgniter.php(943): App\Controllers\Index3->paket('img', 'curhatkuy_logo_new.png')
 5 SYSTEMPATH\CodeIgniter.php(503): CodeIgniter\CodeIgniter->runController(Object(App\Controllers\Index3))
 6 SYSTEMPATH\CodeIgniter.php(361): CodeIgniter\CodeIgniter->handleRequest(null, Object(Config\Cache), false)
 7 FCPATH\index.php(79): CodeIgniter\CodeIgniter->run()
INFO - 2025-12-18 16:54:02 --> Session: Class initialized using 'CodeIgniter\Session\Handlers\FileHandler' driver.
INFO - 2025-12-18 16:54:06 --> Session: Class initialized using 'CodeIgniter\Session\Handlers\FileHandler' driver.
INFO - 2025-12-18 16:54:56 --> Session: Class initialized using 'CodeIgniter\Session\Handlers\FileHandler' driver.
INFO - 2025-12-18 16:55:51 --> Session: Class initialized using 'CodeIgniter\Session\Handlers\FileHandler' driver.
INFO - 2025-12-18 16:55:55 --> Session: Class initialized using 'CodeIgniter\Session\Handlers\FileHandler' driver.
INFO - 2025-12-18 16:55:56 --> Session: Class initialized using 'CodeIgniter\Session\Handlers\FileHandler' driver.
INFO - 2025-12-18 16:55:57 --> Session: Class initialized using 'CodeIgniter\Session\Handlers\FileHandler' driver.
INFO - 2025-12-18 16:55:58 --> Session: Class initialized using 'CodeIgniter\Session\Handlers\FileHandler' driver.
INFO - 2025-12-18 16:56:11 --> Session: Class initialized using 'CodeIgniter\Session\Handlers\FileHandler' driver.
INFO - 2025-12-18 16:56:11 --> Session: Class initialized using 'CodeIgniter\Session\Handlers\FileHandler' driver.
INFO - 2025-12-18 16:56:12 --> Session: Class initialized using 'CodeIgniter\Session\Handlers\FileHandler' driver.
INFO - 2025-12-18 16:56:13 --> Session: Class initialized using 'CodeIgniter\Session\Handlers\FileHandler' driver.
INFO - 2025-12-18 16:56:13 --> Session: Class initialized using 'CodeIgniter\Session\Handlers\FileHandler' driver.
INFO - 2025-12-18 16:56:14 --> Session: Class initialized using 'CodeIgniter\Session\Handlers\FileHandler' driver.
INFO - 2025-12-18 16:56:15 --> Session: Class initialized using 'CodeIgniter\Session\Handlers\FileHandler' driver.
INFO - 2025-12-18 16:57:08 --> Session: Class initialized using 'CodeIgniter\Session\Handlers\FileHandler' driver.
INFO - 2025-12-18 16:57:09 --> Session: Class initialized using 'CodeIgniter\Session\Handlers\FileHandler' driver.
INFO - 2025-12-18 16:57:10 --> Session: Class initialized using 'CodeIgniter\Session\Handlers\FileHandler' driver.
INFO - 2025-12-18 16:57:11 --> Session: Class initialized using 'CodeIgniter\Session\Handlers\FileHandler' driver.
INFO - 2025-12-18 16:57:12 --> Session: Class initialized using 'CodeIgniter\Session\Handlers\FileHandler' driver.
INFO - 2025-12-18 16:57:12 --> Session: Class initialized using 'CodeIgniter\Session\Handlers\FileHandler' driver.
INFO - 2025-12-18 16:57:13 --> Session: Class initialized using 'CodeIgniter\Session\Handlers\FileHandler' driver.
INFO - 2025-12-18 16:57:13 --> Session: Class initialized using 'CodeIgniter\Session\Handlers\FileHandler' driver.
INFO - 2025-12-18 16:57:35 --> Session: Class initialized using 'CodeIgniter\Session\Handlers\FileHandler' driver.
INFO - 2025-12-18 16:57:36 --> Session: Class initialized using 'CodeIgniter\Session\Handlers\FileHandler' driver.
INFO - 2025-12-18 16:57:37 --> Session: Class initialized using 'CodeIgniter\Session\Handlers\FileHandler' driver.
INFO - 2025-12-18 16:57:37 --> Session: Class initialized using 'CodeIgniter\Session\Handlers\FileHandler' driver.
INFO - 2025-12-18 16:57:38 --> Session: Class initialized using 'CodeIgniter\Session\Handlers\FileHandler' driver.
INFO - 2025-12-18 16:57:39 --> Session: Class initialized using 'CodeIgniter\Session\Handlers\FileHandler' driver.
INFO - 2025-12-18 16:57:40 --> Session: Class initialized using 'CodeIgniter\Session\Handlers\FileHandler' driver.
INFO - 2025-12-18 16:57:44 --> Session: Class initialized using 'CodeIgniter\Session\Handlers\FileHandler' driver.
INFO - 2025-12-18 16:57:48 --> Session: Class initialized using 'CodeIgniter\Session\Handlers\FileHandler' driver.
INFO - 2025-12-18 16:57:51 --> Session: Class initialized using 'CodeIgniter\Session\Handlers\FileHandler' driver.
INFO - 2025-12-18 16:57:54 --> Session: Class initialized using 'CodeIgniter\Session\Handlers\FileHandler' driver.
INFO - 2025-12-18 16:59:12 --> Session: Class initialized using 'CodeIgniter\Session\Handlers\FileHandler' driver.
INFO - 2025-12-18 16:59:14 --> Session: Class initialized using 'CodeIgniter\Session\Handlers\FileHandler' driver.
INFO - 2025-12-18 16:59:25 --> Session: Class initialized using 'CodeIgniter\Session\Handlers\FileHandler' driver.
INFO - 2025-12-18 16:59:32 --> Session: Class initialized using 'CodeIgniter\Session\Handlers\FileHandler' driver.
INFO - 2025-12-18 16:59:32 --> Session: Class initialized using 'CodeIgniter\Session\Handlers\FileHandler' driver.
INFO - 2025-12-18 16:59:33 --> Session: Class initialized using 'CodeIgniter\Session\Handlers\FileHandler' driver.
CRITICAL - 2025-12-18 16:59:35 --> CodeIgniter\View\Exceptions\ViewException: Invalid file: "pages/paketPages/img.php"
in SYSTEMPATH\Exceptions\FrameworkException.php on line 39.
 1 SYSTEMPATH\View\View.php(216): CodeIgniter\Exceptions\FrameworkException::forInvalidFile('pages/paketPages/img.php')
 2 SYSTEMPATH\Common.php(1178): CodeIgniter\View\View->render('pages/paketPages/img', [], true)
 3 APPPATH\Controllers\Index3.php(26): view('pages/paketPages/img')
 4 SYSTEMPATH\CodeIgniter.php(943): App\Controllers\Index3->paket('img', 'curhatkuy_logo_new.png')
 5 SYSTEMPATH\CodeIgniter.php(503): CodeIgniter\CodeIgniter->runController(Object(App\Controllers\Index3))
 6 SYSTEMPATH\CodeIgniter.php(361): CodeIgniter\CodeIgniter->handleRequest(null, Object(Config\Cache), false)
 7 FCPATH\index.php(79): CodeIgniter\CodeIgniter->run()
INFO - 2025-12-18 16:59:37 --> Session: Class initialized using 'CodeIgniter\Session\Handlers\FileHandler' driver.
CRITICAL - 2025-12-18 16:59:42 --> CodeIgniter\View\Exceptions\ViewException: Invalid file: "pages/paketPages/img.php"
in SYSTEMPATH\Exceptions\FrameworkException.php on line 39.
 1 SYSTEMPATH\View\View.php(216): CodeIgniter\Exceptions\FrameworkException::forInvalidFile('pages/paketPages/img.php')
 2 SYSTEMPATH\Common.php(1178): CodeIgniter\View\View->render('pages/paketPages/img', [], true)
 3 APPPATH\Controllers\Index3.php(26): view('pages/paketPages/img')
 4 SYSTEMPATH\CodeIgniter.php(943): App\Controllers\Index3->paket('img', 'curhatkuy_logo_new.png')
 5 SYSTEMPATH\CodeIgniter.php(503): CodeIgniter\CodeIgniter->runController(Object(App\Controllers\Index3))
 6 SYSTEMPATH\CodeIgniter.php(361): CodeIgniter\CodeIgniter->handleRequest(null, Object(Config\Cache), false)
 7 FCPATH\index.php(79): CodeIgniter\CodeIgniter->run()
CRITICAL - 2025-12-18 16:59:43 --> CodeIgniter\View\Exceptions\ViewException: Invalid file: "pages/paketPages/img.php"
in SYSTEMPATH\Exceptions\FrameworkException.php on line 39.
 1 SYSTEMPATH\View\View.php(216): CodeIgniter\Exceptions\FrameworkException::forInvalidFile('pages/paketPages/img.php')
 2 SYSTEMPATH\Common.php(1178): CodeIgniter\View\View->render('pages/paketPages/img', [], true)
 3 APPPATH\Controllers\Index3.php(26): view('pages/paketPages/img')
 4 SYSTEMPATH\CodeIgniter.php(943): App\Controllers\Index3->paket('img', 'curhatkuy_logo_new.png')
 5 SYSTEMPATH\CodeIgniter.php(503): CodeIgniter\CodeIgniter->runController(Object(App\Controllers\Index3))
 6 SYSTEMPATH\CodeIgniter.php(361): CodeIgniter\CodeIgniter->handleRequest(null, Object(Config\Cache), false)
 7 FCPATH\index.php(79): CodeIgniter\CodeIgniter->run()
INFO - 2025-12-18 16:59:45 --> Session: Class initialized using 'CodeIgniter\Session\Handlers\FileHandler' driver.
INFO - 2025-12-18 16:59:57 --> Session: Class initialized using 'CodeIgniter\Session\Handlers\FileHandler' driver.
INFO - 2025-12-18 17:00:06 --> Session: Class initialized using 'CodeIgniter\Session\Handlers\FileHandler' driver.
CRITICAL - 2025-12-18 17:00:12 --> CodeIgniter\View\Exceptions\ViewException: Invalid file: "pages/paketPages/img.php"
in SYSTEMPATH\Exceptions\FrameworkException.php on line 39.
 1 SYSTEMPATH\View\View.php(216): CodeIgniter\Exceptions\FrameworkException::forInvalidFile('pages/paketPages/img.php')
 2 SYSTEMPATH\Common.php(1178): CodeIgniter\View\View->render('pages/paketPages/img', [], true)
 3 APPPATH\Controllers\Index3.php(26): view('pages/paketPages/img')
 4 SYSTEMPATH\CodeIgniter.php(943): App\Controllers\Index3->paket('img', 'curhatkuy_logo_new.png')
 5 SYSTEMPATH\CodeIgniter.php(503): CodeIgniter\CodeIgniter->runController(Object(App\Controllers\Index3))
 6 SYSTEMPATH\CodeIgniter.php(361): CodeIgniter\CodeIgniter->handleRequest(null, Object(Config\Cache), false)
 7 FCPATH\index.php(79): CodeIgniter\CodeIgniter->run()
INFO - 2025-12-18 17:00:17 --> Session: Class initialized using 'CodeIgniter\Session\Handlers\FileHandler' driver.
INFO - 2025-12-18 17:01:03 --> Session: Class initialized using 'CodeIgniter\Session\Handlers\FileHandler' driver.
INFO - 2025-12-18 17:01:06 --> Session: Class initialized using 'CodeIgniter\Session\Handlers\FileHandler' driver.
INFO - 2025-12-18 17:01:29 --> Session: Class initialized using 'CodeIgniter\Session\Handlers\FileHandler' driver.
CRITICAL - 2025-12-18 17:01:30 --> CodeIgniter\View\Exceptions\ViewException: Invalid file: "pages/paketPages/img.php"
in SYSTEMPATH\Exceptions\FrameworkException.php on line 39.
 1 SYSTEMPATH\View\View.php(216): CodeIgniter\Exceptions\FrameworkException::forInvalidFile('pages/paketPages/img.php')
 2 SYSTEMPATH\Common.php(1178): CodeIgniter\View\View->render('pages/paketPages/img', [], true)
 3 APPPATH\Controllers\Index3.php(26): view('pages/paketPages/img')
 4 SYSTEMPATH\CodeIgniter.php(943): App\Controllers\Index3->paket('img', 'curhatkuy_logo_new.png')
 5 SYSTEMPATH\CodeIgniter.php(503): CodeIgniter\CodeIgniter->runController(Object(App\Controllers\Index3))
 6 SYSTEMPATH\CodeIgniter.php(361): CodeIgniter\CodeIgniter->handleRequest(null, Object(Config\Cache), false)
 7 FCPATH\index.php(79): CodeIgniter\CodeIgniter->run()
CRITICAL - 2025-12-18 17:01:38 --> CodeIgniter\View\Exceptions\ViewException: Invalid file: "pages/paketPages/img.php"
in SYSTEMPATH\Exceptions\FrameworkException.php on line 39.
 1 SYSTEMPATH\View\View.php(216): CodeIgniter\Exceptions\FrameworkException::forInvalidFile('pages/paketPages/img.php')
 2 SYSTEMPATH\Common.php(1178): CodeIgniter\View\View->render('pages/paketPages/img', [], true)
 3 APPPATH\Controllers\Index3.php(26): view('pages/paketPages/img')
 4 SYSTEMPATH\CodeIgniter.php(943): App\Controllers\Index3->paket('img', 'curhatkuy_logo_new.png')
 5 SYSTEMPATH\CodeIgniter.php(503): CodeIgniter\CodeIgniter->runController(Object(App\Controllers\Index3))
 6 SYSTEMPATH\CodeIgniter.php(361): CodeIgniter\CodeIgniter->handleRequest(null, Object(Config\Cache), false)
 7 FCPATH\index.php(79): CodeIgniter\CodeIgniter->run()
CRITICAL - 2025-12-18 17:01:51 --> CodeIgniter\View\Exceptions\ViewException: Invalid file: "pages/paketPages/img.php"
in SYSTEMPATH\Exceptions\FrameworkException.php on line 39.
 1 SYSTEMPATH\View\View.php(216): CodeIgniter\Exceptions\FrameworkException::forInvalidFile('pages/paketPages/img.php')
 2 SYSTEMPATH\Common.php(1178): CodeIgniter\View\View->render('pages/paketPages/img', [], true)
 3 APPPATH\Controllers\Index3.php(26): view('pages/paketPages/img')
 4 SYSTEMPATH\CodeIgniter.php(943): App\Controllers\Index3->paket('img', 'curhatkuy_logo_new.png')
 5 SYSTEMPATH\CodeIgniter.php(503): CodeIgniter\CodeIgniter->runController(Object(App\Controllers\Index3))
 6 SYSTEMPATH\CodeIgniter.php(361): CodeIgniter\CodeIgniter->handleRequest(null, Object(Config\Cache), false)
 7 FCPATH\index.php(79): CodeIgniter\CodeIgniter->run()
INFO - 2025-12-18 17:02:18 --> Session: Class initialized using 'CodeIgniter\Session\Handlers\FileHandler' driver.
CRITICAL - 2025-12-18 17:02:18 --> CodeIgniter\View\Exceptions\ViewException: Invalid file: "pages/paketPages/img.php"
in SYSTEMPATH\Exceptions\FrameworkException.php on line 39.
 1 SYSTEMPATH\View\View.php(216): CodeIgniter\Exceptions\FrameworkException::forInvalidFile('pages/paketPages/img.php')
 2 SYSTEMPATH\Common.php(1178): CodeIgniter\View\View->render('pages/paketPages/img', [], true)
 3 APPPATH\Controllers\Index3.php(26): view('pages/paketPages/img')
 4 SYSTEMPATH\CodeIgniter.php(943): App\Controllers\Index3->paket('img', 'curhatkuy_logo_new.png')
 5 SYSTEMPATH\CodeIgniter.php(503): CodeIgniter\CodeIgniter->runController(Object(App\Controllers\Index3))
 6 SYSTEMPATH\CodeIgniter.php(361): CodeIgniter\CodeIgniter->handleRequest(null, Object(Config\Cache), false)
 7 FCPATH\index.php(79): CodeIgniter\CodeIgniter->run()
INFO - 2025-12-18 17:02:31 --> Session: Class initialized using 'CodeIgniter\Session\Handlers\FileHandler' driver.
INFO - 2025-12-18 17:02:59 --> Session: Class initialized using 'CodeIgniter\Session\Handlers\FileHandler' driver.
CRITICAL - 2025-12-18 17:03:01 --> CodeIgniter\View\Exceptions\ViewException: Invalid file: "pages/paketPages/img.php"
in SYSTEMPATH\Exceptions\FrameworkException.php on line 39.
 1 SYSTEMPATH\View\View.php(216): CodeIgniter\Exceptions\FrameworkException::forInvalidFile('pages/paketPages/img.php')
 2 SYSTEMPATH\Common.php(1178): CodeIgniter\View\View->render('pages/paketPages/img', [], true)
 3 APPPATH\Controllers\Index3.php(26): view('pages/paketPages/img')
 4 SYSTEMPATH\CodeIgniter.php(943): App\Controllers\Index3->paket('img', 'curhatkuy_logo_new.png')
 5 SYSTEMPATH\CodeIgniter.php(503): CodeIgniter\CodeIgniter->runController(Object(App\Controllers\Index3))
 6 SYSTEMPATH\CodeIgniter.php(361): CodeIgniter\CodeIgniter->handleRequest(null, Object(Config\Cache), false)
 7 FCPATH\index.php(79): CodeIgniter\CodeIgniter->run()
INFO - 2025-12-18 17:03:37 --> Session: Class initialized using 'CodeIgniter\Session\Handlers\FileHandler' driver.
INFO - 2025-12-18 17:04:08 --> Session: Class initialized using 'CodeIgniter\Session\Handlers\FileHandler' driver.
CRITICAL - 2025-12-18 17:04:31 --> CodeIgniter\View\Exceptions\ViewException: Invalid file: "pages/paketPages/img.php"
in SYSTEMPATH\Exceptions\FrameworkException.php on line 39.
 1 SYSTEMPATH\View\View.php(216): CodeIgniter\Exceptions\FrameworkException::forInvalidFile('pages/paketPages/img.php')
 2 SYSTEMPATH\Common.php(1178): CodeIgniter\View\View->render('pages/paketPages/img', [], true)
 3 APPPATH\Controllers\Index3.php(26): view('pages/paketPages/img')
 4 SYSTEMPATH\CodeIgniter.php(943): App\Controllers\Index3->paket('img', 'curhatkuy_logo_new.png')
 5 SYSTEMPATH\CodeIgniter.php(503): CodeIgniter\CodeIgniter->runController(Object(App\Controllers\Index3))
 6 SYSTEMPATH\CodeIgniter.php(361): CodeIgniter\CodeIgniter->handleRequest(null, Object(Config\Cache), false)
 7 FCPATH\index.php(79): CodeIgniter\CodeIgniter->run()
