ERROR - 2025-10-04 06:55:05 --> Error connecting to the database: mysqli_sql_exception: Unknown database 'curhatkuy' in E:\Project curhat kuy\ci4curhatkuy-min\vendor\codeigniter4\framework\system\Database\MySQLi\Connection.php:184
Stack trace:
#0 E:\Project curhat kuy\ci4curhatkuy-min\vendor\codeigniter4\framework\system\Database\MySQLi\Connection.php(184): mysqli->real_connect('localhost', 'root', Object(SensitiveParameterValue), 'curhatkuy', 3306, '', 0)
#1 E:\Project curhat kuy\ci4curhatkuy-min\vendor\codeigniter4\framework\system\Database\BaseConnection.php(392): CodeIgniter\Database\MySQLi\Connection->connect(false)
#2 E:\Project curhat kuy\ci4curhatkuy-min\vendor\codeigniter4\framework\system\Database\BaseConnection.php(575): CodeIgniter\Database\BaseConnection->initialize()
#3 E:\Project curhat kuy\ci4curhatkuy-min\vendor\codeigniter4\framework\system\Database\BaseBuilder.php(2307): CodeIgniter\Database\BaseConnection->query('INSERT INTO `us...', Array, false)
#4 E:\Project curhat kuy\ci4curhatkuy-min\vendor\codeigniter4\framework\system\Model.php(327): CodeIgniter\Database\BaseBuilder->insert()
#5 E:\Project curhat kuy\ci4curhatkuy-min\vendor\codeigniter4\framework\system\BaseModel.php(805): CodeIgniter\Model->doInsert(Array)
#6 E:\Project curhat kuy\ci4curhatkuy-min\vendor\codeigniter4\framework\system\Model.php(749): CodeIgniter\BaseModel->insert(Array, false)
#7 E:\Project curhat kuy\ci4curhatkuy-min\vendor\codeigniter4\framework\system\BaseModel.php(716): CodeIgniter\Model->insert(Array, false)
#8 E:\Project curhat kuy\ci4curhatkuy-min\app\Controllers\Register.php(41): CodeIgniter\BaseModel->save(Array)
#9 E:\Project curhat kuy\ci4curhatkuy-min\vendor\codeigniter4\framework\system\CodeIgniter.php(943): App\Controllers\Register->save()
#10 E:\Project curhat kuy\ci4curhatkuy-min\vendor\codeigniter4\framework\system\CodeIgniter.php(503): CodeIgniter\CodeIgniter->runController(Object(App\Controllers\Register))
#11 E:\Project curhat kuy\ci4curhatkuy-min\vendor\codeigniter4\framework\system\CodeIgniter.php(361): CodeIgniter\CodeIgniter->handleRequest(NULL, Object(Config\Cache), false)
#12 E:\Project curhat kuy\ci4curhatkuy-min\public\index.php(79): CodeIgniter\CodeIgniter->run()
#13 {main}

Next CodeIgniter\Database\Exceptions\DatabaseException: Unknown database 'curhatkuy' in E:\Project curhat kuy\ci4curhatkuy-min\vendor\codeigniter4\framework\system\Database\MySQLi\Connection.php:229
Stack trace:
#0 E:\Project curhat kuy\ci4curhatkuy-min\vendor\codeigniter4\framework\system\Database\BaseConnection.php(392): CodeIgniter\Database\MySQLi\Connection->connect(false)
#1 E:\Project curhat kuy\ci4curhatkuy-min\vendor\codeigniter4\framework\system\Database\BaseConnection.php(575): CodeIgniter\Database\BaseConnection->initialize()
#2 E:\Project curhat kuy\ci4curhatkuy-min\vendor\codeigniter4\framework\system\Database\BaseBuilder.php(2307): CodeIgniter\Database\BaseConnection->query('INSERT INTO `us...', Array, false)
#3 E:\Project curhat kuy\ci4curhatkuy-min\vendor\codeigniter4\framework\system\Model.php(327): CodeIgniter\Database\BaseBuilder->insert()
#4 E:\Project curhat kuy\ci4curhatkuy-min\vendor\codeigniter4\framework\system\BaseModel.php(805): CodeIgniter\Model->doInsert(Array)
#5 E:\Project curhat kuy\ci4curhatkuy-min\vendor\codeigniter4\framework\system\Model.php(749): CodeIgniter\BaseModel->insert(Array, false)
#6 E:\Project curhat kuy\ci4curhatkuy-min\vendor\codeigniter4\framework\system\BaseModel.php(716): CodeIgniter\Model->insert(Array, false)
#7 E:\Project curhat kuy\ci4curhatkuy-min\app\Controllers\Register.php(41): CodeIgniter\BaseModel->save(Array)
#8 E:\Project curhat kuy\ci4curhatkuy-min\vendor\codeigniter4\framework\system\CodeIgniter.php(943): App\Controllers\Register->save()
#9 E:\Project curhat kuy\ci4curhatkuy-min\vendor\codeigniter4\framework\system\CodeIgniter.php(503): CodeIgniter\CodeIgniter->runController(Object(App\Controllers\Register))
#10 E:\Project curhat kuy\ci4curhatkuy-min\vendor\codeigniter4\framework\system\CodeIgniter.php(361): CodeIgniter\CodeIgniter->handleRequest(NULL, Object(Config\Cache), false)
#11 E:\Project curhat kuy\ci4curhatkuy-min\public\index.php(79): CodeIgniter\CodeIgniter->run()
#12 {main}
CRITICAL - 2025-10-04 06:55:05 --> CodeIgniter\Database\Exceptions\DatabaseException: Unable to connect to the database.
Main connection [MySQLi]: Unknown database 'curhatkuy'
in SYSTEMPATH\Database\BaseConnection.php on line 428.
 1 SYSTEMPATH\Database\BaseConnection.php(575): CodeIgniter\Database\BaseConnection->initialize()
 2 SYSTEMPATH\Database\BaseBuilder.php(2307): CodeIgniter\Database\BaseConnection->query('INSERT INTO `user` (`nama_lengkap`, `email`, `password`, `j_kelamin`, `alamat`, `tgl_lahir`, `tlp`) VALUES (:nama_lengkap:, :email:, :password:, :j_kelamin:, :alamat:, :tgl_lahir:, :tlp:)', [...], false)
 3 SYSTEMPATH\Model.php(327): CodeIgniter\Database\BaseBuilder->insert()
 4 SYSTEMPATH\BaseModel.php(805): CodeIgniter\Model->doInsert([...])
 5 SYSTEMPATH\Model.php(749): CodeIgniter\BaseModel->insert([...], false)
 6 SYSTEMPATH\BaseModel.php(716): CodeIgniter\Model->insert([...], false)
 7 APPPATH\Controllers\Register.php(41): CodeIgniter\BaseModel->save([...])
 8 SYSTEMPATH\CodeIgniter.php(943): App\Controllers\Register->save()
 9 SYSTEMPATH\CodeIgniter.php(503): CodeIgniter\CodeIgniter->runController(Object(App\Controllers\Register))
10 SYSTEMPATH\CodeIgniter.php(361): CodeIgniter\CodeIgniter->handleRequest(null, Object(Config\Cache), false)
11 FCPATH\index.php(79): CodeIgniter\CodeIgniter->run()
