CRITICAL - 2025-12-25 20:18:17 --> Error: Class "Locale" not found
in SYSTEMPATH\CodeIgniter.php on line 218.
 1 FCPATH\index.php(67): CodeIgniter\CodeIgniter->initialize()
CRITICAL - 2025-12-25 20:18:21 --> ErrorException: Uncaught Error: Class "Locale" not found in C:\xampp\htdocs\curhatkuy\vendor\codeigniter4\framework\system\Helpers\number_helper.php:137
Stack trace:
#0 C:\xampp\htdocs\curhatkuy\vendor\codeigniter4\framework\system\Helpers\number_helper.php(56): format_number(12.0, 2, NULL, Array)
#1 C:\xampp\htdocs\curhatkuy\vendor\codeigniter4\framework\system\Debug\BaseExceptionHandler.php(152): number_to_size(12.0, 2)
#2 C:\xampp\htdocs\curhatkuy\app\Views\errors\html\error_exception.php(390): CodeIgniter\Debug\BaseExceptionHandler::describeMemory(12582912)
#3 C:\xampp\htdocs\curhatkuy\vendor\codeigniter4\framework\system\Debug\BaseExceptionHandler.php(258): include('C:\\xampp\\htdocs...')
#4 C:\xampp\htdocs\curhatkuy\vendor\codeigniter4\framework\system\Debug\BaseExceptionHandler.php(261): CodeIgniter\Debug\BaseExceptionHandler->CodeIgniter\Debug\{closure}()
#5 C:\xampp\htdocs\curhatkuy\vendor\codeigniter4\framework\system\Debug\ExceptionHandler.php(112): CodeIgniter\Debug\BaseExceptionHandler->render(Object(Error), 500, 'C:\\xampp\\htdocs...')
#6 C:\xampp\htdocs\curhatkuy\vendor\codeigniter4\framework\system\Debug\Exceptions.php(156): CodeIgniter\Debug\ExceptionHandler->handle(Object(Error), Object(CodeIgniter\HTTP\IncomingRequest), Object(CodeIgniter\HTTP\Response), 500, 1)
#7 [internal function]: CodeIgniter\Debug\Exceptions->exceptionHandler(Object(Error))
#8 {main}
  thrown
【Previous Exception】
Error
Class "Locale" not found
#0 C:\xampp\htdocs\curhatkuy\public\index.php(67): CodeIgniter\CodeIgniter->initialize()
#1 {main}
in SYSTEMPATH\Helpers\number_helper.php on line 137.
 1 [internal function]: CodeIgniter\Debug\Exceptions->shutdownHandler()
INFO - 2025-12-25 19:25:35 --> Session: Class initialized using 'CodeIgniter\Session\Handlers\FileHandler' driver.
INFO - 2025-12-25 19:25:45 --> Session: Class initialized using 'CodeIgniter\Session\Handlers\FileHandler' driver.
INFO - 2025-12-25 19:25:47 --> Session: Class initialized using 'CodeIgniter\Session\Handlers\FileHandler' driver.
INFO - 2025-12-25 19:25:55 --> Session: Class initialized using 'CodeIgniter\Session\Handlers\FileHandler' driver.
INFO - 2025-12-25 19:27:02 --> Session: Class initialized using 'CodeIgniter\Session\Handlers\FileHandler' driver.
CRITICAL - 2025-12-25 19:27:03 --> CodeIgniter\View\Exceptions\ViewException: Invalid file: "pages/profilPsikologPagesLoggedin/profilPsikologimg.php"
in SYSTEMPATH\Exceptions\FrameworkException.php on line 39.
 1 SYSTEMPATH\View\View.php(216): CodeIgniter\Exceptions\FrameworkException::forInvalidFile('pages/profilPsikologPagesLoggedin/profilPsikologimg.php')
 2 SYSTEMPATH\Common.php(1178): CodeIgniter\View\View->render('pages/profilPsikologPagesLoggedin/profilPsikologimg', [], true)
 3 APPPATH\Controllers\Index3.php(31): view('pages/profilPsikologPagesLoggedin/profilPsikologimg')
 4 SYSTEMPATH\CodeIgniter.php(943): App\Controllers\Index3->profilPsikolog('img', 'curhatkuy_logo_new.png')
 5 SYSTEMPATH\CodeIgniter.php(503): CodeIgniter\CodeIgniter->runController(Object(App\Controllers\Index3))
 6 SYSTEMPATH\CodeIgniter.php(361): CodeIgniter\CodeIgniter->handleRequest(null, Object(Config\Cache), false)
 7 FCPATH\index.php(79): CodeIgniter\CodeIgniter->run()
INFO - 2025-12-25 19:27:17 --> Session: Class initialized using 'CodeIgniter\Session\Handlers\FileHandler' driver.
INFO - 2025-12-25 19:27:20 --> Session: Class initialized using 'CodeIgniter\Session\Handlers\FileHandler' driver.
INFO - 2025-12-25 19:27:26 --> Session: Class initialized using 'CodeIgniter\Session\Handlers\FileHandler' driver.
INFO - 2025-12-25 19:27:28 --> Session: Class initialized using 'CodeIgniter\Session\Handlers\FileHandler' driver.
CRITICAL - 2025-12-25 19:27:29 --> CodeIgniter\View\Exceptions\ViewException: Invalid file: "pages/profilPsikologPagesLoggedin/profilPsikologimg.php"
in SYSTEMPATH\Exceptions\FrameworkException.php on line 39.
 1 SYSTEMPATH\View\View.php(216): CodeIgniter\Exceptions\FrameworkException::forInvalidFile('pages/profilPsikologPagesLoggedin/profilPsikologimg.php')
 2 SYSTEMPATH\Common.php(1178): CodeIgniter\View\View->render('pages/profilPsikologPagesLoggedin/profilPsikologimg', [], true)
 3 APPPATH\Controllers\Index3.php(31): view('pages/profilPsikologPagesLoggedin/profilPsikologimg')
 4 SYSTEMPATH\CodeIgniter.php(943): App\Controllers\Index3->profilPsikolog('img', 'curhatkuy_logo_new.png')
 5 SYSTEMPATH\CodeIgniter.php(503): CodeIgniter\CodeIgniter->runController(Object(App\Controllers\Index3))
 6 SYSTEMPATH\CodeIgniter.php(361): CodeIgniter\CodeIgniter->handleRequest(null, Object(Config\Cache), false)
 7 FCPATH\index.php(79): CodeIgniter\CodeIgniter->run()
INFO - 2025-12-25 19:28:48 --> Session: Class initialized using 'CodeIgniter\Session\Handlers\FileHandler' driver.
CRITICAL - 2025-12-25 19:28:48 --> CodeIgniter\View\Exceptions\ViewException: Invalid file: "pages/profilPsikologPagesLoggedin/profilPsikologimg.php"
in SYSTEMPATH\Exceptions\FrameworkException.php on line 39.
 1 SYSTEMPATH\View\View.php(216): CodeIgniter\Exceptions\FrameworkException::forInvalidFile('pages/profilPsikologPagesLoggedin/profilPsikologimg.php')
 2 SYSTEMPATH\Common.php(1178): CodeIgniter\View\View->render('pages/profilPsikologPagesLoggedin/profilPsikologimg', [], true)
 3 APPPATH\Controllers\Index3.php(31): view('pages/profilPsikologPagesLoggedin/profilPsikologimg')
 4 SYSTEMPATH\CodeIgniter.php(943): App\Controllers\Index3->profilPsikolog('img', 'curhatkuy_logo_new.png')
 5 SYSTEMPATH\CodeIgniter.php(503): CodeIgniter\CodeIgniter->runController(Object(App\Controllers\Index3))
 6 SYSTEMPATH\CodeIgniter.php(361): CodeIgniter\CodeIgniter->handleRequest(null, Object(Config\Cache), false)
 7 FCPATH\index.php(79): CodeIgniter\CodeIgniter->run()
INFO - 2025-12-25 19:28:50 --> Session: Class initialized using 'CodeIgniter\Session\Handlers\FileHandler' driver.
CRITICAL - 2025-12-25 19:28:50 --> CodeIgniter\View\Exceptions\ViewException: Invalid file: "pages/profilPsikologPagesLoggedin/profilPsikologimg.php"
in SYSTEMPATH\Exceptions\FrameworkException.php on line 39.
 1 SYSTEMPATH\View\View.php(216): CodeIgniter\Exceptions\FrameworkException::forInvalidFile('pages/profilPsikologPagesLoggedin/profilPsikologimg.php')
 2 SYSTEMPATH\Common.php(1178): CodeIgniter\View\View->render('pages/profilPsikologPagesLoggedin/profilPsikologimg', [], true)
 3 APPPATH\Controllers\Index3.php(31): view('pages/profilPsikologPagesLoggedin/profilPsikologimg')
 4 SYSTEMPATH\CodeIgniter.php(943): App\Controllers\Index3->profilPsikolog('img', 'curhatkuy_logo_new.png')
 5 SYSTEMPATH\CodeIgniter.php(503): CodeIgniter\CodeIgniter->runController(Object(App\Controllers\Index3))
 6 SYSTEMPATH\CodeIgniter.php(361): CodeIgniter\CodeIgniter->handleRequest(null, Object(Config\Cache), false)
 7 FCPATH\index.php(79): CodeIgniter\CodeIgniter->run()
INFO - 2025-12-25 19:29:49 --> Session: Class initialized using 'CodeIgniter\Session\Handlers\FileHandler' driver.
INFO - 2025-12-25 19:29:56 --> Session: Class initialized using 'CodeIgniter\Session\Handlers\FileHandler' driver.
INFO - 2025-12-25 19:30:00 --> Session: Class initialized using 'CodeIgniter\Session\Handlers\FileHandler' driver.
CRITICAL - 2025-12-25 19:30:01 --> CodeIgniter\View\Exceptions\ViewException: Invalid file: "pages/profilPsikologPagesLoggedin/profilPsikologimg.php"
in SYSTEMPATH\Exceptions\FrameworkException.php on line 39.
 1 SYSTEMPATH\View\View.php(216): CodeIgniter\Exceptions\FrameworkException::forInvalidFile('pages/profilPsikologPagesLoggedin/profilPsikologimg.php')
 2 SYSTEMPATH\Common.php(1178): CodeIgniter\View\View->render('pages/profilPsikologPagesLoggedin/profilPsikologimg', [], true)
 3 APPPATH\Controllers\Index3.php(31): view('pages/profilPsikologPagesLoggedin/profilPsikologimg')
 4 SYSTEMPATH\CodeIgniter.php(943): App\Controllers\Index3->profilPsikolog('img', 'curhatkuy_logo_new.png')
 5 SYSTEMPATH\CodeIgniter.php(503): CodeIgniter\CodeIgniter->runController(Object(App\Controllers\Index3))
 6 SYSTEMPATH\CodeIgniter.php(361): CodeIgniter\CodeIgniter->handleRequest(null, Object(Config\Cache), false)
 7 FCPATH\index.php(79): CodeIgniter\CodeIgniter->run()
INFO - 2025-12-25 19:32:13 --> Session: Class initialized using 'CodeIgniter\Session\Handlers\FileHandler' driver.
CRITICAL - 2025-12-25 19:32:13 --> CodeIgniter\View\Exceptions\ViewException: Invalid file: "pages/profilPsikologPagesLoggedin/profilPsikologimg.php"
in SYSTEMPATH\Exceptions\FrameworkException.php on line 39.
 1 SYSTEMPATH\View\View.php(216): CodeIgniter\Exceptions\FrameworkException::forInvalidFile('pages/profilPsikologPagesLoggedin/profilPsikologimg.php')
 2 SYSTEMPATH\Common.php(1178): CodeIgniter\View\View->render('pages/profilPsikologPagesLoggedin/profilPsikologimg', [], true)
 3 APPPATH\Controllers\Index3.php(31): view('pages/profilPsikologPagesLoggedin/profilPsikologimg')
 4 SYSTEMPATH\CodeIgniter.php(943): App\Controllers\Index3->profilPsikolog('img', 'curhatkuy_logo_new.png')
 5 SYSTEMPATH\CodeIgniter.php(503): CodeIgniter\CodeIgniter->runController(Object(App\Controllers\Index3))
 6 SYSTEMPATH\CodeIgniter.php(361): CodeIgniter\CodeIgniter->handleRequest(null, Object(Config\Cache), false)
 7 FCPATH\index.php(79): CodeIgniter\CodeIgniter->run()
INFO - 2025-12-25 19:33:07 --> Session: Class initialized using 'CodeIgniter\Session\Handlers\FileHandler' driver.
CRITICAL - 2025-12-25 19:33:07 --> CodeIgniter\View\Exceptions\ViewException: Invalid file: "pages/profilPsikologPagesLoggedin/profilPsikologimg.php"
in SYSTEMPATH\Exceptions\FrameworkException.php on line 39.
 1 SYSTEMPATH\View\View.php(216): CodeIgniter\Exceptions\FrameworkException::forInvalidFile('pages/profilPsikologPagesLoggedin/profilPsikologimg.php')
 2 SYSTEMPATH\Common.php(1178): CodeIgniter\View\View->render('pages/profilPsikologPagesLoggedin/profilPsikologimg', [], true)
 3 APPPATH\Controllers\Index3.php(31): view('pages/profilPsikologPagesLoggedin/profilPsikologimg')
 4 SYSTEMPATH\CodeIgniter.php(943): App\Controllers\Index3->profilPsikolog('img', 'curhatkuy_logo_new.png')
 5 SYSTEMPATH\CodeIgniter.php(503): CodeIgniter\CodeIgniter->runController(Object(App\Controllers\Index3))
 6 SYSTEMPATH\CodeIgniter.php(361): CodeIgniter\CodeIgniter->handleRequest(null, Object(Config\Cache), false)
 7 FCPATH\index.php(79): CodeIgniter\CodeIgniter->run()
INFO - 2025-12-25 19:33:15 --> Session: Class initialized using 'CodeIgniter\Session\Handlers\FileHandler' driver.
INFO - 2025-12-25 19:33:22 --> Session: Class initialized using 'CodeIgniter\Session\Handlers\FileHandler' driver.
CRITICAL - 2025-12-25 19:33:22 --> CodeIgniter\View\Exceptions\ViewException: Invalid file: "pages/profilPsikologPagesLoggedin/profilPsikologimg.php"
in SYSTEMPATH\Exceptions\FrameworkException.php on line 39.
 1 SYSTEMPATH\View\View.php(216): CodeIgniter\Exceptions\FrameworkException::forInvalidFile('pages/profilPsikologPagesLoggedin/profilPsikologimg.php')
 2 SYSTEMPATH\Common.php(1178): CodeIgniter\View\View->render('pages/profilPsikologPagesLoggedin/profilPsikologimg', [], true)
 3 APPPATH\Controllers\Index3.php(31): view('pages/profilPsikologPagesLoggedin/profilPsikologimg')
 4 SYSTEMPATH\CodeIgniter.php(943): App\Controllers\Index3->profilPsikolog('img', 'curhatkuy_logo_new.png')
 5 SYSTEMPATH\CodeIgniter.php(503): CodeIgniter\CodeIgniter->runController(Object(App\Controllers\Index3))
 6 SYSTEMPATH\CodeIgniter.php(361): CodeIgniter\CodeIgniter->handleRequest(null, Object(Config\Cache), false)
 7 FCPATH\index.php(79): CodeIgniter\CodeIgniter->run()
INFO - 2025-12-25 19:33:34 --> Session: Class initialized using 'CodeIgniter\Session\Handlers\FileHandler' driver.
CRITICAL - 2025-12-25 19:33:34 --> CodeIgniter\View\Exceptions\ViewException: Invalid file: "pages/profilPsikologPagesLoggedin/profilPsikologimg.php"
in SYSTEMPATH\Exceptions\FrameworkException.php on line 39.
 1 SYSTEMPATH\View\View.php(216): CodeIgniter\Exceptions\FrameworkException::forInvalidFile('pages/profilPsikologPagesLoggedin/profilPsikologimg.php')
 2 SYSTEMPATH\Common.php(1178): CodeIgniter\View\View->render('pages/profilPsikologPagesLoggedin/profilPsikologimg', [], true)
 3 APPPATH\Controllers\Index3.php(31): view('pages/profilPsikologPagesLoggedin/profilPsikologimg')
 4 SYSTEMPATH\CodeIgniter.php(943): App\Controllers\Index3->profilPsikolog('img', 'curhatkuy_logo_new.png')
 5 SYSTEMPATH\CodeIgniter.php(503): CodeIgniter\CodeIgniter->runController(Object(App\Controllers\Index3))
 6 SYSTEMPATH\CodeIgniter.php(361): CodeIgniter\CodeIgniter->handleRequest(null, Object(Config\Cache), false)
 7 FCPATH\index.php(79): CodeIgniter\CodeIgniter->run()
INFO - 2025-12-25 19:34:11 --> Session: Class initialized using 'CodeIgniter\Session\Handlers\FileHandler' driver.
CRITICAL - 2025-12-25 19:34:11 --> CodeIgniter\View\Exceptions\ViewException: Invalid file: "pages/profilPsikologPagesLoggedin/profilPsikologimg.php"
in SYSTEMPATH\Exceptions\FrameworkException.php on line 39.
 1 SYSTEMPATH\View\View.php(216): CodeIgniter\Exceptions\FrameworkException::forInvalidFile('pages/profilPsikologPagesLoggedin/profilPsikologimg.php')
 2 SYSTEMPATH\Common.php(1178): CodeIgniter\View\View->render('pages/profilPsikologPagesLoggedin/profilPsikologimg', [], true)
 3 APPPATH\Controllers\Index3.php(31): view('pages/profilPsikologPagesLoggedin/profilPsikologimg')
 4 SYSTEMPATH\CodeIgniter.php(943): App\Controllers\Index3->profilPsikolog('img', 'curhatkuy_logo_new.png')
 5 SYSTEMPATH\CodeIgniter.php(503): CodeIgniter\CodeIgniter->runController(Object(App\Controllers\Index3))
 6 SYSTEMPATH\CodeIgniter.php(361): CodeIgniter\CodeIgniter->handleRequest(null, Object(Config\Cache), false)
 7 FCPATH\index.php(79): CodeIgniter\CodeIgniter->run()
INFO - 2025-12-25 19:34:53 --> Session: Class initialized using 'CodeIgniter\Session\Handlers\FileHandler' driver.
INFO - 2025-12-25 19:34:54 --> Session: Class initialized using 'CodeIgniter\Session\Handlers\FileHandler' driver.
CRITICAL - 2025-12-25 19:34:55 --> CodeIgniter\View\Exceptions\ViewException: Invalid file: "pages/profilPsikologPagesLoggedin/profilPsikologimg.php"
in SYSTEMPATH\Exceptions\FrameworkException.php on line 39.
 1 SYSTEMPATH\View\View.php(216): CodeIgniter\Exceptions\FrameworkException::forInvalidFile('pages/profilPsikologPagesLoggedin/profilPsikologimg.php')
 2 SYSTEMPATH\Common.php(1178): CodeIgniter\View\View->render('pages/profilPsikologPagesLoggedin/profilPsikologimg', [], true)
 3 APPPATH\Controllers\Index3.php(31): view('pages/profilPsikologPagesLoggedin/profilPsikologimg')
 4 SYSTEMPATH\CodeIgniter.php(943): App\Controllers\Index3->profilPsikolog('img', 'curhatkuy_logo_new.png')
 5 SYSTEMPATH\CodeIgniter.php(503): CodeIgniter\CodeIgniter->runController(Object(App\Controllers\Index3))
 6 SYSTEMPATH\CodeIgniter.php(361): CodeIgniter\CodeIgniter->handleRequest(null, Object(Config\Cache), false)
 7 FCPATH\index.php(79): CodeIgniter\CodeIgniter->run()
INFO - 2025-12-25 19:35:53 --> Session: Class initialized using 'CodeIgniter\Session\Handlers\FileHandler' driver.
CRITICAL - 2025-12-25 19:35:53 --> CodeIgniter\View\Exceptions\ViewException: Invalid file: "pages/profilPsikologPagesLoggedin/profilPsikologimg.php"
in SYSTEMPATH\Exceptions\FrameworkException.php on line 39.
 1 SYSTEMPATH\View\View.php(216): CodeIgniter\Exceptions\FrameworkException::forInvalidFile('pages/profilPsikologPagesLoggedin/profilPsikologimg.php')
 2 SYSTEMPATH\Common.php(1178): CodeIgniter\View\View->render('pages/profilPsikologPagesLoggedin/profilPsikologimg', [], true)
 3 APPPATH\Controllers\Index3.php(31): view('pages/profilPsikologPagesLoggedin/profilPsikologimg')
 4 SYSTEMPATH\CodeIgniter.php(943): App\Controllers\Index3->profilPsikolog('img', 'curhatkuy_logo_new.png')
 5 SYSTEMPATH\CodeIgniter.php(503): CodeIgniter\CodeIgniter->runController(Object(App\Controllers\Index3))
 6 SYSTEMPATH\CodeIgniter.php(361): CodeIgniter\CodeIgniter->handleRequest(null, Object(Config\Cache), false)
 7 FCPATH\index.php(79): CodeIgniter\CodeIgniter->run()
INFO - 2025-12-25 19:35:58 --> Session: Class initialized using 'CodeIgniter\Session\Handlers\FileHandler' driver.
CRITICAL - 2025-12-25 19:35:58 --> CodeIgniter\View\Exceptions\ViewException: Invalid file: "pages/profilPsikologPagesLoggedin/profilPsikologimg.php"
in SYSTEMPATH\Exceptions\FrameworkException.php on line 39.
 1 SYSTEMPATH\View\View.php(216): CodeIgniter\Exceptions\FrameworkException::forInvalidFile('pages/profilPsikologPagesLoggedin/profilPsikologimg.php')
 2 SYSTEMPATH\Common.php(1178): CodeIgniter\View\View->render('pages/profilPsikologPagesLoggedin/profilPsikologimg', [], true)
 3 APPPATH\Controllers\Index3.php(31): view('pages/profilPsikologPagesLoggedin/profilPsikologimg')
 4 SYSTEMPATH\CodeIgniter.php(943): App\Controllers\Index3->profilPsikolog('img', 'curhatkuy_logo_new.png')
 5 SYSTEMPATH\CodeIgniter.php(503): CodeIgniter\CodeIgniter->runController(Object(App\Controllers\Index3))
 6 SYSTEMPATH\CodeIgniter.php(361): CodeIgniter\CodeIgniter->handleRequest(null, Object(Config\Cache), false)
 7 FCPATH\index.php(79): CodeIgniter\CodeIgniter->run()
INFO - 2025-12-25 19:39:26 --> Session: Class initialized using 'CodeIgniter\Session\Handlers\FileHandler' driver.
INFO - 2025-12-25 19:39:28 --> Session: Class initialized using 'CodeIgniter\Session\Handlers\FileHandler' driver.
CRITICAL - 2025-12-25 19:39:28 --> CodeIgniter\View\Exceptions\ViewException: Invalid file: "pages/profilPsikologPagesLoggedin/profilPsikologimg.php"
in SYSTEMPATH\Exceptions\FrameworkException.php on line 39.
 1 SYSTEMPATH\View\View.php(216): CodeIgniter\Exceptions\FrameworkException::forInvalidFile('pages/profilPsikologPagesLoggedin/profilPsikologimg.php')
 2 SYSTEMPATH\Common.php(1178): CodeIgniter\View\View->render('pages/profilPsikologPagesLoggedin/profilPsikologimg', [], true)
 3 APPPATH\Controllers\Index3.php(31): view('pages/profilPsikologPagesLoggedin/profilPsikologimg')
 4 SYSTEMPATH\CodeIgniter.php(943): App\Controllers\Index3->profilPsikolog('img', 'curhatkuy_logo_new.png')
 5 SYSTEMPATH\CodeIgniter.php(503): CodeIgniter\CodeIgniter->runController(Object(App\Controllers\Index3))
 6 SYSTEMPATH\CodeIgniter.php(361): CodeIgniter\CodeIgniter->handleRequest(null, Object(Config\Cache), false)
 7 FCPATH\index.php(79): CodeIgniter\CodeIgniter->run()
INFO - 2025-12-25 19:39:34 --> Session: Class initialized using 'CodeIgniter\Session\Handlers\FileHandler' driver.
INFO - 2025-12-25 19:40:56 --> Session: Class initialized using 'CodeIgniter\Session\Handlers\FileHandler' driver.
INFO - 2025-12-25 19:40:59 --> Session: Class initialized using 'CodeIgniter\Session\Handlers\FileHandler' driver.
CRITICAL - 2025-12-25 19:40:59 --> CodeIgniter\View\Exceptions\ViewException: Invalid file: "pages/profilPsikologPagesLoggedin/profilPsikologimg.php"
in SYSTEMPATH\Exceptions\FrameworkException.php on line 39.
 1 SYSTEMPATH\View\View.php(216): CodeIgniter\Exceptions\FrameworkException::forInvalidFile('pages/profilPsikologPagesLoggedin/profilPsikologimg.php')
 2 SYSTEMPATH\Common.php(1178): CodeIgniter\View\View->render('pages/profilPsikologPagesLoggedin/profilPsikologimg', [], true)
 3 APPPATH\Controllers\Index3.php(31): view('pages/profilPsikologPagesLoggedin/profilPsikologimg')
 4 SYSTEMPATH\CodeIgniter.php(943): App\Controllers\Index3->profilPsikolog('img', 'curhatkuy_logo_new.png')
 5 SYSTEMPATH\CodeIgniter.php(503): CodeIgniter\CodeIgniter->runController(Object(App\Controllers\Index3))
 6 SYSTEMPATH\CodeIgniter.php(361): CodeIgniter\CodeIgniter->handleRequest(null, Object(Config\Cache), false)
 7 FCPATH\index.php(79): CodeIgniter\CodeIgniter->run()
INFO - 2025-12-25 19:41:05 --> Session: Class initialized using 'CodeIgniter\Session\Handlers\FileHandler' driver.
INFO - 2025-12-25 19:41:19 --> Session: Class initialized using 'CodeIgniter\Session\Handlers\FileHandler' driver.
INFO - 2025-12-25 19:48:34 --> Session: Class initialized using 'CodeIgniter\Session\Handlers\FileHandler' driver.
INFO - 2025-12-25 19:48:36 --> Session: Class initialized using 'CodeIgniter\Session\Handlers\FileHandler' driver.
CRITICAL - 2025-12-25 19:48:37 --> CodeIgniter\View\Exceptions\ViewException: Invalid file: "pages/profilPsikologPagesLoggedin/profilPsikologimg.php"
in SYSTEMPATH\Exceptions\FrameworkException.php on line 39.
 1 SYSTEMPATH\View\View.php(216): CodeIgniter\Exceptions\FrameworkException::forInvalidFile('pages/profilPsikologPagesLoggedin/profilPsikologimg.php')
 2 SYSTEMPATH\Common.php(1178): CodeIgniter\View\View->render('pages/profilPsikologPagesLoggedin/profilPsikologimg', [], true)
 3 APPPATH\Controllers\Index3.php(31): view('pages/profilPsikologPagesLoggedin/profilPsikologimg')
 4 SYSTEMPATH\CodeIgniter.php(943): App\Controllers\Index3->profilPsikolog('img', 'curhatkuy_logo_new.png')
 5 SYSTEMPATH\CodeIgniter.php(503): CodeIgniter\CodeIgniter->runController(Object(App\Controllers\Index3))
 6 SYSTEMPATH\CodeIgniter.php(361): CodeIgniter\CodeIgniter->handleRequest(null, Object(Config\Cache), false)
 7 FCPATH\index.php(79): CodeIgniter\CodeIgniter->run()
INFO - 2025-12-25 19:48:40 --> Session: Class initialized using 'CodeIgniter\Session\Handlers\FileHandler' driver.
INFO - 2025-12-25 19:48:42 --> Session: Class initialized using 'CodeIgniter\Session\Handlers\FileHandler' driver.
CRITICAL - 2025-12-25 19:48:42 --> CodeIgniter\View\Exceptions\ViewException: Invalid file: "pages/profilPsikologPagesLoggedin/profilPsikologimg.php"
in SYSTEMPATH\Exceptions\FrameworkException.php on line 39.
 1 SYSTEMPATH\View\View.php(216): CodeIgniter\Exceptions\FrameworkException::forInvalidFile('pages/profilPsikologPagesLoggedin/profilPsikologimg.php')
 2 SYSTEMPATH\Common.php(1178): CodeIgniter\View\View->render('pages/profilPsikologPagesLoggedin/profilPsikologimg', [], true)
 3 APPPATH\Controllers\Index3.php(31): view('pages/profilPsikologPagesLoggedin/profilPsikologimg')
 4 SYSTEMPATH\CodeIgniter.php(943): App\Controllers\Index3->profilPsikolog('img', 'curhatkuy_logo_new.png')
 5 SYSTEMPATH\CodeIgniter.php(503): CodeIgniter\CodeIgniter->runController(Object(App\Controllers\Index3))
 6 SYSTEMPATH\CodeIgniter.php(361): CodeIgniter\CodeIgniter->handleRequest(null, Object(Config\Cache), false)
 7 FCPATH\index.php(79): CodeIgniter\CodeIgniter->run()
INFO - 2025-12-25 19:48:58 --> Session: Class initialized using 'CodeIgniter\Session\Handlers\FileHandler' driver.
INFO - 2025-12-25 19:50:04 --> Session: Class initialized using 'CodeIgniter\Session\Handlers\FileHandler' driver.
INFO - 2025-12-25 20:06:38 --> Session: Class initialized using 'CodeIgniter\Session\Handlers\FileHandler' driver.
CRITICAL - 2025-12-25 20:06:38 --> ErrorException: Undefined variable $availabilityData
in APPPATH\Views\pages\scheduleLoggedin.php on line 200.
 1 APPPATH\Views\pages\scheduleLoggedin.php(200): CodeIgniter\Debug\Exceptions->errorHandler(2, 'Undefined variable $availabilityData', 'C:\\xampp\\htdocs\\curhatkuy\\app\\Views\\pages\\scheduleLoggedin.php', 200)
 2 SYSTEMPATH\View\View.php(228): include('C:\\xampp\\htdocs\\curhatkuy\\app\\Views\\pages\\scheduleLoggedin.php')
 3 SYSTEMPATH\View\View.php(231): CodeIgniter\View\View->CodeIgniter\View\{closure}()
 4 SYSTEMPATH\Common.php(1178): CodeIgniter\View\View->render('pages/scheduleLoggedin', [], true)
 5 APPPATH\Controllers\Index3.php(76): view('pages/scheduleLoggedin', [...])
 6 SYSTEMPATH\CodeIgniter.php(943): App\Controllers\Index3->schedule()
 7 SYSTEMPATH\CodeIgniter.php(503): CodeIgniter\CodeIgniter->runController(Object(App\Controllers\Index3))
 8 SYSTEMPATH\CodeIgniter.php(361): CodeIgniter\CodeIgniter->handleRequest(null, Object(Config\Cache), false)
 9 FCPATH\index.php(79): CodeIgniter\CodeIgniter->run()
INFO - 2025-12-25 20:06:39 --> Session: Class initialized using 'CodeIgniter\Session\Handlers\FileHandler' driver.
INFO - 2025-12-25 20:06:41 --> Session: Class initialized using 'CodeIgniter\Session\Handlers\FileHandler' driver.
INFO - 2025-12-25 20:06:41 --> Session: Class initialized using 'CodeIgniter\Session\Handlers\FileHandler' driver.
INFO - 2025-12-25 20:06:47 --> Session: Class initialized using 'CodeIgniter\Session\Handlers\FileHandler' driver.
CRITICAL - 2025-12-25 20:06:47 --> ErrorException: Undefined variable $availabilityData
in APPPATH\Views\pages\scheduleLoggedin.php on line 200.
 1 APPPATH\Views\pages\scheduleLoggedin.php(200): CodeIgniter\Debug\Exceptions->errorHandler(2, 'Undefined variable $availabilityData', 'C:\\xampp\\htdocs\\curhatkuy\\app\\Views\\pages\\scheduleLoggedin.php', 200)
 2 SYSTEMPATH\View\View.php(228): include('C:\\xampp\\htdocs\\curhatkuy\\app\\Views\\pages\\scheduleLoggedin.php')
 3 SYSTEMPATH\View\View.php(231): CodeIgniter\View\View->CodeIgniter\View\{closure}()
 4 SYSTEMPATH\Common.php(1178): CodeIgniter\View\View->render('pages/scheduleLoggedin', [], true)
 5 APPPATH\Controllers\Index3.php(76): view('pages/scheduleLoggedin', [...])
 6 SYSTEMPATH\CodeIgniter.php(943): App\Controllers\Index3->schedule()
 7 SYSTEMPATH\CodeIgniter.php(503): CodeIgniter\CodeIgniter->runController(Object(App\Controllers\Index3))
 8 SYSTEMPATH\CodeIgniter.php(361): CodeIgniter\CodeIgniter->handleRequest(null, Object(Config\Cache), false)
 9 FCPATH\index.php(79): CodeIgniter\CodeIgniter->run()
INFO - 2025-12-25 20:12:21 --> Session: Class initialized using 'CodeIgniter\Session\Handlers\FileHandler' driver.
INFO - 2025-12-25 20:12:23 --> Session: Class initialized using 'CodeIgniter\Session\Handlers\FileHandler' driver.
CRITICAL - 2025-12-25 20:12:23 --> ErrorException: Undefined variable $availabilityData
in APPPATH\Views\pages\scheduleLoggedin.php on line 200.
 1 APPPATH\Views\pages\scheduleLoggedin.php(200): CodeIgniter\Debug\Exceptions->errorHandler(2, 'Undefined variable $availabilityData', 'C:\\xampp\\htdocs\\curhatkuy\\app\\Views\\pages\\scheduleLoggedin.php', 200)
 2 SYSTEMPATH\View\View.php(228): include('C:\\xampp\\htdocs\\curhatkuy\\app\\Views\\pages\\scheduleLoggedin.php')
 3 SYSTEMPATH\View\View.php(231): CodeIgniter\View\View->CodeIgniter\View\{closure}()
 4 SYSTEMPATH\Common.php(1178): CodeIgniter\View\View->render('pages/scheduleLoggedin', [], true)
 5 APPPATH\Controllers\Index3.php(76): view('pages/scheduleLoggedin', [...])
 6 SYSTEMPATH\CodeIgniter.php(943): App\Controllers\Index3->schedule()
 7 SYSTEMPATH\CodeIgniter.php(503): CodeIgniter\CodeIgniter->runController(Object(App\Controllers\Index3))
 8 SYSTEMPATH\CodeIgniter.php(361): CodeIgniter\CodeIgniter->handleRequest(null, Object(Config\Cache), false)
 9 FCPATH\index.php(79): CodeIgniter\CodeIgniter->run()
INFO - 2025-12-25 20:13:30 --> Session: Class initialized using 'CodeIgniter\Session\Handlers\FileHandler' driver.
INFO - 2025-12-25 20:13:32 --> Session: Class initialized using 'CodeIgniter\Session\Handlers\FileHandler' driver.
CRITICAL - 2025-12-25 20:13:32 --> ErrorException: Undefined variable $availabilityData
in APPPATH\Views\pages\scheduleLoggedin.php on line 204.
 1 APPPATH\Views\pages\scheduleLoggedin.php(204): CodeIgniter\Debug\Exceptions->errorHandler(2, 'Undefined variable $availabilityData', 'C:\\xampp\\htdocs\\curhatkuy\\app\\Views\\pages\\scheduleLoggedin.php', 204)
 2 SYSTEMPATH\View\View.php(228): include('C:\\xampp\\htdocs\\curhatkuy\\app\\Views\\pages\\scheduleLoggedin.php')
 3 SYSTEMPATH\View\View.php(231): CodeIgniter\View\View->CodeIgniter\View\{closure}()
 4 SYSTEMPATH\Common.php(1178): CodeIgniter\View\View->render('pages/scheduleLoggedin', [], true)
 5 APPPATH\Controllers\Index3.php(76): view('pages/scheduleLoggedin', [...])
 6 SYSTEMPATH\CodeIgniter.php(943): App\Controllers\Index3->schedule()
 7 SYSTEMPATH\CodeIgniter.php(503): CodeIgniter\CodeIgniter->runController(Object(App\Controllers\Index3))
 8 SYSTEMPATH\CodeIgniter.php(361): CodeIgniter\CodeIgniter->handleRequest(null, Object(Config\Cache), false)
 9 FCPATH\index.php(79): CodeIgniter\CodeIgniter->run()
INFO - 2025-12-25 20:14:47 --> Session: Class initialized using 'CodeIgniter\Session\Handlers\FileHandler' driver.
CRITICAL - 2025-12-25 20:14:47 --> ErrorException: Undefined variable $availabilityData
in APPPATH\Views\pages\scheduleLoggedin.php on line 204.
 1 APPPATH\Views\pages\scheduleLoggedin.php(204): CodeIgniter\Debug\Exceptions->errorHandler(2, 'Undefined variable $availabilityData', 'C:\\xampp\\htdocs\\curhatkuy\\app\\Views\\pages\\scheduleLoggedin.php', 204)
 2 SYSTEMPATH\View\View.php(228): include('C:\\xampp\\htdocs\\curhatkuy\\app\\Views\\pages\\scheduleLoggedin.php')
 3 SYSTEMPATH\View\View.php(231): CodeIgniter\View\View->CodeIgniter\View\{closure}()
 4 SYSTEMPATH\Common.php(1178): CodeIgniter\View\View->render('pages/scheduleLoggedin', [], true)
 5 APPPATH\Controllers\Index3.php(76): view('pages/scheduleLoggedin', [...])
 6 SYSTEMPATH\CodeIgniter.php(943): App\Controllers\Index3->schedule()
 7 SYSTEMPATH\CodeIgniter.php(503): CodeIgniter\CodeIgniter->runController(Object(App\Controllers\Index3))
 8 SYSTEMPATH\CodeIgniter.php(361): CodeIgniter\CodeIgniter->handleRequest(null, Object(Config\Cache), false)
 9 FCPATH\index.php(79): CodeIgniter\CodeIgniter->run()
