CRITICAL - 2025-12-17 16:57:56 --> ErrorException: Undefined variable $API_BASE
in APPPATH\Views\partials\chatbot.php on line 74.
 1 APPPATH\Views\partials\chatbot.php(74): CodeIgniter\Debug\Exceptions->errorHandler(2, 'Undefined variable $API_BASE', 'C:\\xampp\\htdocs\\ci4curhatkuy-min\\app\\Views\\partials\\chatbot.php', 74)
 2 SYSTEMPATH\View\View.php(228): include('C:\\xampp\\htdocs\\ci4curhatkuy-min\\app\\Views\\partials\\chatbot.php')
 3 SYSTEMPATH\View\View.php(231): CodeIgniter\View\View->CodeIgniter\View\{closure}()
 4 SYSTEMPATH\View\View.php(469): CodeIgniter\View\View->render('partials/chatbot', null, true)
 5 APPPATH\Views\pages\index3.php(366): CodeIgniter\View\View->include('partials/chatbot')
 6 SYSTEMPATH\View\View.php(228): include('C:\\xampp\\htdocs\\ci4curhatkuy-min\\app\\Views\\pages\\index3.php')
 7 SYSTEMPATH\View\View.php(231): CodeIgniter\View\View->CodeIgniter\View\{closure}()
 8 SYSTEMPATH\Common.php(1178): CodeIgniter\View\View->render('pages/index3', [], true)
 9 APPPATH\Controllers\Index3.php(9): view('pages/index3')
10 SYSTEMPATH\CodeIgniter.php(943): App\Controllers\Index3->index()
11 SYSTEMPATH\CodeIgniter.php(503): CodeIgniter\CodeIgniter->runController(Object(App\Controllers\Index3))
12 SYSTEMPATH\CodeIgniter.php(361): CodeIgniter\CodeIgniter->handleRequest(null, Object(Config\Cache), false)
13 FCPATH\index.php(79): CodeIgniter\CodeIgniter->run()
CRITICAL - 2025-12-17 16:57:59 --> ErrorException: Undefined variable $API_BASE
in APPPATH\Views\partials\chatbot.php on line 74.
 1 APPPATH\Views\partials\chatbot.php(74): CodeIgniter\Debug\Exceptions->errorHandler(2, 'Undefined variable $API_BASE', 'C:\\xampp\\htdocs\\ci4curhatkuy-min\\app\\Views\\partials\\chatbot.php', 74)
 2 SYSTEMPATH\View\View.php(228): include('C:\\xampp\\htdocs\\ci4curhatkuy-min\\app\\Views\\partials\\chatbot.php')
 3 SYSTEMPATH\View\View.php(231): CodeIgniter\View\View->CodeIgniter\View\{closure}()
 4 SYSTEMPATH\View\View.php(469): CodeIgniter\View\View->render('partials/chatbot', null, true)
 5 APPPATH\Views\pages\index3.php(366): CodeIgniter\View\View->include('partials/chatbot')
 6 SYSTEMPATH\View\View.php(228): include('C:\\xampp\\htdocs\\ci4curhatkuy-min\\app\\Views\\pages\\index3.php')
 7 SYSTEMPATH\View\View.php(231): CodeIgniter\View\View->CodeIgniter\View\{closure}()
 8 SYSTEMPATH\Common.php(1178): CodeIgniter\View\View->render('pages/index3', [], true)
 9 APPPATH\Controllers\Index3.php(9): view('pages/index3')
10 SYSTEMPATH\CodeIgniter.php(943): App\Controllers\Index3->index()
11 SYSTEMPATH\CodeIgniter.php(503): CodeIgniter\CodeIgniter->runController(Object(App\Controllers\Index3))
12 SYSTEMPATH\CodeIgniter.php(361): CodeIgniter\CodeIgniter->handleRequest(null, Object(Config\Cache), false)
13 FCPATH\index.php(79): CodeIgniter\CodeIgniter->run()
