ERROR - 2025-12-11 11:42:40 --> mysqli_sql_exception: Column 'payment_type' cannot be null in C:\xampp\htdocs\ci4curhatkuy-min\vendor\codeigniter4\framework\system\Database\MySQLi\Connection.php:306
Stack trace:
#0 C:\xampp\htdocs\ci4curhatkuy-min\vendor\codeigniter4\framework\system\Database\MySQLi\Connection.php(306): mysqli->query('INSERT INTO `pa...', 0)
#1 C:\xampp\htdocs\ci4curhatkuy-min\vendor\codeigniter4\framework\system\Database\BaseConnection.php(693): CodeIgniter\Database\MySQLi\Connection->execute('INSERT INTO `pa...')
#2 C:\xampp\htdocs\ci4curhatkuy-min\vendor\codeigniter4\framework\system\Database\BaseConnection.php(607): CodeIgniter\Database\BaseConnection->simpleQuery('INSERT INTO `pa...')
#3 C:\xampp\htdocs\ci4curhatkuy-min\vendor\codeigniter4\framework\system\Database\BaseBuilder.php(2307): CodeIgniter\Database\BaseConnection->query('INSERT INTO `pa...', Array, false)
#4 C:\xampp\htdocs\ci4curhatkuy-min\vendor\codeigniter4\framework\system\Model.php(327): CodeIgniter\Database\BaseBuilder->insert()
#5 C:\xampp\htdocs\ci4curhatkuy-min\vendor\codeigniter4\framework\system\BaseModel.php(805): CodeIgniter\Model->doInsert(Array)
#6 C:\xampp\htdocs\ci4curhatkuy-min\vendor\codeigniter4\framework\system\Model.php(749): CodeIgniter\BaseModel->insert(Array, false)
#7 C:\xampp\htdocs\ci4curhatkuy-min\vendor\codeigniter4\framework\system\BaseModel.php(716): CodeIgniter\Model->insert(Array, false)
#8 C:\xampp\htdocs\ci4curhatkuy-min\app\Controllers\Payment.php(48): CodeIgniter\BaseModel->save(Array)
#9 C:\xampp\htdocs\ci4curhatkuy-min\vendor\codeigniter4\framework\system\CodeIgniter.php(943): App\Controllers\Payment->createPayment()
#10 C:\xampp\htdocs\ci4curhatkuy-min\vendor\codeigniter4\framework\system\CodeIgniter.php(503): CodeIgniter\CodeIgniter->runController(Object(App\Controllers\Payment))
#11 C:\xampp\htdocs\ci4curhatkuy-min\vendor\codeigniter4\framework\system\CodeIgniter.php(361): CodeIgniter\CodeIgniter->handleRequest(NULL, Object(Config\Cache), false)
#12 C:\xampp\htdocs\ci4curhatkuy-min\public\index.php(79): CodeIgniter\CodeIgniter->run()
#13 {main}
CRITICAL - 2025-12-11 11:42:40 --> CodeIgniter\Database\Exceptions\DatabaseException: Column 'payment_type' cannot be null
in SYSTEMPATH\Database\BaseConnection.php on line 647.
 1 SYSTEMPATH\Database\BaseBuilder.php(2307): CodeIgniter\Database\BaseConnection->query('INSERT INTO `payment` (`order_id`, `nama_lengkap`, `email`, `package`, `amount`, `payment_type`, `transaction_status`) VALUES (:order_id:, :nama_lengkap:, :email:, :package:, :amount:, :payment_type:, :transaction_status:)', [...], false)
 2 SYSTEMPATH\Model.php(327): CodeIgniter\Database\BaseBuilder->insert()
 3 SYSTEMPATH\BaseModel.php(805): CodeIgniter\Model->doInsert([...])
 4 SYSTEMPATH\Model.php(749): CodeIgniter\BaseModel->insert([...], false)
 5 SYSTEMPATH\BaseModel.php(716): CodeIgniter\Model->insert([...], false)
 6 APPPATH\Controllers\Payment.php(48): CodeIgniter\BaseModel->save([...])
 7 SYSTEMPATH\CodeIgniter.php(943): App\Controllers\Payment->createPayment()
 8 SYSTEMPATH\CodeIgniter.php(503): CodeIgniter\CodeIgniter->runController(Object(App\Controllers\Payment))
 9 SYSTEMPATH\CodeIgniter.php(361): CodeIgniter\CodeIgniter->handleRequest(null, Object(Config\Cache), false)
10 FCPATH\index.php(79): CodeIgniter\CodeIgniter->run()
CRITICAL - 2025-12-11 11:42:40 --> [Caused by] CodeIgniter\Database\Exceptions\DatabaseException: Column 'payment_type' cannot be null
in SYSTEMPATH\Database\MySQLi\Connection.php on line 311.
 1 SYSTEMPATH\Database\BaseConnection.php(693): CodeIgniter\Database\MySQLi\Connection->execute('INSERT INTO `payment` (`order_id`, `nama_lengkap`, `email`, `package`, `amount`, `payment_type`, `transaction_status`) VALUES (\'693aae309000a\', \'Rayhan A\', \'rayhan@gmail.com\', \'Kuy Curhat\', 0, NULL, \'pending\')')
 2 SYSTEMPATH\Database\BaseConnection.php(607): CodeIgniter\Database\BaseConnection->simpleQuery('INSERT INTO `payment` (`order_id`, `nama_lengkap`, `email`, `package`, `amount`, `payment_type`, `transaction_status`) VALUES (\'693aae309000a\', \'Rayhan A\', \'rayhan@gmail.com\', \'Kuy Curhat\', 0, NULL, \'pending\')')
 3 SYSTEMPATH\Database\BaseBuilder.php(2307): CodeIgniter\Database\BaseConnection->query('INSERT INTO `payment` (`order_id`, `nama_lengkap`, `email`, `package`, `amount`, `payment_type`, `transaction_status`) VALUES (:order_id:, :nama_lengkap:, :email:, :package:, :amount:, :payment_type:, :transaction_status:)', [...], false)
 4 SYSTEMPATH\Model.php(327): CodeIgniter\Database\BaseBuilder->insert()
 5 SYSTEMPATH\BaseModel.php(805): CodeIgniter\Model->doInsert([...])
 6 SYSTEMPATH\Model.php(749): CodeIgniter\BaseModel->insert([...], false)
 7 SYSTEMPATH\BaseModel.php(716): CodeIgniter\Model->insert([...], false)
 8 APPPATH\Controllers\Payment.php(48): CodeIgniter\BaseModel->save([...])
 9 SYSTEMPATH\CodeIgniter.php(943): App\Controllers\Payment->createPayment()
10 SYSTEMPATH\CodeIgniter.php(503): CodeIgniter\CodeIgniter->runController(Object(App\Controllers\Payment))
11 SYSTEMPATH\CodeIgniter.php(361): CodeIgniter\CodeIgniter->handleRequest(null, Object(Config\Cache), false)
12 FCPATH\index.php(79): CodeIgniter\CodeIgniter->run()
CRITICAL - 2025-12-11 11:42:40 --> [Caused by] mysqli_sql_exception: Column 'payment_type' cannot be null
in SYSTEMPATH\Database\MySQLi\Connection.php on line 306.
 1 SYSTEMPATH\Database\MySQLi\Connection.php(306): mysqli->query('INSERT INTO `payment` (`order_id`, `nama_lengkap`, `email`, `package`, `amount`, `payment_type`, `transaction_status`) VALUES (\'693aae309000a\', \'Rayhan A\', \'rayhan@gmail.com\', \'Kuy Curhat\', 0, NULL, \'pending\')', 0)
 2 SYSTEMPATH\Database\BaseConnection.php(693): CodeIgniter\Database\MySQLi\Connection->execute('INSERT INTO `payment` (`order_id`, `nama_lengkap`, `email`, `package`, `amount`, `payment_type`, `transaction_status`) VALUES (\'693aae309000a\', \'Rayhan A\', \'rayhan@gmail.com\', \'Kuy Curhat\', 0, NULL, \'pending\')')
 3 SYSTEMPATH\Database\BaseConnection.php(607): CodeIgniter\Database\BaseConnection->simpleQuery('INSERT INTO `payment` (`order_id`, `nama_lengkap`, `email`, `package`, `amount`, `payment_type`, `transaction_status`) VALUES (\'693aae309000a\', \'Rayhan A\', \'rayhan@gmail.com\', \'Kuy Curhat\', 0, NULL, \'pending\')')
 4 SYSTEMPATH\Database\BaseBuilder.php(2307): CodeIgniter\Database\BaseConnection->query('INSERT INTO `payment` (`order_id`, `nama_lengkap`, `email`, `package`, `amount`, `payment_type`, `transaction_status`) VALUES (:order_id:, :nama_lengkap:, :email:, :package:, :amount:, :payment_type:, :transaction_status:)', [...], false)
 5 SYSTEMPATH\Model.php(327): CodeIgniter\Database\BaseBuilder->insert()
 6 SYSTEMPATH\BaseModel.php(805): CodeIgniter\Model->doInsert([...])
 7 SYSTEMPATH\Model.php(749): CodeIgniter\BaseModel->insert([...], false)
 8 SYSTEMPATH\BaseModel.php(716): CodeIgniter\Model->insert([...], false)
 9 APPPATH\Controllers\Payment.php(48): CodeIgniter\BaseModel->save([...])
10 SYSTEMPATH\CodeIgniter.php(943): App\Controllers\Payment->createPayment()
11 SYSTEMPATH\CodeIgniter.php(503): CodeIgniter\CodeIgniter->runController(Object(App\Controllers\Payment))
12 SYSTEMPATH\CodeIgniter.php(361): CodeIgniter\CodeIgniter->handleRequest(null, Object(Config\Cache), false)
13 FCPATH\index.php(79): CodeIgniter\CodeIgniter->run()
ERROR - 2025-12-11 11:44:37 --> mysqli_sql_exception: Column 'payment_type' cannot be null in C:\xampp\htdocs\ci4curhatkuy-min\vendor\codeigniter4\framework\system\Database\MySQLi\Connection.php:306
Stack trace:
#0 C:\xampp\htdocs\ci4curhatkuy-min\vendor\codeigniter4\framework\system\Database\MySQLi\Connection.php(306): mysqli->query('INSERT INTO `pa...', 0)
#1 C:\xampp\htdocs\ci4curhatkuy-min\vendor\codeigniter4\framework\system\Database\BaseConnection.php(693): CodeIgniter\Database\MySQLi\Connection->execute('INSERT INTO `pa...')
#2 C:\xampp\htdocs\ci4curhatkuy-min\vendor\codeigniter4\framework\system\Database\BaseConnection.php(607): CodeIgniter\Database\BaseConnection->simpleQuery('INSERT INTO `pa...')
#3 C:\xampp\htdocs\ci4curhatkuy-min\vendor\codeigniter4\framework\system\Database\BaseBuilder.php(2307): CodeIgniter\Database\BaseConnection->query('INSERT INTO `pa...', Array, false)
#4 C:\xampp\htdocs\ci4curhatkuy-min\vendor\codeigniter4\framework\system\Model.php(327): CodeIgniter\Database\BaseBuilder->insert()
#5 C:\xampp\htdocs\ci4curhatkuy-min\vendor\codeigniter4\framework\system\BaseModel.php(805): CodeIgniter\Model->doInsert(Array)
#6 C:\xampp\htdocs\ci4curhatkuy-min\vendor\codeigniter4\framework\system\Model.php(749): CodeIgniter\BaseModel->insert(Array, false)
#7 C:\xampp\htdocs\ci4curhatkuy-min\vendor\codeigniter4\framework\system\BaseModel.php(716): CodeIgniter\Model->insert(Array, false)
#8 C:\xampp\htdocs\ci4curhatkuy-min\app\Controllers\Payment.php(48): CodeIgniter\BaseModel->save(Array)
#9 C:\xampp\htdocs\ci4curhatkuy-min\vendor\codeigniter4\framework\system\CodeIgniter.php(943): App\Controllers\Payment->createPayment()
#10 C:\xampp\htdocs\ci4curhatkuy-min\vendor\codeigniter4\framework\system\CodeIgniter.php(503): CodeIgniter\CodeIgniter->runController(Object(App\Controllers\Payment))
#11 C:\xampp\htdocs\ci4curhatkuy-min\vendor\codeigniter4\framework\system\CodeIgniter.php(361): CodeIgniter\CodeIgniter->handleRequest(NULL, Object(Config\Cache), false)
#12 C:\xampp\htdocs\ci4curhatkuy-min\public\index.php(79): CodeIgniter\CodeIgniter->run()
#13 {main}
CRITICAL - 2025-12-11 11:44:37 --> CodeIgniter\Database\Exceptions\DatabaseException: Column 'payment_type' cannot be null
in SYSTEMPATH\Database\BaseConnection.php on line 647.
 1 SYSTEMPATH\Database\BaseBuilder.php(2307): CodeIgniter\Database\BaseConnection->query('INSERT INTO `payment` (`order_id`, `nama_lengkap`, `email`, `package`, `amount`, `payment_type`, `transaction_status`) VALUES (:order_id:, :nama_lengkap:, :email:, :package:, :amount:, :payment_type:, :transaction_status:)', [...], false)
 2 SYSTEMPATH\Model.php(327): CodeIgniter\Database\BaseBuilder->insert()
 3 SYSTEMPATH\BaseModel.php(805): CodeIgniter\Model->doInsert([...])
 4 SYSTEMPATH\Model.php(749): CodeIgniter\BaseModel->insert([...], false)
 5 SYSTEMPATH\BaseModel.php(716): CodeIgniter\Model->insert([...], false)
 6 APPPATH\Controllers\Payment.php(48): CodeIgniter\BaseModel->save([...])
 7 SYSTEMPATH\CodeIgniter.php(943): App\Controllers\Payment->createPayment()
 8 SYSTEMPATH\CodeIgniter.php(503): CodeIgniter\CodeIgniter->runController(Object(App\Controllers\Payment))
 9 SYSTEMPATH\CodeIgniter.php(361): CodeIgniter\CodeIgniter->handleRequest(null, Object(Config\Cache), false)
10 FCPATH\index.php(79): CodeIgniter\CodeIgniter->run()
CRITICAL - 2025-12-11 11:44:37 --> [Caused by] CodeIgniter\Database\Exceptions\DatabaseException: Column 'payment_type' cannot be null
in SYSTEMPATH\Database\MySQLi\Connection.php on line 311.
 1 SYSTEMPATH\Database\BaseConnection.php(693): CodeIgniter\Database\MySQLi\Connection->execute('INSERT INTO `payment` (`order_id`, `nama_lengkap`, `email`, `package`, `amount`, `payment_type`, `transaction_status`) VALUES (\'693aaea53cf08\', \'Rayhan A\', \'rayhan@gmail.com\', \'Kuy Curhat\', 0, NULL, \'pending\')')
 2 SYSTEMPATH\Database\BaseConnection.php(607): CodeIgniter\Database\BaseConnection->simpleQuery('INSERT INTO `payment` (`order_id`, `nama_lengkap`, `email`, `package`, `amount`, `payment_type`, `transaction_status`) VALUES (\'693aaea53cf08\', \'Rayhan A\', \'rayhan@gmail.com\', \'Kuy Curhat\', 0, NULL, \'pending\')')
 3 SYSTEMPATH\Database\BaseBuilder.php(2307): CodeIgniter\Database\BaseConnection->query('INSERT INTO `payment` (`order_id`, `nama_lengkap`, `email`, `package`, `amount`, `payment_type`, `transaction_status`) VALUES (:order_id:, :nama_lengkap:, :email:, :package:, :amount:, :payment_type:, :transaction_status:)', [...], false)
 4 SYSTEMPATH\Model.php(327): CodeIgniter\Database\BaseBuilder->insert()
 5 SYSTEMPATH\BaseModel.php(805): CodeIgniter\Model->doInsert([...])
 6 SYSTEMPATH\Model.php(749): CodeIgniter\BaseModel->insert([...], false)
 7 SYSTEMPATH\BaseModel.php(716): CodeIgniter\Model->insert([...], false)
 8 APPPATH\Controllers\Payment.php(48): CodeIgniter\BaseModel->save([...])
 9 SYSTEMPATH\CodeIgniter.php(943): App\Controllers\Payment->createPayment()
10 SYSTEMPATH\CodeIgniter.php(503): CodeIgniter\CodeIgniter->runController(Object(App\Controllers\Payment))
11 SYSTEMPATH\CodeIgniter.php(361): CodeIgniter\CodeIgniter->handleRequest(null, Object(Config\Cache), false)
12 FCPATH\index.php(79): CodeIgniter\CodeIgniter->run()
CRITICAL - 2025-12-11 11:44:37 --> [Caused by] mysqli_sql_exception: Column 'payment_type' cannot be null
in SYSTEMPATH\Database\MySQLi\Connection.php on line 306.
 1 SYSTEMPATH\Database\MySQLi\Connection.php(306): mysqli->query('INSERT INTO `payment` (`order_id`, `nama_lengkap`, `email`, `package`, `amount`, `payment_type`, `transaction_status`) VALUES (\'693aaea53cf08\', \'Rayhan A\', \'rayhan@gmail.com\', \'Kuy Curhat\', 0, NULL, \'pending\')', 0)
 2 SYSTEMPATH\Database\BaseConnection.php(693): CodeIgniter\Database\MySQLi\Connection->execute('INSERT INTO `payment` (`order_id`, `nama_lengkap`, `email`, `package`, `amount`, `payment_type`, `transaction_status`) VALUES (\'693aaea53cf08\', \'Rayhan A\', \'rayhan@gmail.com\', \'Kuy Curhat\', 0, NULL, \'pending\')')
 3 SYSTEMPATH\Database\BaseConnection.php(607): CodeIgniter\Database\BaseConnection->simpleQuery('INSERT INTO `payment` (`order_id`, `nama_lengkap`, `email`, `package`, `amount`, `payment_type`, `transaction_status`) VALUES (\'693aaea53cf08\', \'Rayhan A\', \'rayhan@gmail.com\', \'Kuy Curhat\', 0, NULL, \'pending\')')
 4 SYSTEMPATH\Database\BaseBuilder.php(2307): CodeIgniter\Database\BaseConnection->query('INSERT INTO `payment` (`order_id`, `nama_lengkap`, `email`, `package`, `amount`, `payment_type`, `transaction_status`) VALUES (:order_id:, :nama_lengkap:, :email:, :package:, :amount:, :payment_type:, :transaction_status:)', [...], false)
 5 SYSTEMPATH\Model.php(327): CodeIgniter\Database\BaseBuilder->insert()
 6 SYSTEMPATH\BaseModel.php(805): CodeIgniter\Model->doInsert([...])
 7 SYSTEMPATH\Model.php(749): CodeIgniter\BaseModel->insert([...], false)
 8 SYSTEMPATH\BaseModel.php(716): CodeIgniter\Model->insert([...], false)
 9 APPPATH\Controllers\Payment.php(48): CodeIgniter\BaseModel->save([...])
10 SYSTEMPATH\CodeIgniter.php(943): App\Controllers\Payment->createPayment()
11 SYSTEMPATH\CodeIgniter.php(503): CodeIgniter\CodeIgniter->runController(Object(App\Controllers\Payment))
12 SYSTEMPATH\CodeIgniter.php(361): CodeIgniter\CodeIgniter->handleRequest(null, Object(Config\Cache), false)
13 FCPATH\index.php(79): CodeIgniter\CodeIgniter->run()
